info: Microsoft.AspNetCore.DataProtection.KeyManagement.XmlKeyManager[63] User profile is available. Using 'C:\Users\mooha\AppData\Local\ASP.NET\DataProtection-Keys' as key repository and Windows DPAPI to encrypt keys at rest.
info: Microsoft.EntityFrameworkCore.Migrations[20411] Acquiring an exclusive lock for migration application. See https://aka.ms/efcore-docs-migrations-lock for more information if this takes too long.
info: Microsoft.EntityFrameworkCore.Database.Command[20101] Executed DbCommand (16ms) [Parameters=[], CommandType='Text', CommandTimeout='30'] SELECT COUNT(*) FROM "sqlite_master" WHERE "name" = '__EFMigrationsLock' AND "type" = 'table';
info: Microsoft.EntityFrameworkCore.Database.Command[20101] Executed DbCommand (6ms) [Parameters=[], CommandType='Text', CommandTimeout='30'] INSERT OR IGNORE INTO "__EFMigrationsLock"("Id", "Timestamp") VALUES(1, '2026-09-04 17:21:23.1110734+00:00'); SELECT changes();
info: Microsoft.EntityFrameworkCore.Database.Command[20101] Executed DbCommand (1ms) [Parameters=[], CommandType='Text', CommandTimeout='30'] CREATE TABLE IF NOT EXISTS "__EFMigrationsHistory" (     "MigrationId" TEXT NOT NULL CONSTRAINT "PK___EFMigrationsHistory" PRIMARY KEY,     "ProductVersion" TEXT NOT NULL );
info: Microsoft.EntityFrameworkCore.Database.Command[20101] Executed DbCommand (0ms) [Parameters=[], CommandType='Text', CommandTimeout='30'] SELECT COUNT(*) FROM "sqlite_master" WHERE "name" = '__EFMigrationsHistory' AND "type" = 'table';
info: Microsoft.EntityFrameworkCore.Database.Command[20101] Executed DbCommand (1ms) [Parameters=[], CommandType='Text', CommandTimeout='30'] SELECT "MigrationId", "ProductVersion" FROM "__EFMigrationsHistory" ORDER BY "MigrationId";
info: Microsoft.EntityFrameworkCore.Migrations[20405] No migrations were applied. The database is already up to date.
info: Microsoft.EntityFrameworkCore.Database.Command[20101] Executed DbCommand (2ms) [Parameters=[], CommandType='Text', CommandTimeout='30'] DELETE FROM "__EFMigrationsLock";
info: Microsoft.EntityFrameworkCore.Database.Command[20101] Executed DbCommand (0ms) [Parameters=[], CommandType='Text', CommandTimeout='30'] SELECT EXISTS (     SELECT 1     FROM "number_sequences" AS "n"     WHERE "n"."sequence_key" = 'member_run_no')
info: Microsoft.EntityFrameworkCore.Database.Command[20101] Executed DbCommand (0ms) [Parameters=[], CommandType='Text', CommandTimeout='30'] SELECT EXISTS (     SELECT 1     FROM "number_sequences" AS "n"     WHERE "n"."sequence_key" = 'death_case_no')
info: Microsoft.EntityFrameworkCore.Database.Command[20101] Executed DbCommand (0ms) [Parameters=[], CommandType='Text', CommandTimeout='30'] SELECT EXISTS (     SELECT 1     FROM "number_sequences" AS "n"     WHERE "n"."sequence_key" = 'reset_no')
info: Microsoft.EntityFrameworkCore.Database.Command[20101] Executed DbCommand (4ms) [Parameters=[], CommandType='Text', CommandTimeout='30'] SELECT "s"."id", "s"."coverage_wait_days", "s"."death_warning_threshold", "s"."registration_fee_satang", "s"."reset_target_units", "s"."service_fee_basis_points", "s"."service_fee_rounding_mode", "s"."settings_revision", "s"."special_nonpay_window_days", "s"."updated_at_utc", "s"."updated_by", "s"."welfare_per_member_satang" FROM "system_settings" AS "s" LIMIT 2
info: Microsoft.EntityFrameworkCore.Database.Command[20101] Executed DbCommand (0ms) [Parameters=[], CommandType='Text', CommandTimeout='30'] SELECT "m"."id", "m"."advance_units_balance", "m"."application_date", "m"."approval_date", "m"."archive_reason", "m"."archived_at_utc", "m"."archived_by", "m"."birth_date", "m"."coverage_start_date", "m"."created_at_utc", "m"."created_by", "m"."district", "m"."first_name", "m"."gender", "m"."group_no", "m"."house_no", "m"."last_name", "m"."mobile", "m"."moo", "m"."personal_id_card", "m"."postal_code", "m"."province", "m"."run_no", "m"."status", "m"."subdistrict", "m"."title", "m"."under", "m"."updated_at_utc", "m"."updated_by", "m"."version" FROM "members" AS "m"
info: Microsoft.EntityFrameworkCore.Database.Command[20101] Executed DbCommand (1ms) [Parameters=[], CommandType='Text', CommandTimeout='30'] SELECT "a"."id", "a"."confirmed_at_utc", "a"."confirmed_by", "a"."deaths_since_previous_reset", "a"."idempotency_key", "a"."note", "a"."previous_reset_id", "a"."reset_no", "a"."target_units", "a"."trigger_type" FROM "advance_reset_batches" AS "a"
info: Microsoft.EntityFrameworkCore.Database.Command[20101] Executed DbCommand (0ms) [Parameters=[], CommandType='Text', CommandTimeout='30'] SELECT "d"."confirmed_at_utc" FROM "death_cases" AS "d" WHERE "d"."record_state" = 'confirmed'
info: Microsoft.EntityFrameworkCore.Database.Command[20101] Executed DbCommand (0ms) [Parameters=[], CommandType='Text', CommandTimeout='30'] SELECT "s"."id", "s"."coverage_wait_days", "s"."death_warning_threshold", "s"."registration_fee_satang", "s"."reset_target_units", "s"."service_fee_basis_points", "s"."service_fee_rounding_mode", "s"."settings_revision", "s"."special_nonpay_window_days", "s"."updated_at_utc", "s"."updated_by", "s"."welfare_per_member_satang" FROM "system_settings" AS "s" LIMIT 2
info: Microsoft.Hosting.Lifetime[14] Now listening on: http://127.0.0.1:5198
info: Microsoft.Hosting.Lifetime[0] Application started. Press Ctrl+C to shut down.
info: Microsoft.Hosting.Lifetime[0] Hosting environment: Production
info: Microsoft.Hosting.Lifetime[0] Content root path: D:\Programing\Personal Projects\Chapanakit-Care\tmp\report-browser
info: Microsoft.AspNetCore.Hosting.Diagnostics[1] Request starting HTTP/1.1 GET http://127.0.0.1:5198/Reports - - -
info: Microsoft.AspNetCore.Routing.EndpointMiddleware[0] Executing endpoint '/Reports/Index'
info: Microsoft.AspNetCore.Mvc.RazorPages.Infrastructure.PageActionInvoker[103] Route matched with {page = "/Reports/Index"}. Executing page /Reports/Index
info: Microsoft.AspNetCore.Mvc.RazorPages.Infrastructure.PageActionInvoker[105] Executing handler method ChapanakitCare.Web.Pages.Reports.IndexModel.OnGetAsync - ModelState is Valid
info: Microsoft.EntityFrameworkCore.Database.Command[20101] Executed DbCommand (0ms) [Parameters=[], CommandType='Text', CommandTimeout='30'] SELECT MAX("m"."application_date") FROM "members" AS "m" WHERE "m"."archived_at_utc" IS NULL
info: Microsoft.EntityFrameworkCore.Database.Command[20101] Executed DbCommand (0ms) [Parameters=[], CommandType='Text', CommandTimeout='30'] SELECT "m0"."group_no" FROM (     SELECT DISTINCT "m"."group_no"     FROM "members" AS "m"     WHERE "m"."archived_at_utc" IS NULL AND "m"."group_no" IS NOT NULL AND "m"."group_no" <> '' ) AS "m0" ORDER BY "m0"."group_no"
info: Microsoft.EntityFrameworkCore.Database.Command[20101] Executed DbCommand (0ms) [Parameters=[], CommandType='Text', CommandTimeout='30'] SELECT "c"."group_no" AS "GroupNo", "m"."id", "m"."advance_units_balance", "m"."application_date", "m"."approval_date", "m"."archive_reason", "m"."archived_at_utc", "m"."archived_by", "m"."birth_date", "m"."coverage_start_date", "m"."created_at_utc", "m"."created_by", "m"."district", "m"."first_name", "m"."gender", "m"."group_no", "m"."house_no", "m"."last_name", "m"."mobile", "m"."moo", "m"."personal_id_card", "m"."postal_code", "m"."province", "m"."run_no", "m"."status", "m"."subdistrict", "m"."title", "m"."under", "m"."updated_at_utc", "m"."updated_by", "m"."version" FROM "coordinator_positions" AS "c" INNER JOIN "members" AS "m" ON "c"."member_id" = "m"."id" WHERE "c"."role_code" = 'group_leader' AND ("c"."group_no" = "m"."group_no" OR ("c"."group_no" IS NULL AND "m"."group_no" IS NULL)) AND "m"."archived_at_utc" IS NULL AND "m"."status" = 'normal'
info: Microsoft.AspNetCore.Mvc.RazorPages.Infrastructure.PageActionInvoker[108] Executed handler method OnGetAsync, returned result .
info: Microsoft.AspNetCore.Mvc.RazorPages.Infrastructure.PageActionInvoker[107] Executing an implicit handler method - ModelState is Valid
info: Microsoft.AspNetCore.Mvc.RazorPages.Infrastructure.PageActionInvoker[109] Executed an implicit handler method, returned result Microsoft.AspNetCore.Mvc.RazorPages.PageResult.
info: Microsoft.AspNetCore.Mvc.RazorPages.Infrastructure.PageActionInvoker[104] Executed page /Reports/Index in 223.8478ms
info: Microsoft.AspNetCore.Routing.EndpointMiddleware[1] Executed endpoint '/Reports/Index'
info: Microsoft.AspNetCore.Hosting.Diagnostics[2] Request finished HTTP/1.1 GET http://127.0.0.1:5198/Reports - 200 - text/html;+charset=utf-8 280.4564ms
info: Microsoft.AspNetCore.Hosting.Diagnostics[1] Request starting HTTP/1.1 GET http://127.0.0.1:5198/Reports?handler=AllMembers - - -
info: Microsoft.AspNetCore.Routing.EndpointMiddleware[0] Executing endpoint '/Reports/Index'
info: Microsoft.AspNetCore.Mvc.RazorPages.Infrastructure.PageActionInvoker[103] Route matched with {page = "/Reports/Index"}. Executing page /Reports/Index
info: Microsoft.AspNetCore.Mvc.RazorPages.Infrastructure.PageActionInvoker[105] Executing handler method ChapanakitCare.Web.Pages.Reports.IndexModel.OnGetAllMembersAsync - ModelState is Valid
info: Microsoft.EntityFrameworkCore.Database.Command[20101] Executed DbCommand (0ms) [Parameters=[], CommandType='Text', CommandTimeout='30'] SELECT "m"."id", "m"."advance_units_balance", "m"."application_date", "m"."approval_date", "m"."archive_reason", "m"."archived_at_utc", "m"."archived_by", "m"."birth_date", "m"."coverage_start_date", "m"."created_at_utc", "m"."created_by", "m"."district", "m"."first_name", "m"."gender", "m"."group_no", "m"."house_no", "m"."last_name", "m"."mobile", "m"."moo", "m"."personal_id_card", "m"."postal_code", "m"."province", "m"."run_no", "m"."status", "m"."subdistrict", "m"."title", "m"."under", "m"."updated_at_utc", "m"."updated_by", "m"."version" FROM "members" AS "m" WHERE "m"."archived_at_utc" IS NULL ORDER BY "m"."run_no"
info: Microsoft.EntityFrameworkCore.Database.Command[20101] Executed DbCommand (3ms) [Parameters=[@ids1='?' (DbType = Guid), @ids2='?' (DbType = Guid), @ids3='?' (DbType = Guid), @ids4='?' (DbType = Guid), @ids5='?' (DbType = Guid), @ids6='?' (DbType = Guid), @ids7='?' (DbType = Guid), @ids8='?' (DbType = Guid), @ids9='?' (DbType = Guid), @ids10='?' (DbType = Guid), @ids11='?' (DbType = Guid), @ids12='?' (DbType = Guid), @ids13='?' (DbType = Guid), @ids14='?' (DbType = Guid), @ids15='?' (DbType = Guid), @ids16='?' (DbType = Guid), @ids17='?' (DbType = Guid), @ids18='?' (DbType = Guid), @ids19='?' (DbType = Guid), @ids20='?' (DbType = Guid), @ids21='?' (DbType = Guid), @ids22='?' (DbType = Guid), @ids23='?' (DbType = Guid), @ids24='?' (DbType = Guid), @ids25='?' (DbType = Guid), @ids26='?' (DbType = Guid), @ids27='?' (DbType = Guid), @ids28='?' (DbType = Guid), @ids29='?' (DbType = Guid), @ids30='?' (DbType = Guid), @ids31='?' (DbType = Guid), @ids32='?' (DbType = Guid), @ids33='?' (DbType = Guid), @ids34='?' (DbType = Guid), @ids35='?' (DbType = Guid), @ids36='?' (DbType = Guid), @ids37='?' (DbType = Guid), @ids38='?' (DbType = Guid), @ids39='?' (DbType = Guid), @ids40='?' (DbType = Guid)], CommandType='Text', CommandTimeout='30'] SELECT "m"."id", "m"."archive_reason", "m"."archived_at_utc", "m"."archived_by", "m"."created_at_utc", "m"."created_by", "m"."district", "m"."first_name", "m"."house_no", "m"."is_active", "m"."last_name", "m"."member_id", "m"."mobile", "m"."moo", "m"."personal_id_card", "m"."postal_code", "m"."province", "m"."relationship", "m"."slot_no", "m"."subdistrict", "m"."title", "m"."under", "m"."updated_at_utc", "m"."updated_by", "m"."version" FROM "member_beneficiaries" AS "m" WHERE "m"."member_id" IN (@ids1, @ids2, @ids3, @ids4, @ids5, @ids6, @ids7, @ids8, @ids9, @ids10, @ids11, @ids12, @ids13, @ids14, @ids15, @ids16, @ids17, @ids18, @ids19, @ids20, @ids21, @ids22, @ids23, @ids24, @ids25, @ids26, @ids27, @ids28, @ids29, @ids30, @ids31, @ids32, @ids33, @ids34, @ids35, @ids36, @ids37, @ids38, @ids39, @ids40) AND "m"."is_active" ORDER BY "m"."slot_no"
info: Microsoft.AspNetCore.Mvc.RazorPages.Infrastructure.PageActionInvoker[108] Executed handler method OnGetAllMembersAsync, returned result Microsoft.AspNetCore.Mvc.FileContentResult.
info: Microsoft.AspNetCore.Mvc.Infrastructure.FileContentResultExecutor[2] Executing FileContentResult, sending file with download name 'all-members.pdf' ...
info: Microsoft.AspNetCore.Mvc.RazorPages.Infrastructure.PageActionInvoker[104] Executed page /Reports/Index in 467.9918ms
info: Microsoft.AspNetCore.Routing.EndpointMiddleware[1] Executed endpoint '/Reports/Index'
info: Microsoft.AspNetCore.Hosting.Diagnostics[2] Request finished HTTP/1.1 GET http://127.0.0.1:5198/Reports?handler=AllMembers - 200 48455 application/pdf 470.1932ms
info: Microsoft.AspNetCore.Hosting.Diagnostics[1] Request starting HTTP/1.1 GET http://127.0.0.1:5198/Reports?handler=MemberByManager&groupNo=0101 - - -
info: Microsoft.AspNetCore.Routing.EndpointMiddleware[0] Executing endpoint '/Reports/Index'
info: Microsoft.AspNetCore.Mvc.RazorPages.Infrastructure.PageActionInvoker[103] Route matched with {page = "/Reports/Index"}. Executing page /Reports/Index
info: Microsoft.AspNetCore.Mvc.RazorPages.Infrastructure.PageActionInvoker[105] Executing handler method ChapanakitCare.Web.Pages.Reports.IndexModel.OnGetMemberByManagerAsync - ModelState is Valid
info: Microsoft.EntityFrameworkCore.Database.Command[20101] Executed DbCommand (0ms) [Parameters=[@groupNo='?' (Size = 4)], CommandType='Text', CommandTimeout='30'] SELECT "m"."id", "m"."advance_units_balance", "m"."application_date", "m"."approval_date", "m"."archive_reason", "m"."archived_at_utc", "m"."archived_by", "m"."birth_date", "m"."coverage_start_date", "m"."created_at_utc", "m"."created_by", "m"."district", "m"."first_name", "m"."gender", "m"."group_no", "m"."house_no", "m"."last_name", "m"."mobile", "m"."moo", "m"."personal_id_card", "m"."postal_code", "m"."province", "m"."run_no", "m"."status", "m"."subdistrict", "m"."title", "m"."under", "m"."updated_at_utc", "m"."updated_by", "m"."version" FROM "members" AS "m" WHERE "m"."archived_at_utc" IS NULL AND "m"."group_no" = @groupNo ORDER BY "m"."run_no"
info: Microsoft.EntityFrameworkCore.Database.Command[20101] Executed DbCommand (0ms) [Parameters=[@ids1='?' (DbType = Guid), @ids2='?' (DbType = Guid)], CommandType='Text', CommandTimeout='30'] SELECT "m"."id", "m"."archive_reason", "m"."archived_at_utc", "m"."archived_by", "m"."created_at_utc", "m"."created_by", "m"."district", "m"."first_name", "m"."house_no", "m"."is_active", "m"."last_name", "m"."member_id", "m"."mobile", "m"."moo", "m"."personal_id_card", "m"."postal_code", "m"."province", "m"."relationship", "m"."slot_no", "m"."subdistrict", "m"."title", "m"."under", "m"."updated_at_utc", "m"."updated_by", "m"."version" FROM "member_beneficiaries" AS "m" WHERE "m"."member_id" IN (@ids1, @ids2) AND "m"."is_active" ORDER BY "m"."slot_no"
info: Microsoft.EntityFrameworkCore.Database.Command[20101] Executed DbCommand (0ms) [Parameters=[], CommandType='Text', CommandTimeout='30'] SELECT "m0"."group_no" FROM (     SELECT DISTINCT "m"."group_no"     FROM "members" AS "m"     WHERE "m"."archived_at_utc" IS NULL AND "m"."group_no" IS NOT NULL AND "m"."group_no" <> '' ) AS "m0" ORDER BY "m0"."group_no"
info: Microsoft.EntityFrameworkCore.Database.Command[20101] Executed DbCommand (0ms) [Parameters=[], CommandType='Text', CommandTimeout='30'] SELECT "c"."group_no" AS "GroupNo", "m"."id", "m"."advance_units_balance", "m"."application_date", "m"."approval_date", "m"."archive_reason", "m"."archived_at_utc", "m"."archived_by", "m"."birth_date", "m"."coverage_start_date", "m"."created_at_utc", "m"."created_by", "m"."district", "m"."first_name", "m"."gender", "m"."group_no", "m"."house_no", "m"."last_name", "m"."mobile", "m"."moo", "m"."personal_id_card", "m"."postal_code", "m"."province", "m"."run_no", "m"."status", "m"."subdistrict", "m"."title", "m"."under", "m"."updated_at_utc", "m"."updated_by", "m"."version" FROM "coordinator_positions" AS "c" INNER JOIN "members" AS "m" ON "c"."member_id" = "m"."id" WHERE "c"."role_code" = 'group_leader' AND ("c"."group_no" = "m"."group_no" OR ("c"."group_no" IS NULL AND "m"."group_no" IS NULL)) AND "m"."archived_at_utc" IS NULL AND "m"."status" = 'normal'
info: Microsoft.AspNetCore.Mvc.RazorPages.Infrastructure.PageActionInvoker[108] Executed handler method OnGetMemberByManagerAsync, returned result Microsoft.AspNetCore.Mvc.FileContentResult.
info: Microsoft.AspNetCore.Mvc.Infrastructure.FileContentResultExecutor[2] Executing FileContentResult, sending file with download name 'members-group-0101.pdf' ...
info: Microsoft.AspNetCore.Mvc.RazorPages.Infrastructure.PageActionInvoker[104] Executed page /Reports/Index in 28.0057ms
info: Microsoft.AspNetCore.Routing.EndpointMiddleware[1] Executed endpoint '/Reports/Index'
info: Microsoft.AspNetCore.Hosting.Diagnostics[2] Request finished HTTP/1.1 GET http://127.0.0.1:5198/Reports?handler=MemberByManager&groupNo=0101 - 200 31543 application/pdf 29.0967ms
info: Microsoft.AspNetCore.Hosting.Diagnostics[1] Request starting HTTP/1.1 GET http://127.0.0.1:5198/Reports?handler=Monthly&month=2025-06 - - -
info: Microsoft.AspNetCore.Routing.EndpointMiddleware[0] Executing endpoint '/Reports/Index'
info: Microsoft.AspNetCore.Mvc.RazorPages.Infrastructure.PageActionInvoker[103] Route matched with {page = "/Reports/Index"}. Executing page /Reports/Index
info: Microsoft.AspNetCore.Mvc.RazorPages.Infrastructure.PageActionInvoker[105] Executing handler method ChapanakitCare.Web.Pages.Reports.IndexModel.OnGetMonthlyAsync - ModelState is Valid
info: Microsoft.EntityFrameworkCore.Database.Command[20101] Executed DbCommand (0ms) [Parameters=[@period_To='?' (DbType = Date)], CommandType='Text', CommandTimeout='30'] SELECT "m"."id" AS "Id", "m"."application_date" AS "ApplicationDate" FROM "members" AS "m" WHERE "m"."archived_at_utc" IS NULL AND "m"."application_date" <= @period_To
info: Microsoft.EntityFrameworkCore.Database.Command[20101] Executed DbCommand (0ms) [Parameters=[@through='?' (DbType = Date)], CommandType='Text', CommandTimeout='30'] SELECT "m"."member_id", "m"."effective_date", "m"."to_status" FROM "member_status_events" AS "m" WHERE "m"."effective_date" <= @through AND "m"."to_status" IN ('resigned', 'deceased', 'expelled')
info: Microsoft.EntityFrameworkCore.Database.Command[20101] Executed DbCommand (0ms) [Parameters=[@through='?' (DbType = Date)], CommandType='Text', CommandTimeout='30'] SELECT "d"."member_id", "d"."recorded_business_date" FROM "death_cases" AS "d" WHERE "d"."record_state" = 'confirmed' AND "d"."recorded_business_date" <= @through
info: Microsoft.EntityFrameworkCore.Database.Command[20101] Executed DbCommand (0ms) [Parameters=[@period_From='?' (DbType = Date), @period_To='?' (DbType = Date)], CommandType='Text', CommandTimeout='30'] SELECT "m"."id", "m"."advance_units_balance", "m"."application_date", "m"."approval_date", "m"."archive_reason", "m"."archived_at_utc", "m"."archived_by", "m"."birth_date", "m"."coverage_start_date", "m"."created_at_utc", "m"."created_by", "m"."district", "m"."first_name", "m"."gender", "m"."group_no", "m"."house_no", "m"."last_name", "m"."mobile", "m"."moo", "m"."personal_id_card", "m"."postal_code", "m"."province", "m"."run_no", "m"."status", "m"."subdistrict", "m"."title", "m"."under", "m"."updated_at_utc", "m"."updated_by", "m"."version" FROM "members" AS "m" WHERE "m"."archived_at_utc" IS NULL AND "m"."application_date" >= @period_From AND "m"."application_date" <= @period_To ORDER BY "m"."run_no"
info: Microsoft.EntityFrameworkCore.Database.Command[20101] Executed DbCommand (0ms) [Parameters=[@ids1='?' (DbType = Guid), @ids2='?' (DbType = Guid), @ids3='?' (DbType = Guid), @ids4='?' (DbType = Guid)], CommandType='Text', CommandTimeout='30'] SELECT "m"."id", "m"."archive_reason", "m"."archived_at_utc", "m"."archived_by", "m"."created_at_utc", "m"."created_by", "m"."district", "m"."first_name", "m"."house_no", "m"."is_active", "m"."last_name", "m"."member_id", "m"."mobile", "m"."moo", "m"."personal_id_card", "m"."postal_code", "m"."province", "m"."relationship", "m"."slot_no", "m"."subdistrict", "m"."title", "m"."under", "m"."updated_at_utc", "m"."updated_by", "m"."version" FROM "member_beneficiaries" AS "m" WHERE "m"."member_id" IN (@ids1, @ids2, @ids3, @ids4) AND "m"."is_active" ORDER BY "m"."slot_no"
info: Microsoft.AspNetCore.Mvc.RazorPages.Infrastructure.PageActionInvoker[108] Executed handler method OnGetMonthlyAsync, returned result Microsoft.AspNetCore.Mvc.FileContentResult.
info: Microsoft.AspNetCore.Mvc.Infrastructure.FileContentResultExecutor[2] Executing FileContentResult, sending file with download name 'monthly-members-25680601-25680630.pdf' ...
info: Microsoft.AspNetCore.Mvc.RazorPages.Infrastructure.PageActionInvoker[104] Executed page /Reports/Index in 58.5582ms
info: Microsoft.AspNetCore.Routing.EndpointMiddleware[1] Executed endpoint '/Reports/Index'
info: Microsoft.AspNetCore.Hosting.Diagnostics[2] Request finished HTTP/1.1 GET http://127.0.0.1:5198/Reports?handler=Monthly&month=2025-06 - 200 34869 application/pdf 58.8705ms
info: Microsoft.AspNetCore.Hosting.Diagnostics[1] Request starting HTTP/1.1 GET http://127.0.0.1:5198/Reports?handler=SakOne&month=2025-06 - - -
info: Microsoft.AspNetCore.Routing.EndpointMiddleware[0] Executing endpoint '/Reports/Index'
info: Microsoft.AspNetCore.Mvc.RazorPages.Infrastructure.PageActionInvoker[103] Route matched with {page = "/Reports/Index"}. Executing page /Reports/Index
info: Microsoft.AspNetCore.Mvc.RazorPages.Infrastructure.PageActionInvoker[105] Executing handler method ChapanakitCare.Web.Pages.Reports.IndexModel.OnGetSakOneAsync - ModelState is Valid
info: Microsoft.EntityFrameworkCore.Database.Command[20101] Executed DbCommand (0ms) [Parameters=[@period_From='?' (DbType = Date), @period_To='?' (DbType = Date)], CommandType='Text', CommandTimeout='30'] SELECT "m"."id", "m"."advance_units_balance", "m"."application_date", "m"."approval_date", "m"."archive_reason", "m"."archived_at_utc", "m"."archived_by", "m"."birth_date", "m"."coverage_start_date", "m"."created_at_utc", "m"."created_by", "m"."district", "m"."first_name", "m"."gender", "m"."group_no", "m"."house_no", "m"."last_name", "m"."mobile", "m"."moo", "m"."personal_id_card", "m"."postal_code", "m"."province", "m"."run_no", "m"."status", "m"."subdistrict", "m"."title", "m"."under", "m"."updated_at_utc", "m"."updated_by", "m"."version" FROM "members" AS "m" WHERE "m"."archived_at_utc" IS NULL AND "m"."application_date" >= @period_From AND "m"."application_date" <= @period_To ORDER BY "m"."run_no"
info: Microsoft.EntityFrameworkCore.Database.Command[20101] Executed DbCommand (0ms) [Parameters=[@ids1='?' (DbType = Guid), @ids2='?' (DbType = Guid), @ids3='?' (DbType = Guid), @ids4='?' (DbType = Guid)], CommandType='Text', CommandTimeout='30'] SELECT "m"."id", "m"."archive_reason", "m"."archived_at_utc", "m"."archived_by", "m"."created_at_utc", "m"."created_by", "m"."district", "m"."first_name", "m"."house_no", "m"."is_active", "m"."last_name", "m"."member_id", "m"."mobile", "m"."moo", "m"."personal_id_card", "m"."postal_code", "m"."province", "m"."relationship", "m"."slot_no", "m"."subdistrict", "m"."title", "m"."under", "m"."updated_at_utc", "m"."updated_by", "m"."version" FROM "member_beneficiaries" AS "m" WHERE "m"."member_id" IN (@ids1, @ids2, @ids3, @ids4) AND "m"."is_active" ORDER BY "m"."slot_no"
info: Microsoft.EntityFrameworkCore.Database.Command[20101] Executed DbCommand (0ms) [Parameters=[@through='?' (DbType = Date)], CommandType='Text', CommandTimeout='30'] SELECT "m"."member_id", "m"."effective_date", "m"."to_status" FROM "member_status_events" AS "m" WHERE "m"."effective_date" <= @through AND "m"."to_status" IN ('resigned', 'deceased', 'expelled')
info: Microsoft.EntityFrameworkCore.Database.Command[20101] Executed DbCommand (0ms) [Parameters=[@through='?' (DbType = Date)], CommandType='Text', CommandTimeout='30'] SELECT "d"."member_id", "d"."recorded_business_date" FROM "death_cases" AS "d" WHERE "d"."record_state" = 'confirmed' AND "d"."recorded_business_date" <= @through
info: Microsoft.AspNetCore.Mvc.RazorPages.Infrastructure.PageActionInvoker[108] Executed handler method OnGetSakOneAsync, returned result Microsoft.AspNetCore.Mvc.FileContentResult.
info: Microsoft.AspNetCore.Mvc.Infrastructure.FileContentResultExecutor[2] Executing FileContentResult, sending file with download name 'sak-one-25680601-25680630.pdf' ...
info: Microsoft.AspNetCore.Mvc.RazorPages.Infrastructure.PageActionInvoker[104] Executed page /Reports/Index in 15.8182ms
info: Microsoft.AspNetCore.Routing.EndpointMiddleware[1] Executed endpoint '/Reports/Index'
info: Microsoft.AspNetCore.Hosting.Diagnostics[2] Request finished HTTP/1.1 GET http://127.0.0.1:5198/Reports?handler=SakOne&month=2025-06 - 200 36351 application/pdf 16.0838ms
