  ChapanakitCare.Domain -> D:\Programing\Personal Projects\Chapanakit-Care\src\ChapanakitCare.Domain\bin\Debug\net10.0\ChapanakitCare.Domain.dll
  ChapanakitCare.Infrastructure -> D:\Programing\Personal Projects\Chapanakit-Care\src\ChapanakitCare.Infrastructure\bin\Debug\net10.0\ChapanakitCare.Infrastructure.dll
  ChapanakitCare.Web -> D:\Programing\Personal Projects\Chapanakit-Care\src\ChapanakitCare.Web\bin\Debug\net10.0\ChapanakitCare.dll
  ChapanakitCare.Domain.Tests -> D:\Programing\Personal Projects\Chapanakit-Care\tests\ChapanakitCare.Domain.Tests\bin\Debug\net10.0\ChapanakitCare.Domain.Tests.dll
Test run for D:\Programing\Personal Projects\Chapanakit-Care\tests\ChapanakitCare.Domain.Tests\bin\Debug\net10.0\ChapanakitCare.Domain.Tests.dll (.NETCoreApp,Version=v10.0)
A total of 1 test files matched the specified pattern.
[xUnit.net 00:00:00.00] xUnit.net VSTest Adapter v3.1.4+50e68bbb8b (64-bit .NET 10.0.10)
[xUnit.net 00:00:00.19]   Discovering: ChapanakitCare.Domain.Tests
[xUnit.net 00:00:00.28]   Discovered:  ChapanakitCare.Domain.Tests
[xUnit.net 00:00:00.31]   Starting:    ChapanakitCare.Domain.Tests
[xUnit.net 00:00:02.25]     ChapanakitCare.Domain.Tests.AccountingAdjustmentTests.Reclassification_form_posts_the_selected_document_and_categories [FAIL]
[xUnit.net 00:00:02.25]       Assert.IsType() Failure: Value is not the exact type
[xUnit.net 00:00:02.25]       Expected: typeof(Microsoft.AspNetCore.Mvc.RedirectToPageResult)
[xUnit.net 00:00:02.25]       Actual:   typeof(Microsoft.AspNetCore.Mvc.RazorPages.PageResult)
[xUnit.net 00:00:02.25]       Stack Trace:
[xUnit.net 00:00:02.25]         D:\Programing\Personal Projects\Chapanakit-Care\tests\ChapanakitCare.Domain.Tests\AccountingAdjustmentTests.cs(20,0): at ChapanakitCare.Domain.Tests.AccountingAdjustmentTests.Reclassification_form_posts_the_selected_document_and_categories()
[xUnit.net 00:00:02.25]         D:\Programing\Personal Projects\Chapanakit-Care\tests\ChapanakitCare.Domain.Tests\AccountingAdjustmentTests.cs(22,0): at ChapanakitCare.Domain.Tests.AccountingAdjustmentTests.Reclassification_form_posts_the_selected_document_and_categories()
[xUnit.net 00:00:02.25]         --- End of stack trace from previous location ---
[xUnit.net 00:00:02.44]     ChapanakitCare.Domain.Tests.AccountingAdjustmentTests.Expense_reclassification_corrects_an_older_document_without_changing_cash_or_total_expense [FAIL]
[xUnit.net 00:00:02.44]       System.NotImplementedException : The method or operation is not implemented.
[xUnit.net 00:00:02.44]       Stack Trace:
[xUnit.net 00:00:02.44]         D:\Programing\Personal Projects\Chapanakit-Care\src\ChapanakitCare.Infrastructure\AccountingOperations\FinanceOperationService.Adjustments.cs(6,0): at ChapanakitCare.Infrastructure.AccountingOperations.FinanceOperationService.ReclassifyExpenseAsync(ReclassifyExpense command, DateTimeOffset now, String actor, CancellationToken ct)
[xUnit.net 00:00:02.44]         D:\Programing\Personal Projects\Chapanakit-Care\tests\ChapanakitCare.Domain.Tests\AccountingAdjustmentTests.cs(35,0): at ChapanakitCare.Domain.Tests.AccountingAdjustmentTests.Expense_reclassification_corrects_an_older_document_without_changing_cash_or_total_expense()
[xUnit.net 00:00:02.44]         D:\Programing\Personal Projects\Chapanakit-Care\tests\ChapanakitCare.Domain.Tests\AccountingAdjustmentTests.cs(45,0): at ChapanakitCare.Domain.Tests.AccountingAdjustmentTests.Expense_reclassification_corrects_an_older_document_without_changing_cash_or_total_expense()
[xUnit.net 00:00:02.44]         --- End of stack trace from previous location ---
  Failed ChapanakitCare.Domain.Tests.AccountingAdjustmentTests.Reclassification_form_posts_the_selected_document_and_categories [1 s]
  Error Message:
   Assert.IsType() Failure: Value is not the exact type
Expected: typeof(Microsoft.AspNetCore.Mvc.RedirectToPageResult)
Actual:   typeof(Microsoft.AspNetCore.Mvc.RazorPages.PageResult)
  Stack Trace:
     at ChapanakitCare.Domain.Tests.AccountingAdjustmentTests.Reclassification_form_posts_the_selected_document_and_categories() in D:\Programing\Personal Projects\Chapanakit-Care\tests\ChapanakitCare.Domain.Tests\AccountingAdjustmentTests.cs:line 20
   at ChapanakitCare.Domain.Tests.AccountingAdjustmentTests.Reclassification_form_posts_the_selected_document_and_categories() in D:\Programing\Personal Projects\Chapanakit-Care\tests\ChapanakitCare.Domain.Tests\AccountingAdjustmentTests.cs:line 22
--- End of stack trace from previous location ---
  Failed ChapanakitCare.Domain.Tests.AccountingAdjustmentTests.Expense_reclassification_corrects_an_older_document_without_changing_cash_or_total_expense [184 ms]
  Error Message:
   System.NotImplementedException : The method or operation is not implemented.
  Stack Trace:
     at ChapanakitCare.Infrastructure.AccountingOperations.FinanceOperationService.ReclassifyExpenseAsync(ReclassifyExpense command, DateTimeOffset now, String actor, CancellationToken ct) in D:\Programing\Personal Projects\Chapanakit-Care\src\ChapanakitCare.Infrastructure\AccountingOperations\FinanceOperationService.Adjustments.cs:line 6
   at ChapanakitCare.Domain.Tests.AccountingAdjustmentTests.Expense_reclassification_corrects_an_older_document_without_changing_cash_or_total_expense() in D:\Programing\Personal Projects\Chapanakit-Care\tests\ChapanakitCare.Domain.Tests\AccountingAdjustmentTests.cs:line 35
   at ChapanakitCare.Domain.Tests.AccountingAdjustmentTests.Expense_reclassification_corrects_an_older_document_without_changing_cash_or_total_expense() in D:\Programing\Personal Projects\Chapanakit-Care\tests\ChapanakitCare.Domain.Tests\AccountingAdjustmentTests.cs:line 45
--- End of stack trace from previous location ---
  Passed ChapanakitCare.Domain.Tests.AccountingDeathIntegrationTests.Nonpay_death_creates_no_fee_or_benefit_but_keeps_actual_advance_until_refunded [2 s]
[xUnit.net 00:00:03.79]   Finished:    ChapanakitCare.Domain.Tests
  Passed ChapanakitCare.Domain.Tests.AccountingDeathIntegrationTests.Unfunded_contributors_create_shortfall_and_cannot_be_paid_as_if_cash_was_received [431 ms]
  Passed ChapanakitCare.Domain.Tests.AccountingDeathIntegrationTests.Active_death_uses_actual_prepaid_and_accrues_fee_in_separate_book_without_paying_cash [373 ms]
  Passed ChapanakitCare.Domain.Tests.AccountingDeathIntegrationTests.Closed_association_period_rolls_back_death_snapshot_and_both_books [301 ms]

Test Run Failed.
Total tests: 6
     Passed: 4
     Failed: 2
 Total time: 4.3015 Seconds
