  ChapanakitCare.Domain -> D:\Programing\Personal Projects\Chapanakit-Care\src\ChapanakitCare.Domain\bin\Debug\net10.0\ChapanakitCare.Domain.dll
  ChapanakitCare.Infrastructure -> D:\Programing\Personal Projects\Chapanakit-Care\src\ChapanakitCare.Infrastructure\bin\Debug\net10.0\ChapanakitCare.Infrastructure.dll
  ChapanakitCare.Web -> D:\Programing\Personal Projects\Chapanakit-Care\src\ChapanakitCare.Web\bin\Debug\net10.0\ChapanakitCare.dll
  ChapanakitCare.Domain.Tests -> D:\Programing\Personal Projects\Chapanakit-Care\tests\ChapanakitCare.Domain.Tests\bin\Debug\net10.0\ChapanakitCare.Domain.Tests.dll
Test run for D:\Programing\Personal Projects\Chapanakit-Care\tests\ChapanakitCare.Domain.Tests\bin\Debug\net10.0\ChapanakitCare.Domain.Tests.dll (.NETCoreApp,Version=v10.0)
A total of 1 test files matched the specified pattern.
[xUnit.net 00:00:00.00] xUnit.net VSTest Adapter v3.1.4+50e68bbb8b (64-bit .NET 10.0.10)
[xUnit.net 00:00:00.27]   Discovering: ChapanakitCare.Domain.Tests
[xUnit.net 00:00:00.46]   Discovered:  ChapanakitCare.Domain.Tests
[xUnit.net 00:00:00.54]   Starting:    ChapanakitCare.Domain.Tests
[xUnit.net 00:00:05.19]     ChapanakitCare.Domain.Tests.AccountingCashAccountTests.Collector_cash_is_separate_and_depositing_it_is_a_transfer_without_second_receipt [FAIL]
[xUnit.net 00:00:05.19]       System.NotImplementedException : The method or operation is not implemented.
[xUnit.net 00:00:05.19]       Stack Trace:
[xUnit.net 00:00:05.19]         D:\Programing\Personal Projects\Chapanakit-Care\src\ChapanakitCare.Infrastructure\Accounting\AccountingSetupService.cs(11,0): at ChapanakitCare.Infrastructure.Accounting.AccountingSetupService.AddCashAccountAsync(AccountingCashAccountSetup setup, CancellationToken cancellationToken)
[xUnit.net 00:00:05.20]         D:\Programing\Personal Projects\Chapanakit-Care\tests\ChapanakitCare.Domain.Tests\AccountingCashAccountTests.cs(28,0): at ChapanakitCare.Domain.Tests.AccountingCashAccountTests.Collector_cash_is_separate_and_depositing_it_is_a_transfer_without_second_receipt()
[xUnit.net 00:00:05.20]         D:\Programing\Personal Projects\Chapanakit-Care\tests\ChapanakitCare.Domain.Tests\AccountingCashAccountTests.cs(40,0): at ChapanakitCare.Domain.Tests.AccountingCashAccountTests.Collector_cash_is_separate_and_depositing_it_is_a_transfer_without_second_receipt()
[xUnit.net 00:00:05.20]         --- End of stack trace from previous location ---
  Failed ChapanakitCare.Domain.Tests.AccountingCashAccountTests.Collector_cash_is_separate_and_depositing_it_is_a_transfer_without_second_receipt [4 s]
  Error Message:
   System.NotImplementedException : The method or operation is not implemented.
  Stack Trace:
     at ChapanakitCare.Infrastructure.Accounting.AccountingSetupService.AddCashAccountAsync(AccountingCashAccountSetup setup, CancellationToken cancellationToken) in D:\Programing\Personal Projects\Chapanakit-Care\src\ChapanakitCare.Infrastructure\Accounting\AccountingSetupService.cs:line 11
   at ChapanakitCare.Domain.Tests.AccountingCashAccountTests.Collector_cash_is_separate_and_depositing_it_is_a_transfer_without_second_receipt() in D:\Programing\Personal Projects\Chapanakit-Care\tests\ChapanakitCare.Domain.Tests\AccountingCashAccountTests.cs:line 28
   at ChapanakitCare.Domain.Tests.AccountingCashAccountTests.Collector_cash_is_separate_and_depositing_it_is_a_transfer_without_second_receipt() in D:\Programing\Personal Projects\Chapanakit-Care\tests\ChapanakitCare.Domain.Tests\AccountingCashAccountTests.cs:line 40
--- End of stack trace from previous location ---
[xUnit.net 00:00:05.80]     ChapanakitCare.Domain.Tests.AccountingCollectionHttpFormTests.Collection_browser_form_accepts_only_its_visible_create_fields [FAIL]
[xUnit.net 00:00:05.80]       Assert.Equal() Failure: Values differ
[xUnit.net 00:00:05.80]       Expected: Found
[xUnit.net 00:00:05.80]       Actual:   InternalServerError
[xUnit.net 00:00:05.80]       Stack Trace:
[xUnit.net 00:00:05.80]         D:\Programing\Personal Projects\Chapanakit-Care\tests\ChapanakitCare.Domain.Tests\AccountingCollectionPageTests.cs(154,0): at ChapanakitCare.Domain.Tests.AccountingCollectionHttpFormTests.Collection_browser_form_accepts_only_its_visible_create_fields()
[xUnit.net 00:00:05.80]         --- End of stack trace from previous location ---
[xUnit.net 00:00:05.81]     ChapanakitCare.Domain.Tests.AccountingCashAccountTests.Management_form_adds_a_named_cash_holder_in_selected_book [FAIL]
[xUnit.net 00:00:05.81]       Assert.IsType() Failure: Value is not the exact type
[xUnit.net 00:00:05.81]       Expected: typeof(Microsoft.AspNetCore.Mvc.RedirectToPageResult)
[xUnit.net 00:00:05.81]       Actual:   typeof(Microsoft.AspNetCore.Mvc.RazorPages.PageResult)
[xUnit.net 00:00:05.81]       Stack Trace:
[xUnit.net 00:00:05.81]         D:\Programing\Personal Projects\Chapanakit-Care\tests\ChapanakitCare.Domain.Tests\AccountingCashAccountTests.cs(16,0): at ChapanakitCare.Domain.Tests.AccountingCashAccountTests.Management_form_adds_a_named_cash_holder_in_selected_book()
[xUnit.net 00:00:05.81]         D:\Programing\Personal Projects\Chapanakit-Care\tests\ChapanakitCare.Domain.Tests\AccountingCashAccountTests.cs(17,0): at ChapanakitCare.Domain.Tests.AccountingCashAccountTests.Management_form_adds_a_named_cash_holder_in_selected_book()
[xUnit.net 00:00:05.81]         --- End of stack trace from previous location ---
[xUnit.net 00:00:05.86]       System.NotImplementedException : The method or operation is not implemented.
[xUnit.net 00:00:05.86]     ChapanakitCare.Domain.Tests.AccountingCollectionPageTests.Collection_page_displays_an_error_for_an_overpayment_without_writing_a_journal [FAIL]
[xUnit.net 00:00:05.86]       Stack Trace:
[xUnit.net 00:00:05.86]         D:\Programing\Personal Projects\Chapanakit-Care\src\ChapanakitCare.Web\Pages\Accounting\Collections.cshtml.cs(52,0): at ChapanakitCare.Web.Pages.Accounting.CollectionsModel.OnPostAsync()
[xUnit.net 00:00:05.86]         D:\Programing\Personal Projects\Chapanakit-Care\tests\ChapanakitCare.Domain.Tests\AccountingCollectionPageTests.cs(100,0): at ChapanakitCare.Domain.Tests.AccountingCollectionPageTests.Collection_page_displays_an_error_for_an_overpayment_without_writing_a_journal()
[xUnit.net 00:00:05.86]         D:\Programing\Personal Projects\Chapanakit-Care\tests\ChapanakitCare.Domain.Tests\AccountingCollectionPageTests.cs(103,0): at ChapanakitCare.Domain.Tests.AccountingCollectionPageTests.Collection_page_displays_an_error_for_an_overpayment_without_writing_a_journal()
[xUnit.net 00:00:05.86]         --- End of stack trace from previous location ---
[xUnit.net 00:00:06.07]     ChapanakitCare.Domain.Tests.AccountingCollectionPageTests.Collection_page_creates_selected_normal_members_without_recording_cash [FAIL]
[xUnit.net 00:00:06.07]       System.NotImplementedException : The method or operation is not implemented.
[xUnit.net 00:00:06.07]       Stack Trace:
[xUnit.net 00:00:06.07]         D:\Programing\Personal Projects\Chapanakit-Care\src\ChapanakitCare.Web\Pages\Accounting\Collections.cshtml.cs(52,0): at ChapanakitCare.Web.Pages.Accounting.CollectionsModel.OnPostAsync()
[xUnit.net 00:00:06.07]         D:\Programing\Personal Projects\Chapanakit-Care\tests\ChapanakitCare.Domain.Tests\AccountingCollectionPageTests.cs(42,0): at ChapanakitCare.Domain.Tests.AccountingCollectionPageTests.Collection_page_creates_selected_normal_members_without_recording_cash()
[xUnit.net 00:00:06.07]         D:\Programing\Personal Projects\Chapanakit-Care\tests\ChapanakitCare.Domain.Tests\AccountingCollectionPageTests.cs(48,0): at ChapanakitCare.Domain.Tests.AccountingCollectionPageTests.Collection_page_creates_selected_normal_members_without_recording_cash()
[xUnit.net 00:00:06.07]         --- End of stack trace from previous location ---
[xUnit.net 00:00:06.39]     ChapanakitCare.Domain.Tests.AccountingCollectionPageTests.Collection_page_posts_selected_receipt_allocation_without_marking_the_request_paid_by_itself [FAIL]
[xUnit.net 00:00:06.39]       System.NotImplementedException : The method or operation is not implemented.
[xUnit.net 00:00:06.39]       Stack Trace:
[xUnit.net 00:00:06.39]         D:\Programing\Personal Projects\Chapanakit-Care\src\ChapanakitCare.Web\Pages\Accounting\Collections.cshtml.cs(52,0): at ChapanakitCare.Web.Pages.Accounting.CollectionsModel.OnPostAsync()
[xUnit.net 00:00:06.39]         D:\Programing\Personal Projects\Chapanakit-Care\tests\ChapanakitCare.Domain.Tests\AccountingCollectionPageTests.cs(71,0): at ChapanakitCare.Domain.Tests.AccountingCollectionPageTests.Collection_page_posts_selected_receipt_allocation_without_marking_the_request_paid_by_itself()
[xUnit.net 00:00:06.39]         D:\Programing\Personal Projects\Chapanakit-Care\tests\ChapanakitCare.Domain.Tests\AccountingCollectionPageTests.cs(77,0): at ChapanakitCare.Domain.Tests.AccountingCollectionPageTests.Collection_page_posts_selected_receipt_allocation_without_marking_the_request_paid_by_itself()
[xUnit.net 00:00:06.39]         --- End of stack trace from previous location ---
  Passed ChapanakitCare.Domain.Tests.AccountingOpeningPageTests.Guided_opening_does_not_invent_accumulated_fund_to_balance_cash [4 s]
  Failed ChapanakitCare.Domain.Tests.AccountingCollectionHttpFormTests.Collection_browser_form_accepts_only_its_visible_create_fields [1 s]
  Error Message:
   Assert.Equal() Failure: Values differ
Expected: Found
Actual:   InternalServerError
  Stack Trace:
     at ChapanakitCare.Domain.Tests.AccountingCollectionHttpFormTests.Collection_browser_form_accepts_only_its_visible_create_fields() in D:\Programing\Personal Projects\Chapanakit-Care\tests\ChapanakitCare.Domain.Tests\AccountingCollectionPageTests.cs:line 154
--- End of stack trace from previous location ---
  Failed ChapanakitCare.Domain.Tests.AccountingCashAccountTests.Management_form_adds_a_named_cash_holder_in_selected_book [631 ms]
  Error Message:
   Assert.IsType() Failure: Value is not the exact type
Expected: typeof(Microsoft.AspNetCore.Mvc.RedirectToPageResult)
Actual:   typeof(Microsoft.AspNetCore.Mvc.RazorPages.PageResult)
  Stack Trace:
     at ChapanakitCare.Domain.Tests.AccountingCashAccountTests.Management_form_adds_a_named_cash_holder_in_selected_book() in D:\Programing\Personal Projects\Chapanakit-Care\tests\ChapanakitCare.Domain.Tests\AccountingCashAccountTests.cs:line 16
   at ChapanakitCare.Domain.Tests.AccountingCashAccountTests.Management_form_adds_a_named_cash_holder_in_selected_book() in D:\Programing\Personal Projects\Chapanakit-Care\tests\ChapanakitCare.Domain.Tests\AccountingCashAccountTests.cs:line 17
--- End of stack trace from previous location ---
  Passed ChapanakitCare.Domain.Tests.AccountingOpeningPageTests.Empty_opening_requires_explicit_zero_confirmation [312 ms]
  Failed ChapanakitCare.Domain.Tests.AccountingCollectionPageTests.Collection_page_displays_an_error_for_an_overpayment_without_writing_a_journal [5 s]
  Error Message:
   System.NotImplementedException : The method or operation is not implemented.
  Stack Trace:
     at ChapanakitCare.Web.Pages.Accounting.CollectionsModel.OnPostAsync() in D:\Programing\Personal Projects\Chapanakit-Care\src\ChapanakitCare.Web\Pages\Accounting\Collections.cshtml.cs:line 52
   at ChapanakitCare.Domain.Tests.AccountingCollectionPageTests.Collection_page_displays_an_error_for_an_overpayment_without_writing_a_journal() in D:\Programing\Personal Projects\Chapanakit-Care\tests\ChapanakitCare.Domain.Tests\AccountingCollectionPageTests.cs:line 100
   at ChapanakitCare.Domain.Tests.AccountingCollectionPageTests.Collection_page_displays_an_error_for_an_overpayment_without_writing_a_journal() in D:\Programing\Personal Projects\Chapanakit-Care\tests\ChapanakitCare.Domain.Tests\AccountingCollectionPageTests.cs:line 103
--- End of stack trace from previous location ---
  Failed ChapanakitCare.Domain.Tests.AccountingCollectionPageTests.Collection_page_creates_selected_normal_members_without_recording_cash [207 ms]
  Error Message:
   System.NotImplementedException : The method or operation is not implemented.
  Stack Trace:
     at ChapanakitCare.Web.Pages.Accounting.CollectionsModel.OnPostAsync() in D:\Programing\Personal Projects\Chapanakit-Care\src\ChapanakitCare.Web\Pages\Accounting\Collections.cshtml.cs:line 52
   at ChapanakitCare.Domain.Tests.AccountingCollectionPageTests.Collection_page_creates_selected_normal_members_without_recording_cash() in D:\Programing\Personal Projects\Chapanakit-Care\tests\ChapanakitCare.Domain.Tests\AccountingCollectionPageTests.cs:line 42
   at ChapanakitCare.Domain.Tests.AccountingCollectionPageTests.Collection_page_creates_selected_normal_members_without_recording_cash() in D:\Programing\Personal Projects\Chapanakit-Care\tests\ChapanakitCare.Domain.Tests\AccountingCollectionPageTests.cs:line 48
--- End of stack trace from previous location ---
  Failed ChapanakitCare.Domain.Tests.AccountingCollectionPageTests.Collection_page_posts_selected_receipt_allocation_without_marking_the_request_paid_by_itself [318 ms]
  Error Message:
   System.NotImplementedException : The method or operation is not implemented.
  Stack Trace:
     at ChapanakitCare.Web.Pages.Accounting.CollectionsModel.OnPostAsync() in D:\Programing\Personal Projects\Chapanakit-Care\src\ChapanakitCare.Web\Pages\Accounting\Collections.cshtml.cs:line 52
   at ChapanakitCare.Domain.Tests.AccountingCollectionPageTests.Collection_page_posts_selected_receipt_allocation_without_marking_the_request_paid_by_itself() in D:\Programing\Personal Projects\Chapanakit-Care\tests\ChapanakitCare.Domain.Tests\AccountingCollectionPageTests.cs:line 71
   at ChapanakitCare.Domain.Tests.AccountingCollectionPageTests.Collection_page_posts_selected_receipt_allocation_without_marking_the_request_paid_by_itself() in D:\Programing\Personal Projects\Chapanakit-Care\tests\ChapanakitCare.Domain.Tests\AccountingCollectionPageTests.cs:line 77
--- End of stack trace from previous location ---
[xUnit.net 00:00:06.99]     ChapanakitCare.Domain.Tests.CollectionReportTests.Balance_report_honors_business_date_cutoffs_for_requests_and_reversals [FAIL]
[xUnit.net 00:00:06.99]       System.NotImplementedException : The method or operation is not implemented.
[xUnit.net 00:00:06.99]       Stack Trace:
[xUnit.net 00:00:06.99]         D:\Programing\Personal Projects\Chapanakit-Care\src\ChapanakitCare.Infrastructure\AccountingReports\CollectionReportService.cs(44,0): at ChapanakitCare.Infrastructure.AccountingReports.CollectionReportService.GetBalancesAsync(DateOnly asOfDate, String cycleKey, String groupNo, CancellationToken cancellationToken)
[xUnit.net 00:00:06.99]         D:\Programing\Personal Projects\Chapanakit-Care\tests\ChapanakitCare.Domain.Tests\CollectionReportTests.cs(58,0): at ChapanakitCare.Domain.Tests.CollectionReportTests.Balance_report_honors_business_date_cutoffs_for_requests_and_reversals()
[xUnit.net 00:00:06.99]         D:\Programing\Personal Projects\Chapanakit-Care\tests\ChapanakitCare.Domain.Tests\CollectionReportTests.cs(66,0): at ChapanakitCare.Domain.Tests.CollectionReportTests.Balance_report_honors_business_date_cutoffs_for_requests_and_reversals()
[xUnit.net 00:00:06.99]         --- End of stack trace from previous location ---
[xUnit.net 00:00:07.32]     ChapanakitCare.Domain.Tests.CollectionReportTests.Balance_report_uses_frozen_collection_snapshot_and_net_posted_allocations [FAIL]
[xUnit.net 00:00:07.32]       System.NotImplementedException : The method or operation is not implemented.
[xUnit.net 00:00:07.33]       Stack Trace:
[xUnit.net 00:00:07.33]         D:\Programing\Personal Projects\Chapanakit-Care\src\ChapanakitCare.Infrastructure\AccountingReports\CollectionReportService.cs(44,0): at ChapanakitCare.Infrastructure.AccountingReports.CollectionReportService.GetBalancesAsync(DateOnly asOfDate, String cycleKey, String groupNo, CancellationToken cancellationToken)
[xUnit.net 00:00:07.33]         D:\Programing\Personal Projects\Chapanakit-Care\tests\ChapanakitCare.Domain.Tests\CollectionReportTests.cs(29,0): at ChapanakitCare.Domain.Tests.CollectionReportTests.Balance_report_uses_frozen_collection_snapshot_and_net_posted_allocations()
[xUnit.net 00:00:07.33]         D:\Programing\Personal Projects\Chapanakit-Care\tests\ChapanakitCare.Domain.Tests\CollectionReportTests.cs(40,0): at ChapanakitCare.Domain.Tests.CollectionReportTests.Balance_report_uses_frozen_collection_snapshot_and_net_posted_allocations()
[xUnit.net 00:00:07.33]         --- End of stack trace from previous location ---
[xUnit.net 00:00:07.53]     ChapanakitCare.Domain.Tests.CollectionReportTests.Collection_documents_are_read_only_and_reminders_include_only_due_outstanding_rows [FAIL]
[xUnit.net 00:00:07.53]       System.NotImplementedException : The method or operation is not implemented.
[xUnit.net 00:00:07.53]       Stack Trace:
[xUnit.net 00:00:07.53]         D:\Programing\Personal Projects\Chapanakit-Care\src\ChapanakitCare.Infrastructure\AccountingReports\CollectionReportService.cs(44,0): at ChapanakitCare.Infrastructure.AccountingReports.CollectionReportService.GetBalancesAsync(DateOnly asOfDate, String cycleKey, String groupNo, CancellationToken cancellationToken)
[xUnit.net 00:00:07.53]         D:\Programing\Personal Projects\Chapanakit-Care\tests\ChapanakitCare.Domain.Tests\CollectionReportTests.cs(83,0): at ChapanakitCare.Domain.Tests.CollectionReportTests.Collection_documents_are_read_only_and_reminders_include_only_due_outstanding_rows()
[xUnit.net 00:00:07.53]         D:\Programing\Personal Projects\Chapanakit-Care\tests\ChapanakitCare.Domain.Tests\CollectionReportTests.cs(93,0): at ChapanakitCare.Domain.Tests.CollectionReportTests.Collection_documents_are_read_only_and_reminders_include_only_due_outstanding_rows()
[xUnit.net 00:00:07.53]         --- End of stack trace from previous location ---
  Passed ChapanakitCare.Domain.Tests.AccountingOpeningIntegrityTests.Zero_opening_request_replays_after_later_receipt_and_rejects_changed_token_payload [6 s]
  Failed ChapanakitCare.Domain.Tests.CollectionReportTests.Balance_report_honors_business_date_cutoffs_for_requests_and_reversals [6 s]
  Error Message:
   System.NotImplementedException : The method or operation is not implemented.
  Stack Trace:
     at ChapanakitCare.Infrastructure.AccountingReports.CollectionReportService.GetBalancesAsync(DateOnly asOfDate, String cycleKey, String groupNo, CancellationToken cancellationToken) in D:\Programing\Personal Projects\Chapanakit-Care\src\ChapanakitCare.Infrastructure\AccountingReports\CollectionReportService.cs:line 44
   at ChapanakitCare.Domain.Tests.CollectionReportTests.Balance_report_honors_business_date_cutoffs_for_requests_and_reversals() in D:\Programing\Personal Projects\Chapanakit-Care\tests\ChapanakitCare.Domain.Tests\CollectionReportTests.cs:line 58
   at ChapanakitCare.Domain.Tests.CollectionReportTests.Balance_report_honors_business_date_cutoffs_for_requests_and_reversals() in D:\Programing\Personal Projects\Chapanakit-Care\tests\ChapanakitCare.Domain.Tests\CollectionReportTests.cs:line 66
--- End of stack trace from previous location ---
  Passed ChapanakitCare.Domain.Tests.AccountingOpeningIntegrityTests.Failed_opening_rolls_back_activation_and_allows_a_corrected_request_in_the_same_context [425 ms]
  Failed ChapanakitCare.Domain.Tests.CollectionReportTests.Balance_report_uses_frozen_collection_snapshot_and_net_posted_allocations [338 ms]
  Error Message:
   System.NotImplementedException : The method or operation is not implemented.
  Stack Trace:
     at ChapanakitCare.Infrastructure.AccountingReports.CollectionReportService.GetBalancesAsync(DateOnly asOfDate, String cycleKey, String groupNo, CancellationToken cancellationToken) in D:\Programing\Personal Projects\Chapanakit-Care\src\ChapanakitCare.Infrastructure\AccountingReports\CollectionReportService.cs:line 44
   at ChapanakitCare.Domain.Tests.CollectionReportTests.Balance_report_uses_frozen_collection_snapshot_and_net_posted_allocations() in D:\Programing\Personal Projects\Chapanakit-Care\tests\ChapanakitCare.Domain.Tests\CollectionReportTests.cs:line 29
   at ChapanakitCare.Domain.Tests.CollectionReportTests.Balance_report_uses_frozen_collection_snapshot_and_net_posted_allocations() in D:\Programing\Personal Projects\Chapanakit-Care\tests\ChapanakitCare.Domain.Tests\CollectionReportTests.cs:line 40
--- End of stack trace from previous location ---
  Passed ChapanakitCare.Domain.Tests.AccountingHttpFormTests.Receipt_browser_form_accepts_only_its_visible_fields_and_posts_once [1 s]
  Failed ChapanakitCare.Domain.Tests.CollectionReportTests.Collection_documents_are_read_only_and_reminders_include_only_due_outstanding_rows [205 ms]
  Error Message:
   System.NotImplementedException : The method or operation is not implemented.
  Stack Trace:
     at ChapanakitCare.Infrastructure.AccountingReports.CollectionReportService.GetBalancesAsync(DateOnly asOfDate, String cycleKey, String groupNo, CancellationToken cancellationToken) in D:\Programing\Personal Projects\Chapanakit-Care\src\ChapanakitCare.Infrastructure\AccountingReports\CollectionReportService.cs:line 44
   at ChapanakitCare.Domain.Tests.CollectionReportTests.Collection_documents_are_read_only_and_reminders_include_only_due_outstanding_rows() in D:\Programing\Personal Projects\Chapanakit-Care\tests\ChapanakitCare.Domain.Tests\CollectionReportTests.cs:line 83
   at ChapanakitCare.Domain.Tests.CollectionReportTests.Collection_documents_are_read_only_and_reminders_include_only_due_outstanding_rows() in D:\Programing\Personal Projects\Chapanakit-Care\tests\ChapanakitCare.Domain.Tests\CollectionReportTests.cs:line 93
--- End of stack trace from previous location ---
  Passed ChapanakitCare.Domain.Tests.AccountingOpeningPageTests.Guided_opening_preserves_existing_beneficiary_debt_and_additional_bank [1 s]
  Passed ChapanakitCare.Domain.Tests.AccountingOpeningPageTests.Guided_opening_records_cash_and_individual_advance_from_explicit_evidence [203 ms]
  Passed ChapanakitCare.Domain.Tests.AccountingHttpFormTests.Trial_report_browser_request_shows_no_errors_for_irrelevant_filters(path: "/Accounting/Reports?Report=trialbalance&Book=welfa"···) [300 ms]
[xUnit.net 00:00:08.39]     ChapanakitCare.Domain.Tests.AccountingHttpFormTests.Trial_report_browser_request_shows_no_errors_for_irrelevant_filters(path: "/Accounting/Reports") [FAIL]
[xUnit.net 00:00:08.39]       Assert.DoesNotContain() Failure: Sub-string found
[xUnit.net 00:00:08.39]                                       ↓ (pos 2038)
[xUnit.net 00:00:08.39]       String: ···"  <div class="alert validation-summary-er"···
[xUnit.net 00:00:08.39]       Found:  "validation-summary-errors"
[xUnit.net 00:00:08.39]       Stack Trace:
[xUnit.net 00:00:08.39]         D:\Programing\Personal Projects\Chapanakit-Care\tests\ChapanakitCare.Domain.Tests\AccountingHttpFormTests.cs(53,0): at ChapanakitCare.Domain.Tests.AccountingHttpFormTests.Trial_report_browser_request_shows_no_errors_for_irrelevant_filters(String path)
[xUnit.net 00:00:08.39]         --- End of stack trace from previous location ---
[xUnit.net 00:00:08.92]   Finished:    ChapanakitCare.Domain.Tests
  Failed ChapanakitCare.Domain.Tests.AccountingHttpFormTests.Trial_report_browser_request_shows_no_errors_for_irrelevant_filters(path: "/Accounting/Reports") [87 ms]
  Error Message:
   Assert.DoesNotContain() Failure: Sub-string found
                                ↓ (pos 2038)
String: ···"  <div class="alert validation-summary-er"···
Found:  "validation-summary-errors"
  Stack Trace:
     at ChapanakitCare.Domain.Tests.AccountingHttpFormTests.Trial_report_browser_request_shows_no_errors_for_irrelevant_filters(String path) in D:\Programing\Personal Projects\Chapanakit-Care\tests\ChapanakitCare.Domain.Tests\AccountingHttpFormTests.cs:line 53
--- End of stack trace from previous location ---
  Passed ChapanakitCare.Domain.Tests.AccountingHttpFormTests.Bank_browser_form_does_not_require_fields_from_other_management_forms [242 ms]

Test Run Failed.
Total tests: 19
     Passed: 9
     Failed: 10
 Total time: 10.0272 Seconds
