  ChapanakitCare.Domain -> D:\Programing\Personal Projects\Chapanakit-Care\src\ChapanakitCare.Domain\bin\Debug\net10.0\ChapanakitCare.Domain.dll
  ChapanakitCare.Infrastructure -> D:\Programing\Personal Projects\Chapanakit-Care\src\ChapanakitCare.Infrastructure\bin\Debug\net10.0\ChapanakitCare.Infrastructure.dll
  ChapanakitCare.Web -> D:\Programing\Personal Projects\Chapanakit-Care\src\ChapanakitCare.Web\bin\Debug\net10.0\ChapanakitCare.dll
  ChapanakitCare.Domain.Tests -> D:\Programing\Personal Projects\Chapanakit-Care\tests\ChapanakitCare.Domain.Tests\bin\Debug\net10.0\ChapanakitCare.Domain.Tests.dll
Test run for D:\Programing\Personal Projects\Chapanakit-Care\tests\ChapanakitCare.Domain.Tests\bin\Debug\net10.0\ChapanakitCare.Domain.Tests.dll (.NETCoreApp,Version=v10.0)
A total of 1 test files matched the specified pattern.
[xUnit.net 00:00:00.00] xUnit.net VSTest Adapter v3.1.4+50e68bbb8b (64-bit .NET 10.0.10)
[xUnit.net 00:00:00.13]   Discovering: ChapanakitCare.Domain.Tests
[xUnit.net 00:00:00.25]   Discovered:  ChapanakitCare.Domain.Tests
[xUnit.net 00:00:00.29]   Starting:    ChapanakitCare.Domain.Tests
  Passed ChapanakitCare.Domain.Tests.AccountingCoreTests.Catalog_separates_welfare_from_association_and_only_exposes_the_4_percent_income_account [2 s]
[xUnit.net 00:00:02.98]     ChapanakitCare.Domain.Tests.FinanceDisbursementTests.Remittance_settles_reciprocal_balances_without_recognizing_income_again [FAIL]
[xUnit.net 00:00:02.98]       System.NotImplementedException : The method or operation is not implemented.
[xUnit.net 00:00:02.98]       Stack Trace:
[xUnit.net 00:00:02.98]         D:\Programing\Personal Projects\Chapanakit-Care\src\ChapanakitCare.Infrastructure\AccountingOperations\FinanceOperationService.cs(83,0): at ChapanakitCare.Infrastructure.AccountingOperations.FinanceOperationService.RemitFeeAsync(RemitAssociationFee command, DateTimeOffset now, String actor, CancellationToken ct)
[xUnit.net 00:00:02.98]         D:\Programing\Personal Projects\Chapanakit-Care\tests\ChapanakitCare.Domain.Tests\FinanceDisbursementTests.cs(41,0): at ChapanakitCare.Domain.Tests.FinanceDisbursementTests.Remittance_settles_reciprocal_balances_without_recognizing_income_again()
[xUnit.net 00:00:02.98]         D:\Programing\Personal Projects\Chapanakit-Care\tests\ChapanakitCare.Domain.Tests\FinanceDisbursementTests.cs(48,0): at ChapanakitCare.Domain.Tests.FinanceDisbursementTests.Remittance_settles_reciprocal_balances_without_recognizing_income_again()
[xUnit.net 00:00:02.98]         --- End of stack trace from previous location ---
[xUnit.net 00:00:03.15]     ChapanakitCare.Domain.Tests.AccountingDeathIntegrationTests.Active_death_uses_actual_prepaid_and_accrues_fee_in_separate_book_without_paying_cash [FAIL]
[xUnit.net 00:00:03.15]       Assert.Equal() Failure: Values differ
[xUnit.net 00:00:03.15]       Expected: 3051
[xUnit.net 00:00:03.15]       Actual:   2600
[xUnit.net 00:00:03.15]       Stack Trace:
[xUnit.net 00:00:03.15]         D:\Programing\Personal Projects\Chapanakit-Care\tests\ChapanakitCare.Domain.Tests\AccountingDeathIntegrationTests.cs(25,0): at ChapanakitCare.Domain.Tests.AccountingDeathIntegrationTests.Active_death_uses_actual_prepaid_and_accrues_fee_in_separate_book_without_paying_cash()
[xUnit.net 00:00:03.15]         D:\Programing\Personal Projects\Chapanakit-Care\tests\ChapanakitCare.Domain.Tests\AccountingDeathIntegrationTests.cs(37,0): at ChapanakitCare.Domain.Tests.AccountingDeathIntegrationTests.Active_death_uses_actual_prepaid_and_accrues_fee_in_separate_book_without_paying_cash()
[xUnit.net 00:00:03.15]         --- End of stack trace from previous location ---
[xUnit.net 00:00:03.86]       System.NotImplementedException : The method or operation is not implemented.
[xUnit.net 00:00:03.86]     ChapanakitCare.Domain.Tests.FinanceDisbursementTests.Benefit_payment_cannot_exceed_the_selected_beneficiary_opening_payable [FAIL]
[xUnit.net 00:00:03.86]       Stack Trace:
[xUnit.net 00:00:03.86]         D:\Programing\Personal Projects\Chapanakit-Care\src\ChapanakitCare.Infrastructure\AccountingOperations\FinanceOperationService.cs(81,0): at ChapanakitCare.Infrastructure.AccountingOperations.FinanceOperationService.PayBenefitAsync(PayWelfareBenefit command, DateTimeOffset now, String actor, CancellationToken ct)
[xUnit.net 00:00:03.86]         D:\Programing\Personal Projects\Chapanakit-Care\tests\ChapanakitCare.Domain.Tests\FinanceDisbursementTests.cs(23,0): at ChapanakitCare.Domain.Tests.FinanceDisbursementTests.Benefit_payment_cannot_exceed_the_selected_beneficiary_opening_payable()
[xUnit.net 00:00:03.86]         D:\Programing\Personal Projects\Chapanakit-Care\tests\ChapanakitCare.Domain.Tests\FinanceDisbursementTests.cs(28,0): at ChapanakitCare.Domain.Tests.FinanceDisbursementTests.Benefit_payment_cannot_exceed_the_selected_beneficiary_opening_payable()
[xUnit.net 00:00:03.86]         --- End of stack trace from previous location ---
[xUnit.net 00:00:03.86]   Finished:    ChapanakitCare.Domain.Tests
  Failed ChapanakitCare.Domain.Tests.FinanceDisbursementTests.Remittance_settles_reciprocal_balances_without_recognizing_income_again [2 s]
  Error Message:
   System.NotImplementedException : The method or operation is not implemented.
  Stack Trace:
     at ChapanakitCare.Infrastructure.AccountingOperations.FinanceOperationService.RemitFeeAsync(RemitAssociationFee command, DateTimeOffset now, String actor, CancellationToken ct) in D:\Programing\Personal Projects\Chapanakit-Care\src\ChapanakitCare.Infrastructure\AccountingOperations\FinanceOperationService.cs:line 83
   at ChapanakitCare.Domain.Tests.FinanceDisbursementTests.Remittance_settles_reciprocal_balances_without_recognizing_income_again() in D:\Programing\Personal Projects\Chapanakit-Care\tests\ChapanakitCare.Domain.Tests\FinanceDisbursementTests.cs:line 41
   at ChapanakitCare.Domain.Tests.FinanceDisbursementTests.Remittance_settles_reciprocal_balances_without_recognizing_income_again() in D:\Programing\Personal Projects\Chapanakit-Care\tests\ChapanakitCare.Domain.Tests\FinanceDisbursementTests.cs:line 48
--- End of stack trace from previous location ---
  Passed ChapanakitCare.Domain.Tests.AccountingCoreTests.Balanced_welfare_posting_records_dimensions_and_audit_without_creating_an_association_journal [512 ms]
  Passed ChapanakitCare.Domain.Tests.AccountingCoreTests.Idempotency_tokens_are_scoped_to_their_separate_accounting_books [121 ms]
  Passed ChapanakitCare.Domain.Tests.FinanceDisbursementTests.Transfer_moves_cash_to_bank_in_same_book_without_income_or_expense [166 ms]
  Failed ChapanakitCare.Domain.Tests.AccountingDeathIntegrationTests.Active_death_uses_actual_prepaid_and_accrues_fee_in_separate_book_without_paying_cash [2 s]
  Error Message:
   Assert.Equal() Failure: Values differ
Expected: 3051
Actual:   2600
  Stack Trace:
     at ChapanakitCare.Domain.Tests.AccountingDeathIntegrationTests.Active_death_uses_actual_prepaid_and_accrues_fee_in_separate_book_without_paying_cash() in D:\Programing\Personal Projects\Chapanakit-Care\tests\ChapanakitCare.Domain.Tests\AccountingDeathIntegrationTests.cs:line 25
   at ChapanakitCare.Domain.Tests.AccountingDeathIntegrationTests.Active_death_uses_actual_prepaid_and_accrues_fee_in_separate_book_without_paying_cash() in D:\Programing\Personal Projects\Chapanakit-Care\tests\ChapanakitCare.Domain.Tests\AccountingDeathIntegrationTests.cs:line 37
--- End of stack trace from previous location ---
  Passed ChapanakitCare.Domain.Tests.FinanceDisbursementTests.Operating_expense_reduces_association_cash_and_replay_does_not_spend_twice [124 ms]
  Passed ChapanakitCare.Domain.Tests.AccountingCoreTests.Linked_fee_accrual_posts_one_balanced_journal_per_book_as_one_atomic_operation [148 ms]
  Passed ChapanakitCare.Domain.Tests.AccountingCoreTests.Posting_rejects_a_negative_amount_even_when_the_other_side_is_positive [114 ms]
  Failed ChapanakitCare.Domain.Tests.FinanceDisbursementTests.Benefit_payment_cannot_exceed_the_selected_beneficiary_opening_payable [595 ms]
  Error Message:
   System.NotImplementedException : The method or operation is not implemented.
  Stack Trace:
     at ChapanakitCare.Infrastructure.AccountingOperations.FinanceOperationService.PayBenefitAsync(PayWelfareBenefit command, DateTimeOffset now, String actor, CancellationToken ct) in D:\Programing\Personal Projects\Chapanakit-Care\src\ChapanakitCare.Infrastructure\AccountingOperations\FinanceOperationService.cs:line 81
   at ChapanakitCare.Domain.Tests.FinanceDisbursementTests.Benefit_payment_cannot_exceed_the_selected_beneficiary_opening_payable() in D:\Programing\Personal Projects\Chapanakit-Care\tests\ChapanakitCare.Domain.Tests\FinanceDisbursementTests.cs:line 23
   at ChapanakitCare.Domain.Tests.FinanceDisbursementTests.Benefit_payment_cannot_exceed_the_selected_beneficiary_opening_payable() in D:\Programing\Personal Projects\Chapanakit-Care\tests\ChapanakitCare.Domain.Tests\FinanceDisbursementTests.cs:line 28
--- End of stack trace from previous location ---

Total tests: 10
Test Run Failed.
     Passed: 7
     Failed: 3
 Total time: 4.4963 Seconds
