  ChapanakitCare.Domain -> D:\Programing\Personal Projects\Chapanakit-Care\src\ChapanakitCare.Domain\bin\Debug\net10.0\ChapanakitCare.Domain.dll
  ChapanakitCare.Infrastructure -> D:\Programing\Personal Projects\Chapanakit-Care\src\ChapanakitCare.Infrastructure\bin\Debug\net10.0\ChapanakitCare.Infrastructure.dll
  ChapanakitCare.Web -> D:\Programing\Personal Projects\Chapanakit-Care\src\ChapanakitCare.Web\bin\Debug\net10.0\ChapanakitCare.dll
  ChapanakitCare.Domain.Tests -> D:\Programing\Personal Projects\Chapanakit-Care\tests\ChapanakitCare.Domain.Tests\bin\Debug\net10.0\ChapanakitCare.Domain.Tests.dll
Test run for D:\Programing\Personal Projects\Chapanakit-Care\tests\ChapanakitCare.Domain.Tests\bin\Debug\net10.0\ChapanakitCare.Domain.Tests.dll (.NETCoreApp,Version=v10.0)
A total of 1 test files matched the specified pattern.
[xUnit.net 00:00:00.00] xUnit.net VSTest Adapter v3.1.4+50e68bbb8b (64-bit .NET 10.0.10)
[xUnit.net 00:00:00.17]   Discovering: ChapanakitCare.Domain.Tests
[xUnit.net 00:00:00.27]   Discovered:  ChapanakitCare.Domain.Tests
[xUnit.net 00:00:00.31]   Starting:    ChapanakitCare.Domain.Tests
[xUnit.net 00:00:02.23]     ChapanakitCare.Domain.Tests.AccountingCoreTests.Failed_linked_posting_restores_the_callers_pending_changes_and_accounting_tracker_before_the_ambient_transaction_continues [FAIL]
[xUnit.net 00:00:02.23]       Assert.Equal() Failure: Values differ
[xUnit.net 00:00:02.23]       Expected: Modified
[xUnit.net 00:00:02.23]       Actual:   Unchanged
[xUnit.net 00:00:02.24]       Stack Trace:
[xUnit.net 00:00:02.24]         D:\Programing\Personal Projects\Chapanakit-Care\tests\ChapanakitCare.Domain.Tests\AccountingCoreTests.cs(295,0): at ChapanakitCare.Domain.Tests.AccountingCoreTests.Failed_linked_posting_restores_the_callers_pending_changes_and_accounting_tracker_before_the_ambient_transaction_continues()
[xUnit.net 00:00:02.24]         D:\Programing\Personal Projects\Chapanakit-Care\tests\ChapanakitCare.Domain.Tests\AccountingCoreTests.cs(306,0): at ChapanakitCare.Domain.Tests.AccountingCoreTests.Failed_linked_posting_restores_the_callers_pending_changes_and_accounting_tracker_before_the_ambient_transaction_continues()
[xUnit.net 00:00:02.24]         D:\Programing\Personal Projects\Chapanakit-Care\tests\ChapanakitCare.Domain.Tests\AccountingCoreTests.cs(310,0): at ChapanakitCare.Domain.Tests.AccountingCoreTests.Failed_linked_posting_restores_the_callers_pending_changes_and_accounting_tracker_before_the_ambient_transaction_continues()
[xUnit.net 00:00:02.24]         --- End of stack trace from previous location ---
[xUnit.net 00:00:02.25]   Finished:    ChapanakitCare.Domain.Tests
  Failed ChapanakitCare.Domain.Tests.AccountingCoreTests.Failed_linked_posting_restores_the_callers_pending_changes_and_accounting_tracker_before_the_ambient_transaction_continues [1 s]
  Error Message:
   Assert.Equal() Failure: Values differ
Expected: Modified
Actual:   Unchanged
  Stack Trace:
     at ChapanakitCare.Domain.Tests.AccountingCoreTests.Failed_linked_posting_restores_the_callers_pending_changes_and_accounting_tracker_before_the_ambient_transaction_continues() in D:\Programing\Personal Projects\Chapanakit-Care\tests\ChapanakitCare.Domain.Tests\AccountingCoreTests.cs:line 295
   at ChapanakitCare.Domain.Tests.AccountingCoreTests.Failed_linked_posting_restores_the_callers_pending_changes_and_accounting_tracker_before_the_ambient_transaction_continues() in D:\Programing\Personal Projects\Chapanakit-Care\tests\ChapanakitCare.Domain.Tests\AccountingCoreTests.cs:line 306
   at ChapanakitCare.Domain.Tests.AccountingCoreTests.Failed_linked_posting_restores_the_callers_pending_changes_and_accounting_tracker_before_the_ambient_transaction_continues() in D:\Programing\Personal Projects\Chapanakit-Care\tests\ChapanakitCare.Domain.Tests\AccountingCoreTests.cs:line 310
--- End of stack trace from previous location ---

Test Run Failed.
Total tests: 1
     Failed: 1
 Total time: 2.8221 Seconds
