  ChapanakitCare.Domain -> D:\Programing\Personal Projects\Chapanakit-Care\src\ChapanakitCare.Domain\bin\Debug\net10.0\ChapanakitCare.Domain.dll
  ChapanakitCare.Infrastructure -> D:\Programing\Personal Projects\Chapanakit-Care\src\ChapanakitCare.Infrastructure\bin\Debug\net10.0\ChapanakitCare.Infrastructure.dll
  ChapanakitCare.Web -> D:\Programing\Personal Projects\Chapanakit-Care\src\ChapanakitCare.Web\bin\Debug\net10.0\ChapanakitCare.dll
  ChapanakitCare.Domain.Tests -> D:\Programing\Personal Projects\Chapanakit-Care\tests\ChapanakitCare.Domain.Tests\bin\Debug\net10.0\ChapanakitCare.Domain.Tests.dll
Test run for D:\Programing\Personal Projects\Chapanakit-Care\tests\ChapanakitCare.Domain.Tests\bin\Debug\net10.0\ChapanakitCare.Domain.Tests.dll (.NETCoreApp,Version=v10.0)
A total of 1 test files matched the specified pattern.
[xUnit.net 00:00:00.00] xUnit.net VSTest Adapter v3.1.4+50e68bbb8b (64-bit .NET 10.0.10)
[xUnit.net 00:00:00.15]   Discovering: ChapanakitCare.Domain.Tests
[xUnit.net 00:00:00.25]   Discovered:  ChapanakitCare.Domain.Tests
[xUnit.net 00:00:00.29]   Starting:    ChapanakitCare.Domain.Tests
[xUnit.net 00:00:02.60]     ChapanakitCare.Domain.Tests.AccountingCoreTests.Idempotency_tokens_are_scoped_to_their_separate_accounting_books [FAIL]
[xUnit.net 00:00:02.60]       Assert.NotEqual() Failure: Values are equal
[xUnit.net 00:00:02.60]       Expected: Not 5286582f-ae32-4280-875b-9e58abb1d8c7
[xUnit.net 00:00:02.60]       Actual:       5286582f-ae32-4280-875b-9e58abb1d8c7
[xUnit.net 00:00:02.60]       Stack Trace:
[xUnit.net 00:00:02.61]         D:\Programing\Personal Projects\Chapanakit-Care\tests\ChapanakitCare.Domain.Tests\AccountingCoreTests.cs(137,0): at ChapanakitCare.Domain.Tests.AccountingCoreTests.Idempotency_tokens_are_scoped_to_their_separate_accounting_books()
[xUnit.net 00:00:02.61]         D:\Programing\Personal Projects\Chapanakit-Care\tests\ChapanakitCare.Domain.Tests\AccountingCoreTests.cs(143,0): at ChapanakitCare.Domain.Tests.AccountingCoreTests.Idempotency_tokens_are_scoped_to_their_separate_accounting_books()
[xUnit.net 00:00:02.61]         --- End of stack trace from previous location ---
[xUnit.net 00:00:02.74]   Finished:    ChapanakitCare.Domain.Tests
  Passed ChapanakitCare.Domain.Tests.AccountingCoreTests.Catalog_separates_welfare_from_association_and_only_exposes_the_4_percent_income_account [1 s]
  Passed ChapanakitCare.Domain.Tests.AccountingCoreTests.Balanced_welfare_posting_records_dimensions_and_audit_without_creating_an_association_journal [456 ms]
  Failed ChapanakitCare.Domain.Tests.AccountingCoreTests.Idempotency_tokens_are_scoped_to_their_separate_accounting_books [175 ms]
  Error Message:
   Assert.NotEqual() Failure: Values are equal
Expected: Not 5286582f-ae32-4280-875b-9e58abb1d8c7
Actual:       5286582f-ae32-4280-875b-9e58abb1d8c7
  Stack Trace:
     at ChapanakitCare.Domain.Tests.AccountingCoreTests.Idempotency_tokens_are_scoped_to_their_separate_accounting_books() in D:\Programing\Personal Projects\Chapanakit-Care\tests\ChapanakitCare.Domain.Tests\AccountingCoreTests.cs:line 137
   at ChapanakitCare.Domain.Tests.AccountingCoreTests.Idempotency_tokens_are_scoped_to_their_separate_accounting_books() in D:\Programing\Personal Projects\Chapanakit-Care\tests\ChapanakitCare.Domain.Tests\AccountingCoreTests.cs:line 143
--- End of stack trace from previous location ---
  Passed ChapanakitCare.Domain.Tests.AccountingCoreTests.Posting_rejects_a_negative_amount_even_when_the_other_side_is_positive [142 ms]

Test Run Failed.
Total tests: 4
     Passed: 3
     Failed: 1
 Total time: 3.3602 Seconds
