  ChapanakitCare.Domain -> D:\Programing\Personal Projects\Chapanakit-Care\src\ChapanakitCare.Domain\bin\Debug\net10.0\ChapanakitCare.Domain.dll
  ChapanakitCare.Infrastructure -> D:\Programing\Personal Projects\Chapanakit-Care\src\ChapanakitCare.Infrastructure\bin\Debug\net10.0\ChapanakitCare.Infrastructure.dll
  ChapanakitCare.Web -> D:\Programing\Personal Projects\Chapanakit-Care\src\ChapanakitCare.Web\bin\Debug\net10.0\ChapanakitCare.dll
  ChapanakitCare.Domain.Tests -> D:\Programing\Personal Projects\Chapanakit-Care\tests\ChapanakitCare.Domain.Tests\bin\Debug\net10.0\ChapanakitCare.Domain.Tests.dll
Test run for D:\Programing\Personal Projects\Chapanakit-Care\tests\ChapanakitCare.Domain.Tests\bin\Debug\net10.0\ChapanakitCare.Domain.Tests.dll (.NETCoreApp,Version=v10.0)
A total of 1 test files matched the specified pattern.
[xUnit.net 00:00:00.00] xUnit.net VSTest Adapter v3.1.4+50e68bbb8b (64-bit .NET 10.0.10)
[xUnit.net 00:00:00.13]   Discovering: ChapanakitCare.Domain.Tests
[xUnit.net 00:00:00.22]   Discovered:  ChapanakitCare.Domain.Tests
[xUnit.net 00:00:00.26]   Starting:    ChapanakitCare.Domain.Tests
[xUnit.net 00:00:02.37]     ChapanakitCare.Domain.Tests.AccountingManagementPageTests.Management_form_closes_and_reopens_selected_period_with_evidence [FAIL]
[xUnit.net 00:00:02.38]       Assert.IsType() Failure: Value is not the exact type
[xUnit.net 00:00:02.38]       Expected: typeof(Microsoft.AspNetCore.Mvc.RedirectToPageResult)
[xUnit.net 00:00:02.38]       Actual:   typeof(Microsoft.AspNetCore.Mvc.RazorPages.PageResult)
[xUnit.net 00:00:02.38]       Stack Trace:
[xUnit.net 00:00:02.38]         D:\Programing\Personal Projects\Chapanakit-Care\tests\ChapanakitCare.Domain.Tests\AccountingManagementPageTests.cs(45,0): at ChapanakitCare.Domain.Tests.AccountingManagementPageTests.Management_form_closes_and_reopens_selected_period_with_evidence()
[xUnit.net 00:00:02.38]         D:\Programing\Personal Projects\Chapanakit-Care\tests\ChapanakitCare.Domain.Tests\AccountingManagementPageTests.cs(51,0): at ChapanakitCare.Domain.Tests.AccountingManagementPageTests.Management_form_closes_and_reopens_selected_period_with_evidence()
[xUnit.net 00:00:02.38]         --- End of stack trace from previous location ---
[xUnit.net 00:00:02.42]     ChapanakitCare.Domain.Tests.AccountingManagementPageTests.Management_form_adds_book_specific_bank_and_association_expense_without_extra_income [FAIL]
[xUnit.net 00:00:02.42]       Assert.IsType() Failure: Value is not the exact type
[xUnit.net 00:00:02.42]       Expected: typeof(Microsoft.AspNetCore.Mvc.RedirectToPageResult)
[xUnit.net 00:00:02.42]       Actual:   typeof(Microsoft.AspNetCore.Mvc.RazorPages.PageResult)
[xUnit.net 00:00:02.42]       Stack Trace:
[xUnit.net 00:00:02.42]         D:\Programing\Personal Projects\Chapanakit-Care\tests\ChapanakitCare.Domain.Tests\AccountingManagementPageTests.cs(17,0): at ChapanakitCare.Domain.Tests.AccountingManagementPageTests.Management_form_adds_book_specific_bank_and_association_expense_without_extra_income()
[xUnit.net 00:00:02.42]         D:\Programing\Personal Projects\Chapanakit-Care\tests\ChapanakitCare.Domain.Tests\AccountingManagementPageTests.cs(26,0): at ChapanakitCare.Domain.Tests.AccountingManagementPageTests.Management_form_adds_book_specific_bank_and_association_expense_without_extra_income()
[xUnit.net 00:00:02.42]         --- End of stack trace from previous location ---
[xUnit.net 00:00:02.42]   Finished:    ChapanakitCare.Domain.Tests
  Passed ChapanakitCare.Domain.Tests.AccountingManagementPageTests.Management_form_records_statement_difference_without_adjusting_money [1 s]
  Passed ChapanakitCare.Domain.Tests.AccountingPageTests.Voucher_reversal_form_keeps_original_and_posts_a_linked_correction [1 s]
  Failed ChapanakitCare.Domain.Tests.AccountingManagementPageTests.Management_form_closes_and_reopens_selected_period_with_evidence [182 ms]
  Error Message:
   Assert.IsType() Failure: Value is not the exact type
Expected: typeof(Microsoft.AspNetCore.Mvc.RedirectToPageResult)
Actual:   typeof(Microsoft.AspNetCore.Mvc.RazorPages.PageResult)
  Stack Trace:
     at ChapanakitCare.Domain.Tests.AccountingManagementPageTests.Management_form_closes_and_reopens_selected_period_with_evidence() in D:\Programing\Personal Projects\Chapanakit-Care\tests\ChapanakitCare.Domain.Tests\AccountingManagementPageTests.cs:line 45
   at ChapanakitCare.Domain.Tests.AccountingManagementPageTests.Management_form_closes_and_reopens_selected_period_with_evidence() in D:\Programing\Personal Projects\Chapanakit-Care\tests\ChapanakitCare.Domain.Tests\AccountingManagementPageTests.cs:line 51
--- End of stack trace from previous location ---
  Failed ChapanakitCare.Domain.Tests.AccountingManagementPageTests.Management_form_adds_book_specific_bank_and_association_expense_without_extra_income [48 ms]
  Error Message:
   Assert.IsType() Failure: Value is not the exact type
Expected: typeof(Microsoft.AspNetCore.Mvc.RedirectToPageResult)
Actual:   typeof(Microsoft.AspNetCore.Mvc.RazorPages.PageResult)
  Stack Trace:
     at ChapanakitCare.Domain.Tests.AccountingManagementPageTests.Management_form_adds_book_specific_bank_and_association_expense_without_extra_income() in D:\Programing\Personal Projects\Chapanakit-Care\tests\ChapanakitCare.Domain.Tests\AccountingManagementPageTests.cs:line 17
   at ChapanakitCare.Domain.Tests.AccountingManagementPageTests.Management_form_adds_book_specific_bank_and_association_expense_without_extra_income() in D:\Programing\Personal Projects\Chapanakit-Care\tests\ChapanakitCare.Domain.Tests\AccountingManagementPageTests.cs:line 26
--- End of stack trace from previous location ---

Test Run Failed.
Total tests: 4
     Passed: 2
     Failed: 2
 Total time: 2.9583 Seconds
