  ChapanakitCare.Domain -> D:\Programing\Personal Projects\Chapanakit-Care\src\ChapanakitCare.Domain\bin\Debug\net10.0\ChapanakitCare.Domain.dll
  ChapanakitCare.Infrastructure -> D:\Programing\Personal Projects\Chapanakit-Care\src\ChapanakitCare.Infrastructure\bin\Debug\net10.0\ChapanakitCare.Infrastructure.dll
  ChapanakitCare.Web -> D:\Programing\Personal Projects\Chapanakit-Care\src\ChapanakitCare.Web\bin\Debug\net10.0\ChapanakitCare.dll
  ChapanakitCare.Domain.Tests -> D:\Programing\Personal Projects\Chapanakit-Care\tests\ChapanakitCare.Domain.Tests\bin\Debug\net10.0\ChapanakitCare.Domain.Tests.dll
Test run for D:\Programing\Personal Projects\Chapanakit-Care\tests\ChapanakitCare.Domain.Tests\bin\Debug\net10.0\ChapanakitCare.Domain.Tests.dll (.NETCoreApp,Version=v10.0)
A total of 1 test files matched the specified pattern.
[xUnit.net 00:00:00.00] xUnit.net VSTest Adapter v3.1.4+50e68bbb8b (64-bit .NET 10.0.10)
[xUnit.net 00:00:00.29]   Discovering: ChapanakitCare.Domain.Tests
[xUnit.net 00:00:00.49]   Discovered:  ChapanakitCare.Domain.Tests
[xUnit.net 00:00:00.56]   Starting:    ChapanakitCare.Domain.Tests
[xUnit.net 00:00:06.34]     ChapanakitCare.Domain.Tests.AccountingOpeningPageTests.Guided_opening_preserves_existing_beneficiary_debt_and_additional_bank [FAIL]
[xUnit.net 00:00:06.35]       Assert.IsType() Failure: Value is not the exact type
[xUnit.net 00:00:06.35]       Expected: typeof(Microsoft.AspNetCore.Mvc.RedirectToPageResult)
[xUnit.net 00:00:06.35]       Actual:   typeof(Microsoft.AspNetCore.Mvc.RazorPages.PageResult)
[xUnit.net 00:00:06.35]       Stack Trace:
[xUnit.net 00:00:06.35]         D:\Programing\Personal Projects\Chapanakit-Care\tests\ChapanakitCare.Domain.Tests\AccountingOpeningPageTests.cs(29,0): at ChapanakitCare.Domain.Tests.AccountingOpeningPageTests.Guided_opening_preserves_existing_beneficiary_debt_and_additional_bank()
[xUnit.net 00:00:06.35]         D:\Programing\Personal Projects\Chapanakit-Care\tests\ChapanakitCare.Domain.Tests\AccountingOpeningPageTests.cs(33,0): at ChapanakitCare.Domain.Tests.AccountingOpeningPageTests.Guided_opening_preserves_existing_beneficiary_debt_and_additional_bank()
[xUnit.net 00:00:06.35]         --- End of stack trace from previous location ---
[xUnit.net 00:00:06.48]     ChapanakitCare.Domain.Tests.AccountingOpeningIntegrityTests.Zero_opening_request_replays_after_later_receipt_and_rejects_changed_token_payload [FAIL]
[xUnit.net 00:00:06.48]       ChapanakitCare.Infrastructure.Accounting.AccountingValidationException : สมุดบัญชีนี้เริ่มใช้งานแล้ว ให้บันทึกการแก้ไขพร้อมหลักฐานแทนการตั้งยอดใหม่
[xUnit.net 00:00:06.48]       Stack Trace:
[xUnit.net 00:00:06.48]         D:\Programing\Personal Projects\Chapanakit-Care\src\ChapanakitCare.Infrastructure\AccountingOperations\FinanceOperationService.cs(31,0): at ChapanakitCare.Infrastructure.AccountingOperations.FinanceOperationService.OpenAsync(OpenFinanceBook command, DateTimeOffset now, String actor, CancellationToken ct)
[xUnit.net 00:00:06.48]         D:\Programing\Personal Projects\Chapanakit-Care\src\ChapanakitCare.Infrastructure\AccountingOperations\FinanceOperationService.cs(103,0): at ChapanakitCare.Infrastructure.AccountingOperations.FinanceOperationService.OpenAsync(OpenFinanceBook command, DateTimeOffset now, String actor, CancellationToken ct)
[xUnit.net 00:00:06.48]         D:\Programing\Personal Projects\Chapanakit-Care\tests\ChapanakitCare.Domain.Tests\AccountingOpeningIntegrityTests.cs(33,0): at ChapanakitCare.Domain.Tests.AccountingOpeningIntegrityTests.Zero_opening_request_replays_after_later_receipt_and_rejects_changed_token_payload()
[xUnit.net 00:00:06.48]         D:\Programing\Personal Projects\Chapanakit-Care\tests\ChapanakitCare.Domain.Tests\AccountingOpeningIntegrityTests.cs(36,0): at ChapanakitCare.Domain.Tests.AccountingOpeningIntegrityTests.Zero_opening_request_replays_after_later_receipt_and_rejects_changed_token_payload()
[xUnit.net 00:00:06.48]         --- End of stack trace from previous location ---
  Failed ChapanakitCare.Domain.Tests.AccountingOpeningPageTests.Guided_opening_preserves_existing_beneficiary_debt_and_additional_bank [5 s]
  Error Message:
   Assert.IsType() Failure: Value is not the exact type
Expected: typeof(Microsoft.AspNetCore.Mvc.RedirectToPageResult)
Actual:   typeof(Microsoft.AspNetCore.Mvc.RazorPages.PageResult)
  Stack Trace:
     at ChapanakitCare.Domain.Tests.AccountingOpeningPageTests.Guided_opening_preserves_existing_beneficiary_debt_and_additional_bank() in D:\Programing\Personal Projects\Chapanakit-Care\tests\ChapanakitCare.Domain.Tests\AccountingOpeningPageTests.cs:line 29
   at ChapanakitCare.Domain.Tests.AccountingOpeningPageTests.Guided_opening_preserves_existing_beneficiary_debt_and_additional_bank() in D:\Programing\Personal Projects\Chapanakit-Care\tests\ChapanakitCare.Domain.Tests\AccountingOpeningPageTests.cs:line 33
--- End of stack trace from previous location ---
  Failed ChapanakitCare.Domain.Tests.AccountingOpeningIntegrityTests.Zero_opening_request_replays_after_later_receipt_and_rejects_changed_token_payload [5 s]
  Error Message:
   ChapanakitCare.Infrastructure.Accounting.AccountingValidationException : สมุดบัญชีนี้เริ่มใช้งานแล้ว ให้บันทึกการแก้ไขพร้อมหลักฐานแทนการตั้งยอดใหม่
  Stack Trace:
     at ChapanakitCare.Infrastructure.AccountingOperations.FinanceOperationService.OpenAsync(OpenFinanceBook command, DateTimeOffset now, String actor, CancellationToken ct) in D:\Programing\Personal Projects\Chapanakit-Care\src\ChapanakitCare.Infrastructure\AccountingOperations\FinanceOperationService.cs:line 31
   at ChapanakitCare.Infrastructure.AccountingOperations.FinanceOperationService.OpenAsync(OpenFinanceBook command, DateTimeOffset now, String actor, CancellationToken ct) in D:\Programing\Personal Projects\Chapanakit-Care\src\ChapanakitCare.Infrastructure\AccountingOperations\FinanceOperationService.cs:line 103
   at ChapanakitCare.Domain.Tests.AccountingOpeningIntegrityTests.Zero_opening_request_replays_after_later_receipt_and_rejects_changed_token_payload() in D:\Programing\Personal Projects\Chapanakit-Care\tests\ChapanakitCare.Domain.Tests\AccountingOpeningIntegrityTests.cs:line 33
   at ChapanakitCare.Domain.Tests.AccountingOpeningIntegrityTests.Zero_opening_request_replays_after_later_receipt_and_rejects_changed_token_payload() in D:\Programing\Personal Projects\Chapanakit-Care\tests\ChapanakitCare.Domain.Tests\AccountingOpeningIntegrityTests.cs:line 36
--- End of stack trace from previous location ---
[xUnit.net 00:00:06.87]     ChapanakitCare.Domain.Tests.AccountingHttpFormTests.Trial_report_browser_request_shows_no_errors_for_irrelevant_filters [FAIL]
[xUnit.net 00:00:06.87]       Assert.DoesNotContain() Failure: Sub-string found
[xUnit.net 00:00:06.87]                                       ↓ (pos 2038)
[xUnit.net 00:00:06.87]       String: ···"  <div class="alert validation-summary-er"···
[xUnit.net 00:00:06.87]       Found:  "validation-summary-errors"
[xUnit.net 00:00:06.87]       Stack Trace:
[xUnit.net 00:00:06.87]         D:\Programing\Personal Projects\Chapanakit-Care\tests\ChapanakitCare.Domain.Tests\AccountingHttpFormTests.cs(51,0): at ChapanakitCare.Domain.Tests.AccountingHttpFormTests.Trial_report_browser_request_shows_no_errors_for_irrelevant_filters()
[xUnit.net 00:00:06.87]         --- End of stack trace from previous location ---
[xUnit.net 00:00:07.08]   Finished:    ChapanakitCare.Domain.Tests
  Failed ChapanakitCare.Domain.Tests.AccountingHttpFormTests.Trial_report_browser_request_shows_no_errors_for_irrelevant_filters [1 s]
  Error Message:
   Assert.DoesNotContain() Failure: Sub-string found
                                ↓ (pos 2038)
String: ···"  <div class="alert validation-summary-er"···
Found:  "validation-summary-errors"
  Stack Trace:
     at ChapanakitCare.Domain.Tests.AccountingHttpFormTests.Trial_report_browser_request_shows_no_errors_for_irrelevant_filters() in D:\Programing\Personal Projects\Chapanakit-Care\tests\ChapanakitCare.Domain.Tests\AccountingHttpFormTests.cs:line 51
--- End of stack trace from previous location ---
  Passed ChapanakitCare.Domain.Tests.AccountingOpeningIntegrityTests.Failed_opening_rolls_back_activation_and_allows_a_corrected_request_in_the_same_context [586 ms]

Test Run Failed.
Total tests: 4
     Passed: 1
     Failed: 3
 Total time: 8.2323 Seconds
