  ChapanakitCare.Domain -> D:\Programing\Personal Projects\Chapanakit-Care\src\ChapanakitCare.Domain\bin\Debug\net10.0\ChapanakitCare.Domain.dll
  ChapanakitCare.Infrastructure -> D:\Programing\Personal Projects\Chapanakit-Care\src\ChapanakitCare.Infrastructure\bin\Debug\net10.0\ChapanakitCare.Infrastructure.dll
  ChapanakitCare.Web -> D:\Programing\Personal Projects\Chapanakit-Care\src\ChapanakitCare.Web\bin\Debug\net10.0\ChapanakitCare.dll
  ChapanakitCare.Domain.Tests -> D:\Programing\Personal Projects\Chapanakit-Care\tests\ChapanakitCare.Domain.Tests\bin\Debug\net10.0\ChapanakitCare.Domain.Tests.dll
Test run for D:\Programing\Personal Projects\Chapanakit-Care\tests\ChapanakitCare.Domain.Tests\bin\Debug\net10.0\ChapanakitCare.Domain.Tests.dll (.NETCoreApp,Version=v10.0)
A total of 1 test files matched the specified pattern.
[xUnit.net 00:00:00.00] xUnit.net VSTest Adapter v3.1.4+50e68bbb8b (64-bit .NET 10.0.10)
[xUnit.net 00:00:00.19]   Discovering: ChapanakitCare.Domain.Tests
[xUnit.net 00:00:00.28]   Discovered:  ChapanakitCare.Domain.Tests
[xUnit.net 00:00:00.31]   Starting:    ChapanakitCare.Domain.Tests
[xUnit.net 00:00:01.43]     ChapanakitCare.Domain.Tests.AccountingOpeningPageTests.Guided_opening_does_not_invent_accumulated_fund_to_balance_cash [FAIL]
[xUnit.net 00:00:01.43]       System.NotImplementedException : The method or operation is not implemented.
[xUnit.net 00:00:01.43]       Stack Trace:
[xUnit.net 00:00:01.44]         D:\Programing\Personal Projects\Chapanakit-Care\src\ChapanakitCare.Web\Pages\Accounting\Opening.cshtml.cs(27,0): at ChapanakitCare.Web.Pages.Accounting.OpeningModel.OnPostAsync()
[xUnit.net 00:00:01.44]         D:\Programing\Personal Projects\Chapanakit-Care\tests\ChapanakitCare.Domain.Tests\AccountingOpeningPageTests.cs(32,0): at ChapanakitCare.Domain.Tests.AccountingOpeningPageTests.Guided_opening_does_not_invent_accumulated_fund_to_balance_cash()
[xUnit.net 00:00:01.44]         D:\Programing\Personal Projects\Chapanakit-Care\tests\ChapanakitCare.Domain.Tests\AccountingOpeningPageTests.cs(35,0): at ChapanakitCare.Domain.Tests.AccountingOpeningPageTests.Guided_opening_does_not_invent_accumulated_fund_to_balance_cash()
[xUnit.net 00:00:01.44]         --- End of stack trace from previous location ---
[xUnit.net 00:00:01.55]       System.NotImplementedException : The method or operation is not implemented.
[xUnit.net 00:00:01.55]     ChapanakitCare.Domain.Tests.AccountingOpeningPageTests.Empty_opening_requires_explicit_zero_confirmation [FAIL]
[xUnit.net 00:00:01.55]       Stack Trace:
[xUnit.net 00:00:01.55]         D:\Programing\Personal Projects\Chapanakit-Care\src\ChapanakitCare.Web\Pages\Accounting\Opening.cshtml.cs(27,0): at ChapanakitCare.Web.Pages.Accounting.OpeningModel.OnPostAsync()
[xUnit.net 00:00:01.55]         D:\Programing\Personal Projects\Chapanakit-Care\tests\ChapanakitCare.Domain.Tests\AccountingOpeningPageTests.cs(44,0): at ChapanakitCare.Domain.Tests.AccountingOpeningPageTests.Empty_opening_requires_explicit_zero_confirmation()
[xUnit.net 00:00:01.55]         D:\Programing\Personal Projects\Chapanakit-Care\tests\ChapanakitCare.Domain.Tests\AccountingOpeningPageTests.cs(49,0): at ChapanakitCare.Domain.Tests.AccountingOpeningPageTests.Empty_opening_requires_explicit_zero_confirmation()
[xUnit.net 00:00:01.55]         --- End of stack trace from previous location ---
[xUnit.net 00:00:01.70]     ChapanakitCare.Domain.Tests.AccountingOpeningPageTests.Guided_opening_records_cash_and_individual_advance_from_explicit_evidence [FAIL]
[xUnit.net 00:00:01.70]       System.NotImplementedException : The method or operation is not implemented.
[xUnit.net 00:00:01.70]       Stack Trace:
[xUnit.net 00:00:01.70]         D:\Programing\Personal Projects\Chapanakit-Care\src\ChapanakitCare.Web\Pages\Accounting\Opening.cshtml.cs(27,0): at ChapanakitCare.Web.Pages.Accounting.OpeningModel.OnPostAsync()
[xUnit.net 00:00:01.70]         D:\Programing\Personal Projects\Chapanakit-Care\tests\ChapanakitCare.Domain.Tests\AccountingOpeningPageTests.cs(21,0): at ChapanakitCare.Domain.Tests.AccountingOpeningPageTests.Guided_opening_records_cash_and_individual_advance_from_explicit_evidence()
[xUnit.net 00:00:01.70]         D:\Programing\Personal Projects\Chapanakit-Care\tests\ChapanakitCare.Domain.Tests\AccountingOpeningPageTests.cs(23,0): at ChapanakitCare.Domain.Tests.AccountingOpeningPageTests.Guided_opening_records_cash_and_individual_advance_from_explicit_evidence()
[xUnit.net 00:00:01.70]         --- End of stack trace from previous location ---
  Failed ChapanakitCare.Domain.Tests.AccountingOpeningPageTests.Guided_opening_does_not_invent_accumulated_fund_to_balance_cash [1 s]
  Error Message:
   System.NotImplementedException : The method or operation is not implemented.
  Stack Trace:
     at ChapanakitCare.Web.Pages.Accounting.OpeningModel.OnPostAsync() in D:\Programing\Personal Projects\Chapanakit-Care\src\ChapanakitCare.Web\Pages\Accounting\Opening.cshtml.cs:line 27
   at ChapanakitCare.Domain.Tests.AccountingOpeningPageTests.Guided_opening_does_not_invent_accumulated_fund_to_balance_cash() in D:\Programing\Personal Projects\Chapanakit-Care\tests\ChapanakitCare.Domain.Tests\AccountingOpeningPageTests.cs:line 32
   at ChapanakitCare.Domain.Tests.AccountingOpeningPageTests.Guided_opening_does_not_invent_accumulated_fund_to_balance_cash() in D:\Programing\Personal Projects\Chapanakit-Care\tests\ChapanakitCare.Domain.Tests\AccountingOpeningPageTests.cs:line 35
--- End of stack trace from previous location ---
  Failed ChapanakitCare.Domain.Tests.AccountingOpeningPageTests.Empty_opening_requires_explicit_zero_confirmation [116 ms]
  Error Message:
   System.NotImplementedException : The method or operation is not implemented.
  Stack Trace:
     at ChapanakitCare.Web.Pages.Accounting.OpeningModel.OnPostAsync() in D:\Programing\Personal Projects\Chapanakit-Care\src\ChapanakitCare.Web\Pages\Accounting\Opening.cshtml.cs:line 27
   at ChapanakitCare.Domain.Tests.AccountingOpeningPageTests.Empty_opening_requires_explicit_zero_confirmation() in D:\Programing\Personal Projects\Chapanakit-Care\tests\ChapanakitCare.Domain.Tests\AccountingOpeningPageTests.cs:line 44
   at ChapanakitCare.Domain.Tests.AccountingOpeningPageTests.Empty_opening_requires_explicit_zero_confirmation() in D:\Programing\Personal Projects\Chapanakit-Care\tests\ChapanakitCare.Domain.Tests\AccountingOpeningPageTests.cs:line 49
--- End of stack trace from previous location ---
  Failed ChapanakitCare.Domain.Tests.AccountingOpeningPageTests.Guided_opening_records_cash_and_individual_advance_from_explicit_evidence [151 ms]
  Error Message:
   System.NotImplementedException : The method or operation is not implemented.
  Stack Trace:
     at ChapanakitCare.Web.Pages.Accounting.OpeningModel.OnPostAsync() in D:\Programing\Personal Projects\Chapanakit-Care\src\ChapanakitCare.Web\Pages\Accounting\Opening.cshtml.cs:line 27
   at ChapanakitCare.Domain.Tests.AccountingOpeningPageTests.Guided_opening_records_cash_and_individual_advance_from_explicit_evidence() in D:\Programing\Personal Projects\Chapanakit-Care\tests\ChapanakitCare.Domain.Tests\AccountingOpeningPageTests.cs:line 21
   at ChapanakitCare.Domain.Tests.AccountingOpeningPageTests.Guided_opening_records_cash_and_individual_advance_from_explicit_evidence() in D:\Programing\Personal Projects\Chapanakit-Care\tests\ChapanakitCare.Domain.Tests\AccountingOpeningPageTests.cs:line 23
--- End of stack trace from previous location ---
  Passed ChapanakitCare.Domain.Tests.AccountingPageTests.Receipt_form_converts_buddhist_date_and_baht_then_redirects_to_saved_voucher [2 s]
  Passed ChapanakitCare.Domain.Tests.AccountingPageTests.Voucher_download_returns_the_selected_document_format(format: "csv", contentType: "text/csv; charset=utf-8") [310 ms]
[xUnit.net 00:00:03.86]   Finished:    ChapanakitCare.Domain.Tests
  Passed ChapanakitCare.Domain.Tests.AccountingPageTests.Voucher_download_returns_the_selected_document_format(format: "pdf", contentType: "application/pdf") [600 ms]
  Passed ChapanakitCare.Domain.Tests.AccountingPageTests.Operating_form_posts_selected_expense_or_bank_transfer(kind: "expense", target: "5000", expectedTarget: 2500, expectedCash: 7500) [90 ms]
  Passed ChapanakitCare.Domain.Tests.AccountingPageTests.Operating_form_posts_selected_expense_or_bank_transfer(kind: "transfer", target: "1100", expectedTarget: 2500, expectedCash: 7500) [72 ms]
  Passed ChapanakitCare.Domain.Tests.AccountingPageTests.Receipt_form_rejects_subsatang_input_without_posting [77 ms]
  Passed ChapanakitCare.Domain.Tests.AccountingPageTests.Voucher_reissue_keeps_original_number_and_shows_reversed_status [134 ms]
  Passed ChapanakitCare.Domain.Tests.AccountingPageTests.Expense_form_lists_only_association_accounts [79 ms]

Test Run Failed.
Total tests: 11
     Passed: 8
     Failed: 3
 Total time: 4.3792 Seconds
