  ChapanakitCare.Domain -> D:\Programing\Personal Projects\Chapanakit-Care\src\ChapanakitCare.Domain\bin\Debug\net10.0\ChapanakitCare.Domain.dll
  ChapanakitCare.Infrastructure -> D:\Programing\Personal Projects\Chapanakit-Care\src\ChapanakitCare.Infrastructure\bin\Debug\net10.0\ChapanakitCare.Infrastructure.dll
  ChapanakitCare.Web -> D:\Programing\Personal Projects\Chapanakit-Care\src\ChapanakitCare.Web\bin\Debug\net10.0\ChapanakitCare.dll
  ChapanakitCare.Domain.Tests -> D:\Programing\Personal Projects\Chapanakit-Care\tests\ChapanakitCare.Domain.Tests\bin\Debug\net10.0\ChapanakitCare.Domain.Tests.dll
Test run for D:\Programing\Personal Projects\Chapanakit-Care\tests\ChapanakitCare.Domain.Tests\bin\Debug\net10.0\ChapanakitCare.Domain.Tests.dll (.NETCoreApp,Version=v10.0)
A total of 1 test files matched the specified pattern.
[xUnit.net 00:00:00.00] xUnit.net VSTest Adapter v3.1.4+50e68bbb8b (64-bit .NET 10.0.10)
[xUnit.net 00:00:00.42]   Discovering: ChapanakitCare.Domain.Tests
[xUnit.net 00:00:00.63]   Discovered:  ChapanakitCare.Domain.Tests
[xUnit.net 00:00:00.78]   Starting:    ChapanakitCare.Domain.Tests
  Passed ChapanakitCare.Domain.Tests.FinanceMoneyTests.Rejects_fractional_satang_malformed_grouping_and_out_of_range_input(input: "1.001") [174 ms]
  Passed ChapanakitCare.Domain.Tests.ThaiBuddhistDateTests.Gregorian_storage_year_is_not_guessed_to_be_a_buddhist_year [168 ms]
  Passed ChapanakitCare.Domain.Tests.FinanceMoneyTests.Rejects_fractional_satang_malformed_grouping_and_out_of_range_input(input: "0") [< 1 ms]
  Passed ChapanakitCare.Domain.Tests.FinanceMoneyTests.Rejects_fractional_satang_malformed_grouping_and_out_of_range_input(input: "92233720368547758.08") [< 1 ms]
  Passed ChapanakitCare.Domain.Tests.FinanceMoneyTests.Rejects_fractional_satang_malformed_grouping_and_out_of_range_input(input: "NaN") [< 1 ms]
  Passed ChapanakitCare.Domain.Tests.FinanceMoneyTests.Rejects_fractional_satang_malformed_grouping_and_out_of_range_input(input: "-1") [< 1 ms]
  Passed ChapanakitCare.Domain.Tests.FinanceMoneyTests.Rejects_fractional_satang_malformed_grouping_and_out_of_range_input(input: "12,34.50") [< 1 ms]
  Passed ChapanakitCare.Domain.Tests.FinanceMoneyTests.Rejects_fractional_satang_malformed_grouping_and_out_of_range_input(input: "1e3") [< 1 ms]
  Passed ChapanakitCare.Domain.Tests.CheckpointThreeFormGuardTests.Interactive_registration_allows_missing_member_phone_but_rejects_other_required_fields [181 ms]
  Passed ChapanakitCare.Domain.Tests.ThaiBuddhistDateTests.Parse_converts_buddhist_era_input_to_gregorian_date [8 ms]
  Passed ChapanakitCare.Domain.Tests.FinanceMoneyTests.Parses_human_baht_input_without_floating_point_rounding(input: "0.01", expected: 1) [7 ms]
  Passed ChapanakitCare.Domain.Tests.ThaiBuddhistDateTests.Format_displays_a_gregorian_date_in_buddhist_era [< 1 ms]
  Passed ChapanakitCare.Domain.Tests.FinanceMoneyTests.Parses_human_baht_input_without_floating_point_rounding(input: "9", expected: 900) [< 1 ms]
  Passed ChapanakitCare.Domain.Tests.FinanceMoneyTests.Parses_human_baht_input_without_floating_point_rounding(input: "1,234.50", expected: 123450) [< 1 ms]
  Passed ChapanakitCare.Domain.Tests.FinanceMoneyTests.Parses_human_baht_input_without_floating_point_rounding(input: " 451.2 ", expected: 45120) [< 1 ms]
  Passed ChapanakitCare.Domain.Tests.FinanceMoneyTests.Formats_signed_satang_without_losing_precision(satang: -9223372036854775808, expected: "-92,233,720,368,547,758.08") [1 ms]
  Passed ChapanakitCare.Domain.Tests.FinanceMoneyTests.Formats_signed_satang_without_losing_precision(satang: 123456, expected: "1,234.56") [< 1 ms]
  Passed ChapanakitCare.Domain.Tests.FinanceMoneyTests.Formats_signed_satang_without_losing_precision(satang: -451, expected: "-4.51") [< 1 ms]
  Passed ChapanakitCare.Domain.Tests.FinanceMoneyTests.Formats_signed_satang_without_losing_precision(satang: 0, expected: "0.00") [< 1 ms]
  Passed ChapanakitCare.Domain.Tests.FinanceMoneyTests.Zero_is_allowed_only_for_explicit_opening_fields [< 1 ms]
  Passed ChapanakitCare.Domain.Tests.CheckpointThreeFormGuardTests.Interactive_registration_rejects_beneficiary_personal_id_that_is_not_exactly_13_digits(personalId: "123456789012") [14 ms]
  Passed ChapanakitCare.Domain.Tests.CheckpointThreeFormGuardTests.Interactive_registration_rejects_beneficiary_personal_id_that_is_not_exactly_13_digits(personalId: "12345678901234") [< 1 ms]
  Passed ChapanakitCare.Domain.Tests.CheckpointThreeFormGuardTests.Interactive_registration_rejects_beneficiary_personal_id_that_is_not_exactly_13_digits(personalId: "123456789012x") [< 1 ms]
  Passed ChapanakitCare.Domain.Tests.CheckpointThreeFormGuardTests.Title_suggests_gender_without_making_unknown_titles_invalid(title: "เด็กชาย", expected: "ชาย") [< 1 ms]
  Passed ChapanakitCare.Domain.Tests.CheckpointThreeFormGuardTests.Title_suggests_gender_without_making_unknown_titles_invalid(title: "น.ส.", expected: "หญิง") [< 1 ms]
  Passed ChapanakitCare.Domain.Tests.CheckpointThreeFormGuardTests.Title_suggests_gender_without_making_unknown_titles_invalid(title: "นางสาว", expected: "หญิง") [< 1 ms]
  Passed ChapanakitCare.Domain.Tests.CheckpointThreeFormGuardTests.Title_suggests_gender_without_making_unknown_titles_invalid(title: "นาง", expected: "หญิง") [< 1 ms]
  Passed ChapanakitCare.Domain.Tests.CheckpointThreeFormGuardTests.Title_suggests_gender_without_making_unknown_titles_invalid(title: "ดร.", expected: null) [< 1 ms]
  Passed ChapanakitCare.Domain.Tests.CheckpointThreeFormGuardTests.Title_suggests_gender_without_making_unknown_titles_invalid(title: "นาย", expected: "ชาย") [< 1 ms]
  Passed ChapanakitCare.Domain.Tests.CheckpointThreeFormGuardTests.Interactive_registration_requires_one_complete_beneficiary [3 ms]
  Passed ChapanakitCare.Domain.Tests.RegistrationAgeTests.Eligibility_uses_completed_age_on_registration_date(year: 2006, month: 7, day: 20, eligible: False) [8 ms]
  Passed ChapanakitCare.Domain.Tests.RegistrationAgeTests.Eligibility_uses_completed_age_on_registration_date(year: 1965, month: 7, day: 20, eligible: True) [1 ms]
  Passed ChapanakitCare.Domain.Tests.RegistrationAgeTests.Eligibility_uses_completed_age_on_registration_date(year: 1965, month: 7, day: 19, eligible: False) [< 1 ms]
  Passed ChapanakitCare.Domain.Tests.RegistrationAgeTests.Eligibility_uses_completed_age_on_registration_date(year: 1461, month: 7, day: 19, eligible: False) [< 1 ms]
  Passed ChapanakitCare.Domain.Tests.RegistrationAgeTests.Eligibility_uses_completed_age_on_registration_date(year: 1966, month: 7, day: 19, eligible: True) [< 1 ms]
  Passed ChapanakitCare.Domain.Tests.RegistrationAgeTests.Eligibility_uses_completed_age_on_registration_date(year: 2006, month: 7, day: 19, eligible: True) [< 1 ms]
  Passed ChapanakitCare.Domain.Tests.ReportLayoutTests.Sequence_numbers_remain_whole_through_the_integer_count_range(kind: "all", sequence: "2147483647") [756 ms]
  Passed ChapanakitCare.Domain.Tests.ReportLayoutTests.Sequence_numbers_remain_whole_through_the_integer_count_range(kind: "sak", sequence: "2147483647") [77 ms]
  Passed ChapanakitCare.Domain.Tests.ReportLayoutTests.Sequence_numbers_remain_whole_through_the_integer_count_range(kind: "group", sequence: "1000") [18 ms]
  Passed ChapanakitCare.Domain.Tests.ReportLayoutTests.Sequence_numbers_remain_whole_through_the_integer_count_range(kind: "sak", sequence: "1000") [22 ms]
  Passed ChapanakitCare.Domain.Tests.ThaiValidationTests.Model_binding_failures_are_reported_in_Thai [2 ms]
  Passed ChapanakitCare.Domain.Tests.ReportLayoutTests.Sequence_numbers_remain_whole_through_the_integer_count_range(kind: "monthly", sequence: "2147483647") [93 ms]
  Passed ChapanakitCare.Domain.Tests.ReportLayoutTests.Sequence_numbers_remain_whole_through_the_integer_count_range(kind: "all", sequence: "1000") [14 ms]
  Passed ChapanakitCare.Domain.Tests.ReportLayoutTests.Sequence_numbers_remain_whole_through_the_integer_count_range(kind: "group", sequence: "2147483647") [14 ms]
  Passed ChapanakitCare.Domain.Tests.ReportLayoutTests.Sequence_numbers_remain_whole_through_the_integer_count_range(kind: "monthly", sequence: "1000") [21 ms]
  Passed ChapanakitCare.Domain.Tests.RegistrationAgeTests.Registration_rejects_approval_before_application_or_a_buddhist_year_in_storage(year: 2569, month: 7, day: 19) [3 s]
  Passed ChapanakitCare.Domain.Tests.RegistrationAgeTests.Registration_rejects_approval_before_application_or_a_buddhist_year_in_storage(year: 2026, month: 7, day: 18) [541 ms]
  Passed ChapanakitCare.Domain.Tests.ReportCompletionHttpTests.Missing_or_invalid_report_parameters_return_bad_request_instead_of_a_server_error(target: "/Reports?handler=Monthly&month=not-a-month") [751 ms]
  Passed ChapanakitCare.Domain.Tests.RegistrationAgeTests.Service_rejects_underage_registration_before_allocating_number_or_writing_history [403 ms]
  Passed ChapanakitCare.Domain.Tests.FinanceOperationTests.Opening_income_and_unsupported_member_dimensions_are_rejected_without_activation [2 s]
  Passed ChapanakitCare.Domain.Tests.CheckpointFourReportTests.Official_reports_use_the_canonical_organization_without_company_or_locality_suffixes [5 s]
  Passed ChapanakitCare.Domain.Tests.CheckpointThreeWorkflowTests.Reset_restores_only_living_members_and_is_idempotent [5 s]
  Passed ChapanakitCare.Domain.Tests.DatabaseContractTests.Database_rejects_member_run_number_that_is_not_exactly_five_characters [443 ms]
  Passed ChapanakitCare.Domain.Tests.AccountingWorkflowGuardTests.Registration_after_cutover_starts_unpaid_until_actual_receipt [5 s]
  Passed ChapanakitCare.Domain.Tests.ReportCompletionHttpTests.Missing_or_invalid_report_parameters_return_bad_request_instead_of_a_server_error(target: "/Reports?handler=SakOne&month=9999-12") [65 ms]
  Passed ChapanakitCare.Domain.Tests.CheckpointFourReportTests.All_members_report_lists_non_archived_members_with_one_continuation_row_per_beneficiary [540 ms]
  Passed ChapanakitCare.Domain.Tests.CheckpointFourReportTests.Report_page_keeps_month_query_value_in_gregorian_format_under_thai_culture [1 ms]
  Passed ChapanakitCare.Domain.Tests.CheckpointFourReportTests.Death_report_expands_two_beneficiaries_and_blanks_repeated_member_cells [44 ms]
  Passed ChapanakitCare.Domain.Tests.AccountingMigrationTests.SQLite_rejects_updates_and_deletes_of_append_only_accounting_history [4 s]
  Passed ChapanakitCare.Domain.Tests.DatabaseContractTests.Database_rejects_a_third_beneficiary_slot [462 ms]
  Passed ChapanakitCare.Domain.Tests.FinanceOperationTests.Receipt_adds_real_member_advance_and_replay_cannot_add_money_twice [921 ms]
  Passed ChapanakitCare.Domain.Tests.CoordinatorPageTests.Coordinator_route_renders_a_group_vacancy_and_its_scoped_appointment_form [1 s]
  Passed ChapanakitCare.Domain.Tests.AccountingCashAccountTests.Collector_cash_is_separate_and_depositing_it_is_a_transfer_without_second_receipt [6 s]
  Passed ChapanakitCare.Domain.Tests.ReportLayoutTests.Multipage_reports_keep_every_member_and_beneficiary_and_number_every_page(kind: "monthly") [4 s]
  Passed ChapanakitCare.Domain.Tests.AccountingAdjustmentTests.Reclassification_form_posts_the_selected_document_and_categories [6 s]
  Passed ChapanakitCare.Domain.Tests.AccountingReportPageTests.Report_page_returns_the_requested_read_only_document_format(format: "pdf", contentType: "application/pdf") [6 s]
  Passed ChapanakitCare.Domain.Tests.CheckpointFourReportTests.Three_fixed_reports_generate_real_pdf_documents [665 ms]
  Passed ChapanakitCare.Domain.Tests.DatabaseContractTests.Database_seeds_the_single_launcher_settings_row_with_agreed_defaults [595 ms]
  Passed ChapanakitCare.Domain.Tests.ReportCompletionHttpTests.Missing_or_invalid_report_parameters_return_bad_request_instead_of_a_server_error(target: "/Reports?handler=MemberByManager") [109 ms]
  Passed ChapanakitCare.Domain.Tests.AccountingCashAccountTests.Management_form_adds_a_named_cash_holder_in_selected_book [747 ms]
  Passed ChapanakitCare.Domain.Tests.AccountingWorkflowGuardTests.Death_form_displays_accounting_setup_error_without_saving_a_death [1 s]
  Passed ChapanakitCare.Domain.Tests.FinanceOperationTests.Receipt_clears_recorded_shortfall_before_adding_advance [1 s]
  Passed ChapanakitCare.Domain.Tests.CheckpointFourReportTests.Monthly_member_report_keeps_member_details_only_once_when_two_beneficiaries_exist [660 ms]
[xUnit.net 00:00:08.08]     ChapanakitCare.Domain.Tests.DatabaseContractTests.Ef_model_creates_every_first_day_table_in_real_sqlite [FAIL]
[xUnit.net 00:00:08.09]       Assert.Equal() Failure: Collections differ
[xUnit.net 00:00:08.09]                               ↓ (pos 0)
[xUnit.net 00:00:08.09]       Expected: string[]     ["advance_ledger_entries", "advance_reset_batches", "advance_reset_lines", "audit_events", "audit_field_changes", ···]
[xUnit.net 00:00:08.09]       Actual:   List<string> ["accounting_accounts", "accounting_books", "accounting_journal_lines", "accounting_journals", "accounting_periods", ···]
[xUnit.net 00:00:08.09]                               ↑ (pos 0)
[xUnit.net 00:00:08.09]       Stack Trace:
[xUnit.net 00:00:08.10]         D:\Programing\Personal Projects\Chapanakit-Care\tests\ChapanakitCare.Domain.Tests\DatabaseContractTests.cs(45,0): at ChapanakitCare.Domain.Tests.DatabaseContractTests.Ef_model_creates_every_first_day_table_in_real_sqlite()
[xUnit.net 00:00:08.10]         D:\Programing\Personal Projects\Chapanakit-Care\tests\ChapanakitCare.Domain.Tests\DatabaseContractTests.cs(45,0): at ChapanakitCare.Domain.Tests.DatabaseContractTests.Ef_model_creates_every_first_day_table_in_real_sqlite()
[xUnit.net 00:00:08.10]         D:\Programing\Personal Projects\Chapanakit-Care\tests\ChapanakitCare.Domain.Tests\DatabaseContractTests.cs(45,0): at ChapanakitCare.Domain.Tests.DatabaseContractTests.Ef_model_creates_every_first_day_table_in_real_sqlite()
[xUnit.net 00:00:08.10]         --- End of stack trace from previous location ---
  Failed ChapanakitCare.Domain.Tests.DatabaseContractTests.Ef_model_creates_every_first_day_table_in_real_sqlite [647 ms]
  Error Message:
   Assert.Equal() Failure: Collections differ
                        ↓ (pos 0)
Expected: string[]     ["advance_ledger_entries", "advance_reset_batches", "advance_reset_lines", "audit_events", "audit_field_changes", ···]
Actual:   List<string> ["accounting_accounts", "accounting_books", "accounting_journal_lines", "accounting_journals", "accounting_periods", ···]
                        ↑ (pos 0)
  Stack Trace:
     at ChapanakitCare.Domain.Tests.DatabaseContractTests.Ef_model_creates_every_first_day_table_in_real_sqlite() in D:\Programing\Personal Projects\Chapanakit-Care\tests\ChapanakitCare.Domain.Tests\DatabaseContractTests.cs:line 45
   at ChapanakitCare.Domain.Tests.DatabaseContractTests.Ef_model_creates_every_first_day_table_in_real_sqlite() in D:\Programing\Personal Projects\Chapanakit-Care\tests\ChapanakitCare.Domain.Tests\DatabaseContractTests.cs:line 45
   at ChapanakitCare.Domain.Tests.DatabaseContractTests.Ef_model_creates_every_first_day_table_in_real_sqlite() in D:\Programing\Personal Projects\Chapanakit-Care\tests\ChapanakitCare.Domain.Tests\DatabaseContractTests.cs:line 45
--- End of stack trace from previous location ---
  Passed ChapanakitCare.Domain.Tests.AccountingAdjustmentTests.Expense_reclassification_corrects_an_older_document_without_changing_cash_or_total_expense [1 s]
  Passed ChapanakitCare.Domain.Tests.CheckpointThreeWorkflowTests.Nonpay_death_returns_zero_and_does_not_decrement_other_members(manual: True, expected: "manual_nonpay_zero") [2 s]
  Passed ChapanakitCare.Domain.Tests.AccountingReportPageTests.Report_page_returns_the_requested_read_only_document_format(format: "csv", contentType: "text/csv; charset=utf-8") [942 ms]
  Passed ChapanakitCare.Domain.Tests.WelfareCollectionTests.Invalid_member_in_batch_leaves_no_partial_collections [745 ms]
  Passed ChapanakitCare.Domain.Tests.AccountingWorkflowGuardTests.Active_accounting_replaces_reset_reminders_with_collection_guidance_without_creating_money [820 ms]
  Passed ChapanakitCare.Domain.Tests.CheckpointFourReportTests.Empty_report_data_generates_readable_pdf_documents [748 ms]
  Passed ChapanakitCare.Domain.Tests.ReportCompletionHttpTests.Report_page_renders_an_exact_group_option_with_current_leader_or_vacancy [408 ms]
  Passed ChapanakitCare.Domain.Tests.FinanceOperationTests.Opening_records_supplied_money_in_separate_books_without_creating_income [948 ms]
  Passed ChapanakitCare.Domain.Tests.CoordinatorPageTests.Failed_replacement_keeps_the_search_and_concurrency_context_for_a_corrected_submission [1 s]
  Passed ChapanakitCare.Domain.Tests.CheckpointThreeWorkflowTests.Nonpay_death_returns_zero_and_does_not_decrement_other_members(manual: False, expected: "before_coverage_zero") [739 ms]
  Passed ChapanakitCare.Domain.Tests.AccountingMigrationTests.Direct_ef_write_rejects_an_unbalanced_posted_journal_before_sqlite_receives_it [2 s]
  Passed ChapanakitCare.Domain.Tests.WelfareCollectionTests.Collection_requests_preserve_member_group_and_do_not_reset_paid_units [697 ms]
  Passed ChapanakitCare.Domain.Tests.CheckpointFourReportTests.Latest_member_application_month_is_reported_as_the_first_day_of_that_month [650 ms]
  Passed ChapanakitCare.Domain.Tests.AccountingWorkflowGuardTests.Active_books_preserve_member_history [779 ms]
  Passed ChapanakitCare.Domain.Tests.AccountingReportPageTests.General_ledger_page_scopes_account_choices_to_the_selected_book_and_parses_a_period [1 s]
  Passed ChapanakitCare.Domain.Tests.FinanceOperationTests.Failed_group_receipt_cannot_leak_counter_changes_into_a_later_save [762 ms]
  Passed ChapanakitCare.Domain.Tests.WelfareCollectionTests.Identical_request_replays_but_changed_payload_and_duplicate_cycle_are_rejected [587 ms]
  Passed ChapanakitCare.Domain.Tests.CheckpointThreeWorkflowTests.Payable_death_is_atomic_and_returns_advance_plus_net_collection [769 ms]
  Passed ChapanakitCare.Domain.Tests.AccountingReconciliationTests.Reconciliation_freezes_statement_difference_without_creating_an_adjustment [1 s]
[xUnit.net 00:00:09.92]     ChapanakitCare.Domain.Tests.DatabaseContractTests.Initial_migration_creates_the_first_day_schema_and_seed_settings [FAIL]
[xUnit.net 00:00:09.92]       Assert.Equal() Failure: Collections differ
[xUnit.net 00:00:09.92]                               ↓ (pos 0)
[xUnit.net 00:00:09.92]       Expected: string[]     ["advance_ledger_entries", "advance_reset_batches", "advance_reset_lines", "audit_events", "audit_field_changes", ···]
[xUnit.net 00:00:09.92]       Actual:   List<string> ["accounting_accounts", "accounting_books", "accounting_journal_lines", "accounting_journals", "accounting_periods", ···]
[xUnit.net 00:00:09.92]                               ↑ (pos 0)
[xUnit.net 00:00:09.92]       Stack Trace:
[xUnit.net 00:00:09.92]         D:\Programing\Personal Projects\Chapanakit-Care\tests\ChapanakitCare.Domain.Tests\DatabaseContractTests.cs(58,0): at ChapanakitCare.Domain.Tests.DatabaseContractTests.Initial_migration_creates_the_first_day_schema_and_seed_settings()
[xUnit.net 00:00:09.92]         D:\Programing\Personal Projects\Chapanakit-Care\tests\ChapanakitCare.Domain.Tests\DatabaseContractTests.cs(59,0): at ChapanakitCare.Domain.Tests.DatabaseContractTests.Initial_migration_creates_the_first_day_schema_and_seed_settings()
[xUnit.net 00:00:09.92]         D:\Programing\Personal Projects\Chapanakit-Care\tests\ChapanakitCare.Domain.Tests\DatabaseContractTests.cs(59,0): at ChapanakitCare.Domain.Tests.DatabaseContractTests.Initial_migration_creates_the_first_day_schema_and_seed_settings()
[xUnit.net 00:00:09.92]         --- End of stack trace from previous location ---
  Failed ChapanakitCare.Domain.Tests.DatabaseContractTests.Initial_migration_creates_the_first_day_schema_and_seed_settings [1 s]
  Error Message:
   Assert.Equal() Failure: Collections differ
                        ↓ (pos 0)
Expected: string[]     ["advance_ledger_entries", "advance_reset_batches", "advance_reset_lines", "audit_events", "audit_field_changes", ···]
Actual:   List<string> ["accounting_accounts", "accounting_books", "accounting_journal_lines", "accounting_journals", "accounting_periods", ···]
                        ↑ (pos 0)
  Stack Trace:
     at ChapanakitCare.Domain.Tests.DatabaseContractTests.Initial_migration_creates_the_first_day_schema_and_seed_settings() in D:\Programing\Personal Projects\Chapanakit-Care\tests\ChapanakitCare.Domain.Tests\DatabaseContractTests.cs:line 58
   at ChapanakitCare.Domain.Tests.DatabaseContractTests.Initial_migration_creates_the_first_day_schema_and_seed_settings() in D:\Programing\Personal Projects\Chapanakit-Care\tests\ChapanakitCare.Domain.Tests\DatabaseContractTests.cs:line 59
   at ChapanakitCare.Domain.Tests.DatabaseContractTests.Initial_migration_creates_the_first_day_schema_and_seed_settings() in D:\Programing\Personal Projects\Chapanakit-Care\tests\ChapanakitCare.Domain.Tests\DatabaseContractTests.cs:line 59
--- End of stack trace from previous location ---
  Passed ChapanakitCare.Domain.Tests.CoordinatorPageTests.Posting_the_rendered_appointment_form_uses_PRG_and_shows_the_new_holder [381 ms]
  Passed ChapanakitCare.Domain.Tests.AccountingWorkflowGuardTests.Active_books_preserve_the_four_percent_policy [601 ms]
  Passed ChapanakitCare.Domain.Tests.CheckpointFourReportTests.Month_scoped_reports_put_the_buddhist_month_title_directly_under_the_organization [670 ms]
  Passed ChapanakitCare.Domain.Tests.CheckpointFourReportTests.Member_by_manager_rows_keep_member_details_only_on_the_first_beneficiary_line [1 ms]
  Passed ChapanakitCare.Domain.Tests.ReportLayoutTests.Multipage_reports_keep_every_member_and_beneficiary_and_number_every_page(kind: "group") [3 s]
  Passed ChapanakitCare.Domain.Tests.AccountingReportPageTests.Trial_balance_page_uses_the_selected_book_and_business_date_cutoff [791 ms]
  Passed ChapanakitCare.Domain.Tests.ResignationWorkflowTests.Fresh_migrated_database_accepts_the_resigned_status_and_refund_ledger_entry [2 s]
  Passed ChapanakitCare.Domain.Tests.CheckpointThreeWorkflowTests.Notifications_are_once_per_month_and_once_per_reset_cycle [639 ms]
  Passed ChapanakitCare.Domain.Tests.CheckpointFourWorkflowTests.Audit_action_label_never_exposes_internal_death_code [3 ms]
  Passed ChapanakitCare.Domain.Tests.FinanceOperationTests.Welfare_opening_projects_verified_member_money_and_does_not_keep_legacy_paid_units [799 ms]
  Passed ChapanakitCare.Domain.Tests.AccountingWorkflowGuardTests.Legacy_reset_page_displays_validation_instead_of_throwing_when_accounting_is_active [521 ms]
  Passed ChapanakitCare.Domain.Tests.FinanceReversalTests.Reversal_rejects_receipt_with_later_financial_activity [776 ms]
  Passed ChapanakitCare.Domain.Tests.FinanceDisbursementTests.Remittance_settles_reciprocal_balances_without_recognizing_income_again [895 ms]
  Passed ChapanakitCare.Domain.Tests.ActivityHistoryTests.Beneficiary_address_edits_have_old_and_new_values_in_member_history [292 ms]
  Passed ChapanakitCare.Domain.Tests.ResignationWorkflowTests.Confirming_a_resignation_refunds_the_remaining_advance_and_cannot_be_repeated [403 ms]
  Passed ChapanakitCare.Domain.Tests.CheckpointFourWorkflowTests.Reimport_skips_matching_fixture_identity_without_blocking_other_new_records [448 ms]
  Passed ChapanakitCare.Domain.Tests.AccountingReportPageTests.Report_page_rejects_unknown_book_and_malformed_buddhist_date_without_falling_back [568 ms]
  Passed ChapanakitCare.Domain.Tests.AccountingMigrationTests.SQLite_rejects_a_reversal_that_targets_a_journal_in_another_book [1 s]
  Passed ChapanakitCare.Domain.Tests.CoordinatorPageTests.Submitting_a_stale_rendered_form_keeps_the_newer_holder_and_requires_reload [448 ms]
  Passed ChapanakitCare.Domain.Tests.AccountingReportQueryTests.Trial_balance_uses_business_date_cutoff_keeps_books_separate_and_does_not_mutate_journals [974 ms]
  Passed ChapanakitCare.Domain.Tests.ActivityHistoryTests.Audit_entries_cannot_be_edited_in_place [66 ms]
  Passed ChapanakitCare.Domain.Tests.FinanceDisbursementTests.Transfer_moves_cash_to_bank_in_same_book_without_income_or_expense [543 ms]
  Passed ChapanakitCare.Domain.Tests.AccountingWorkflowGuardTests.Failed_death_accounting_cannot_persist_deceased_status_on_later_save [617 ms]
  Passed ChapanakitCare.Domain.Tests.FinanceOperationTests.Collection_receipt_records_partial_payment_and_rejects_overpayment_without_side_effects [869 ms]
  Passed ChapanakitCare.Domain.Tests.AccountingOpeningPageTests.Guided_opening_does_not_invent_accumulated_fund_to_balance_cash [526 ms]
  Passed ChapanakitCare.Domain.Tests.FinanceReversalTests.Fee_remittance_reversal_restores_both_books_atomically [906 ms]
  Passed ChapanakitCare.Domain.Tests.ActivityHistoryTests.Clearing_demo_members_preserves_history_and_records_the_clear [65 ms]
  Passed ChapanakitCare.Domain.Tests.CheckpointFourWorkflowTests.Clear_demo_members_removes_all_dependent_operational_data_and_restarts_member_numbers [700 ms]
  Passed ChapanakitCare.Domain.Tests.FinanceDisbursementTests.Operating_expense_reduces_association_cash_and_replay_does_not_spend_twice [503 ms]
  Passed ChapanakitCare.Domain.Tests.CheckpointTwoWorkflowTests.Registration_uses_the_current_launcher_constants [366 ms]
  Passed ChapanakitCare.Domain.Tests.AccountingWorkflowGuardTests.Active_accounting_rejects_unit_reset_without_creating_paid_balances [569 ms]
  Passed ChapanakitCare.Domain.Tests.CoordinatorPageTests.Coordinator_roster_shows_an_immutable_history_with_member_snapshots_reason_and_Thai_date [251 ms]
  Passed ChapanakitCare.Domain.Tests.AccountingOpeningPageTests.Empty_opening_requires_explicit_zero_confirmation [468 ms]
  Passed ChapanakitCare.Domain.Tests.CheckpointFourWorkflowTests.Death_preview_is_read_only_and_returns_reference_breakdown_with_equal_recipient_shares [530 ms]
  Passed ChapanakitCare.Domain.Tests.CheckpointFiveWorkflowTests.Member_registration_persists_editable_district_and_province [394 ms]
  Passed ChapanakitCare.Domain.Tests.CheckpointFiveWorkflowTests.Registration_rejects_birth_date_after_application_date [14 ms]
  Passed ChapanakitCare.Domain.Tests.AccountingReportQueryTests.Income_expense_report_shows_only_the_association_fee_income_and_operating_expense [1 s]
  Passed ChapanakitCare.Domain.Tests.AccountingReportQueryTests.Journal_document_data_and_csv_keep_posted_reversal_lines_visible [31 ms]
  Passed ChapanakitCare.Domain.Tests.AccountingReportQueryTests.General_ledger_document_data_carries_opening_movement_and_running_balances [7 ms]
  Passed ChapanakitCare.Domain.Tests.ActivityHistoryTests.Advance_reset_is_audited_once_and_reads_do_not_add_history [261 ms]
  Passed ChapanakitCare.Domain.Tests.CheckpointTwoWorkflowTests.Member_search_combines_record_text_date_range_and_status [519 ms]
  Passed ChapanakitCare.Domain.Tests.MemberDateSubmissionTests.History_navigation_reaches_events_older_than_200_without_recording_reads [778 ms]
  Passed ChapanakitCare.Domain.Tests.FinanceReversalTests.Receipt_reversal_appends_opposite_entries_and_restores_member_projection_once [843 ms]
  Passed ChapanakitCare.Domain.Tests.ReportLayoutTests.Multipage_reports_keep_every_member_and_beneficiary_and_number_every_page(kind: "all") [2 s]
  Passed ChapanakitCare.Domain.Tests.CheckpointFiveWorkflowTests.Death_preview_exposes_configured_special_nonpay_safeguard [423 ms]
  Passed ChapanakitCare.Domain.Tests.CheckpointFourWorkflowTests.Demo_import_adds_new_fixture_records_when_other_members_already_exist [526 ms]
  Passed ChapanakitCare.Domain.Tests.FinanceDisbursementTests.Benefit_payment_cannot_exceed_the_selected_beneficiary_opening_payable [1 s]
  Passed ChapanakitCare.Domain.Tests.AccountingBenefitTests.Actual_prepaid_money_survives_partial_units_and_is_split_without_loss [10 ms]
  Passed ChapanakitCare.Domain.Tests.AccountingBenefitTests.Actual_recorded_shortfall_reduces_benefit_without_revaluing_old_units [< 1 ms]
  Passed ChapanakitCare.Domain.Tests.AccountingBenefitTests.Nonpay_case_does_not_turn_prepaid_money_into_a_benefit_automatically [< 1 ms]
  Passed ChapanakitCare.Domain.Tests.AccountingOpeningPageTests.Guided_opening_preserves_existing_beneficiary_debt_and_additional_bank [875 ms]
  Passed ChapanakitCare.Domain.Tests.CoordinatorPageTests.Posting_the_rendered_end_form_uses_PRG_and_names_the_vacancy [350 ms]
  Passed ChapanakitCare.Domain.Tests.CheckpointTwoWorkflowTests.Editing_member_preserves_run_number_and_records_changed_fields [614 ms]
  Passed ChapanakitCare.Domain.Tests.CheckpointFiveWorkflowTests.Settings_reject_negative_registration_fee [435 ms]
  Passed ChapanakitCare.Domain.Tests.AccountingMigrationTests.Upgrade_from_pre_accounting_database_preserves_member_snapshot_and_unit_ledger [2 s]
  Passed ChapanakitCare.Domain.Tests.AccountingPageTests.Receipt_form_converts_buddhist_date_and_baht_then_redirects_to_saved_voucher [740 ms]
  Passed ChapanakitCare.Domain.Tests.CheckpointFourWorkflowTests.Reimport_skips_blank_id_fixture_using_stable_person_fields [455 ms]
  Passed ChapanakitCare.Domain.Tests.CheckpointTwoWorkflowTests.Editing_member_recalculates_coverage_from_approval_date_not_application_date [545 ms]
  Passed ChapanakitCare.Domain.Tests.AccountingOpeningPageTests.Guided_opening_records_cash_and_individual_advance_from_explicit_evidence [631 ms]
  Passed ChapanakitCare.Domain.Tests.AccountingReportQueryTests.Journal_report_marks_the_posted_reversal_without_omitting_its_signed_lines [1 s]
  Passed ChapanakitCare.Domain.Tests.ReportCompletionDataTests.Available_relationships_and_membership_exit_are_printed_from_saved_data [529 ms]
  Passed ChapanakitCare.Domain.Tests.CheckpointFiveWorkflowTests.Backup_creates_an_integrity_checked_sqlite_copy_and_logs_its_hash [690 ms]
  Passed ChapanakitCare.Domain.Tests.CheckpointTwoWorkflowTests.Demo_import_only_runs_into_an_empty_disposable_database [516 ms]
  Passed ChapanakitCare.Domain.Tests.AccountingPageTests.Voucher_download_returns_the_selected_document_format(format: "csv", contentType: "text/csv; charset=utf-8") [892 ms]
  Passed ChapanakitCare.Domain.Tests.CheckpointFiveWorkflowTests.Table_preference_round_trips_combined_field_components [478 ms]
  Passed ChapanakitCare.Domain.Tests.ReportCompletionDataTests.Group_options_keep_the_exact_group_number_and_show_the_current_leader_or_vacancy [677 ms]
  Passed ChapanakitCare.Domain.Tests.ReportCompletionDataTests.Member_by_manager_rows_keep_each_beneficiary_relationship_on_the_matching_row [1 ms]
  Passed ChapanakitCare.Domain.Tests.CheckpointTwoWorkflowTests.Registering_member_rejects_more_than_two_beneficiaries [447 ms]
  Passed ChapanakitCare.Domain.Tests.AccountingCollectionPageTests.Collection_page_displays_an_error_for_an_overpayment_without_writing_a_journal [985 ms]
  Passed ChapanakitCare.Domain.Tests.AccountingPageTests.Voucher_download_returns_the_selected_document_format(format: "pdf", contentType: "application/pdf") [732 ms]
  Passed ChapanakitCare.Domain.Tests.MemberDateSubmissionTests.Same_address_checkbox_copies_member_address_on_server [1 s]
  Passed ChapanakitCare.Domain.Tests.CheckpointFiveWorkflowTests.Member_search_combines_location_and_billing_group_filters [509 ms]
  Passed ChapanakitCare.Domain.Tests.DeathPhotoIntegrityTests.Failure_writing_audit_rolls_back_photo_snapshots_status_and_counter [2 s]
  Passed ChapanakitCare.Domain.Tests.CheckpointTwoWorkflowTests.Registering_member_assigns_run_number_and_creates_opening_records [479 ms]
  Passed ChapanakitCare.Domain.Tests.ReportCompletionDataTests.Monthly_summary_excludes_exits_before_the_period_and_counts_a_confirmed_death_once [505 ms]
  Passed ChapanakitCare.Domain.Tests.ReportCompletionDataTests.Sak_one_uses_an_explicit_spouse_placeholder_when_the_source_has_no_spouse_field [< 1 ms]
  Passed ChapanakitCare.Domain.Tests.CoordinatorPageTests.Library_role_filter_and_dashboard_show_the_same_holder_with_group_vacancies [1 s]
  Passed ChapanakitCare.Domain.Tests.AccountingReportQueryTests.Control_balance_reports_keep_frozen_party_snapshots_when_the_source_record_is_unavailable [1 s]
  Passed ChapanakitCare.Domain.Tests.AccountingCollectionPageTests.Collection_page_exports_a_read_only_due_reminder(format: "pdf", contentType: "application/pdf") [648 ms]
  Passed ChapanakitCare.Domain.Tests.AccountingReportQueryTests.Welfare_control_document_data_keeps_member_and_beneficiary_balances_in_the_welfare_book [9 ms]
  Passed ChapanakitCare.Domain.Tests.ReportLayoutTests.Multipage_reports_keep_every_member_and_beneficiary_and_number_every_page(kind: "sak") [2 s]
  Passed ChapanakitCare.Domain.Tests.DeathPhotoIntegrityTests.Death_rejects_future_or_pre_membership_death_and_reporting_before_death(y: 2026, m: 9, d: 7, ry: 2026, rm: 9, rd: 6) [474 ms]
  Passed ChapanakitCare.Domain.Tests.AccountingMigrationTests.SQLite_rejects_a_journal_line_that_uses_an_account_from_another_book [2 s]
  Passed ChapanakitCare.Domain.Tests.CheckpointFiveWorkflowTests.Member_global_search_includes_group_and_full_address_fields [600 ms]
  Passed ChapanakitCare.Domain.Tests.CheckpointTwoWorkflowTests.Saving_settings_increments_revision_and_writes_audit_history [511 ms]
  Passed ChapanakitCare.Domain.Tests.CheckpointFiveWorkflowTests.Synthetic_demo_fixture_contains_40_complete_mandatory_member_records [193 ms]
  Passed ChapanakitCare.Domain.Tests.AccountingCollectionPageTests.Collection_page_exports_a_read_only_due_reminder(format: "csv", contentType: "text/csv; charset=utf-8") [514 ms]
  Passed ChapanakitCare.Domain.Tests.CoordinatorMigrationTests.Existing_database_upgrades_without_rewriting_members_and_backup_preserves_roles [3 s]
  Passed ChapanakitCare.Domain.Tests.ReportLayoutTests.Reference_columns_and_certification_are_not_omitted(kind: "group", required: "ความสัมพันธ์") [545 ms]
  Passed ChapanakitCare.Domain.Tests.AccountingPageTests.Benefit_payment_form_posts_against_the_chosen_beneficiary [1 s]
  Passed ChapanakitCare.Domain.Tests.DeathPhotoIntegrityTests.Death_rejects_future_or_pre_membership_death_and_reporting_before_death(y: 1461, m: 9, d: 7, ry: 2026, rm: 9, rd: 8) [547 ms]
  Passed ChapanakitCare.Domain.Tests.CoordinatorPageTests.Coordinator_route_renders_an_enabled_navigation_link [259 ms]
  Passed ChapanakitCare.Domain.Tests.CollectionReportTests.Balance_report_honors_business_date_cutoffs_for_requests_and_reversals [1 s]
  Passed ChapanakitCare.Domain.Tests.CollectionReportTests.Outstanding_document_excludes_settled_rows_and_keeps_only_open_amounts [14 ms]
  Passed ChapanakitCare.Domain.Tests.CheckpointTwoWorkflowTests.Table_preference_can_be_saved_and_reset_to_default [628 ms]
  Passed ChapanakitCare.Domain.Tests.CheckpointFiveWorkflowTests.Death_confirmation_rejects_a_file_that_only_claims_to_be_pdf [654 ms]
  Passed ChapanakitCare.Domain.Tests.AccountingCollectionPageTests.Collection_page_creates_selected_normal_members_without_recording_cash [686 ms]
  Passed ChapanakitCare.Domain.Tests.ReportLayoutTests.Reference_columns_and_certification_are_not_omitted(kind: "sak", required: "ชื่อสามีภรรยา") [618 ms]
  Passed ChapanakitCare.Domain.Tests.DeathPhotoIntegrityTests.Death_rejects_future_or_pre_membership_death_and_reporting_before_death(y: 2569, m: 9, d: 7, ry: 2026, rm: 9, rd: 8) [560 ms]
  Passed ChapanakitCare.Domain.Tests.AccountingReportQueryTests.Member_and_beneficiary_reports_derive_control_balances_from_dimensions [1 s]
  Passed ChapanakitCare.Domain.Tests.AccountingPageTests.Operating_form_posts_selected_expense_or_bank_transfer(kind: "expense", target: "5000", expectedTarget: 2500, expectedCash: 7500) [754 ms]
  Passed ChapanakitCare.Domain.Tests.MemberDateSubmissionTests.Fake_recipient_image_cannot_confirm_death_or_change_member_balance [1 s]
  Passed ChapanakitCare.Domain.Tests.CheckpointTwoWorkflowTests.Registration_calculates_coverage_from_approval_date_not_application_date [589 ms]
  Passed ChapanakitCare.Domain.Tests.CoordinatorMigrationTests.Competing_requests_cannot_occupy_the_same_slot_or_assign_two_roles_to_one_member(differentSlots: False) [1 s]
  Passed ChapanakitCare.Domain.Tests.CheckpointFiveWorkflowTests.Death_confirmation_stores_certificate_pdf_atomically_and_advances_display_number [627 ms]
  Passed ChapanakitCare.Domain.Tests.CollectionReportTests.Balance_report_uses_frozen_collection_snapshot_and_net_posted_allocations [873 ms]
  Passed ChapanakitCare.Domain.Tests.ReportLayoutTests.Reference_columns_and_certification_are_not_omitted(kind: "monthly", required: "รับรองว่าถูกต้องตามนี้") [543 ms]
  Passed ChapanakitCare.Domain.Tests.CoordinatorPageTests.Coordinator_roster_filters_by_role_and_exact_group [262 ms]
  Passed ChapanakitCare.Domain.Tests.AccountingCollectionPageTests.Collection_page_posts_selected_receipt_allocation_without_marking_the_request_paid_by_itself [892 ms]
  Passed ChapanakitCare.Domain.Tests.BusinessRuleTests.Beneficiary_count_outside_zero_to_two_is_rejected(beneficiaryCount: 3) [14 ms]
  Passed ChapanakitCare.Domain.Tests.BusinessRuleTests.Beneficiary_count_outside_zero_to_two_is_rejected(beneficiaryCount: -1) [< 1 ms]
  Passed ChapanakitCare.Domain.Tests.BusinessRuleTests.Coverage_starts_exactly_180_calendar_days_after_approval [< 1 ms]
  Passed ChapanakitCare.Domain.Tests.BusinessRuleTests.Age_is_completed_years_on_the_requested_business_date(birthDateText: "1980-08-25", asOfText: "2026-08-25", expectedAge: 46) [< 1 ms]
  Passed ChapanakitCare.Domain.Tests.BusinessRuleTests.Age_is_completed_years_on_the_requested_business_date(birthDateText: "1980-08-26", asOfText: "2026-08-25", expectedAge: 45) [< 1 ms]
  Passed ChapanakitCare.Domain.Tests.BusinessRuleTests.Age_is_completed_years_on_the_requested_business_date(birthDateText: "1980-08-24", asOfText: "2026-08-25", expectedAge: 46) [< 1 ms]
  Passed ChapanakitCare.Domain.Tests.BusinessRuleTests.Four_percent_expense_deduction_rounds_down_to_whole_baht_before_splitting [1 ms]
  Passed ChapanakitCare.Domain.Tests.AccountingPageTests.Operating_form_posts_selected_expense_or_bank_transfer(kind: "transfer", target: "1100", expectedTarget: 2500, expectedCash: 7500) [690 ms]
  Passed ChapanakitCare.Domain.Tests.BusinessRuleTests.Nonpay_death_has_zero_money_and_does_not_move_other_member_counters(manualNonPay: True, recordedDateText: "2027-02-21", expectedEligibility: ManualNonPayZero) [22 ms]
  Passed ChapanakitCare.Domain.Tests.BusinessRuleTests.Nonpay_death_has_zero_money_and_does_not_move_other_member_counters(manualNonPay: False, recordedDateText: "2027-02-20", expectedEligibility: BeforeCoverageZero) [1 ms]
  Passed ChapanakitCare.Domain.Tests.BusinessRuleTests.Death_on_coverage_start_is_payable_and_excludes_the_deceased_from_contributors [6 ms]
  Passed ChapanakitCare.Domain.Tests.ReportLayoutTests.Reference_columns_and_certification_are_not_omitted(kind: "all", required: "ความสัมพันธ์") [602 ms]
  Passed ChapanakitCare.Domain.Tests.AccountingMigrationTests.SQLite_rejects_updates_and_deletes_of_accounting_audit_evidence [2 s]
  Passed ChapanakitCare.Domain.Tests.CollectionReportTests.Balance_report_filters_by_frozen_cycle_and_group_snapshots [742 ms]
  Passed ChapanakitCare.Domain.Tests.DeathRegistryPageTests.Death_registry_loads_its_own_persisted_column_order_visibility_and_sort [852 ms]
  Passed ChapanakitCare.Domain.Tests.DeathRegistryPageTests.Death_registry_maps_two_beneficiaries_to_two_independent_columns [30 ms]
  Passed ChapanakitCare.Domain.Tests.CoordinatorMigrationTests.Competing_requests_cannot_occupy_the_same_slot_or_assign_two_roles_to_one_member(differentSlots: True) [1 s]
  Passed ChapanakitCare.Domain.Tests.AccountingPageTests.Receipt_form_rejects_subsatang_input_without_posting [556 ms]
  Passed ChapanakitCare.Domain.Tests.ReportFormSubmissionTests.Submitting_the_rendered_report_form_downloads_the_selected_pdf(title: "รายงานสมาชิกทั้งหมด", filePrefix: "all-members") [491 ms]
  Passed ChapanakitCare.Domain.Tests.MemberDateSubmissionTests.Invalid_id_redisplay_and_corrected_submission_preserve_gregorian_dates [527 ms]
  Passed ChapanakitCare.Domain.Tests.AccountingReportQueryTests.Financial_position_keeps_the_association_fee_result_with_its_own_book [1 s]
  Passed ChapanakitCare.Domain.Tests.AccountingOpeningIntegrityTests.Zero_opening_request_replays_after_later_receipt_and_rejects_changed_token_payload [863 ms]
  Passed ChapanakitCare.Domain.Tests.AccountingMigrationTests.Current_model_has_no_unmigrated_accounting_changes [524 ms]
  Passed ChapanakitCare.Domain.Tests.CollectionReportTests.Collection_documents_are_read_only_and_reminders_include_only_due_outstanding_rows [546 ms]
  Passed ChapanakitCare.Domain.Tests.CoordinatorIntegrityTests.Failed_role_history_write_rolls_back_status_change_and_ledger(death: True) [686 ms]
  Passed ChapanakitCare.Domain.Tests.CoordinatorPageTests.Posting_the_rendered_replacement_form_uses_PRG_and_names_the_replacement [284 ms]
  Passed ChapanakitCare.Domain.Tests.CoordinatorMigrationTests.Current_model_has_no_unmigrated_changes [510 ms]
  Passed ChapanakitCare.Domain.Tests.AccountingCoreTests.Catalog_separates_welfare_from_association_and_only_exposes_the_4_percent_income_account [615 ms]
  Passed ChapanakitCare.Domain.Tests.AccountingPageTests.Voucher_reversal_form_keeps_original_and_posts_a_linked_correction [833 ms]
  Passed ChapanakitCare.Domain.Tests.CoordinatorIntegrityTests.Failed_role_history_write_rolls_back_status_change_and_ledger(death: False) [480 ms]
  Passed ChapanakitCare.Domain.Tests.CoordinatorWorkflowTests.One_member_cannot_hold_chair_and_group_leader_roles [468 ms]
  Passed ChapanakitCare.Domain.Tests.ReportFormSubmissionTests.Submitting_the_rendered_report_form_downloads_the_selected_pdf(title: "รายงานสมาชิกแยกตามกลุ่ม", filePrefix: "members-group-A") [318 ms]
  Passed ChapanakitCare.Domain.Tests.AccountingOpeningIntegrityTests.Failed_opening_rolls_back_activation_and_allows_a_corrected_request_in_the_same_context [761 ms]
  Passed ChapanakitCare.Domain.Tests.AccountingReportQueryTests.General_ledger_carries_opening_then_signed_movement_from_a_reversal [967 ms]
  Passed ChapanakitCare.Domain.Tests.AccountingReportQueryTests.Trial_balance_document_data_keeps_the_book_cutoff_and_integer_satang_as_numeric_baht [21 ms]
  Passed ChapanakitCare.Domain.Tests.AccountingReportQueryTests.Financial_statement_document_data_keeps_association_result_separate_from_assets [20 ms]
  Passed ChapanakitCare.Domain.Tests.AccountingResignationTests.Resigned_member_can_settle_debt_without_reopening_coverage_or_prepaying [870 ms]
  Passed ChapanakitCare.Domain.Tests.CoordinatorWorkflowTests.Explicit_action_incumbent_version_and_reason_protect_existing_selection(action: "replace", version: 0, correctIncumbent: True, reason: "stale") [385 ms]
  Passed ChapanakitCare.Domain.Tests.CoordinatorIntegrityTests.Resignation_and_death_end_current_role_in_the_same_transaction(death: True) [485 ms]
  Passed ChapanakitCare.Domain.Tests.AccountingCoreTests.Reversal_posts_the_exact_opposite_lines_replays_its_request_and_rejects_a_second_reversal [851 ms]
  Passed ChapanakitCare.Domain.Tests.AccountingPageTests.Voucher_reissue_keeps_original_number_and_shows_reversed_status [668 ms]
  Passed ChapanakitCare.Domain.Tests.DeathPhotoIntegrityTests.Upgrade_and_backup_preserve_audit_identity_and_recipient_image_bytes [2 s]
  Passed ChapanakitCare.Domain.Tests.CoordinatorWorkflowTests.Explicit_action_incumbent_version_and_reason_protect_existing_selection(action: "appoint", version: 1, correctIncumbent: True, reason: null) [361 ms]
  Passed ChapanakitCare.Domain.Tests.CoordinatorIntegrityTests.Resignation_and_death_end_current_role_in_the_same_transaction(death: False) [402 ms]
  Passed ChapanakitCare.Domain.Tests.AccountingManagementPageTests.Management_form_records_statement_difference_without_adjusting_money [611 ms]
  Passed ChapanakitCare.Domain.Tests.AccountingDeathIntegrationTests.Nonpay_death_creates_no_fee_or_benefit_but_keeps_actual_advance_until_refunded [797 ms]
  Passed ChapanakitCare.Domain.Tests.AccountingResignationTests.Actual_refund_reduces_resigned_member_liability_once_and_rejects_overpayment [640 ms]
  Passed ChapanakitCare.Domain.Tests.ReportFormSubmissionTests.Submitting_the_rendered_report_form_downloads_the_selected_pdf(title: "แบบ ส.ฌ.ก.๑", filePrefix: "sak-one") [324 ms]
  Passed ChapanakitCare.Domain.Tests.AccountingPageTests.Expense_form_lists_only_association_accounts [412 ms]
  Passed ChapanakitCare.Domain.Tests.AccountingCoreTests.Balanced_welfare_posting_records_dimensions_and_audit_without_creating_an_association_journal [536 ms]
  Passed ChapanakitCare.Domain.Tests.AccountingMigrationTests.Direct_ef_write_rejects_mutating_or_deleting_append_only_accounting_history [1 s]
  Passed ChapanakitCare.Domain.Tests.CoordinatorWorkflowTests.Explicit_action_incumbent_version_and_reason_protect_existing_selection(action: "invalid", version: 1, correctIncumbent: True, reason: "reason") [346 ms]
  Passed ChapanakitCare.Domain.Tests.AccountingDocumentTests.Pdf_long_table_wraps_and_repeats_headings_across_pages [527 ms]
  Passed ChapanakitCare.Domain.Tests.AccountingDocumentTests.Pdf_empty_report_keeps_context_and_shows_no_data_message [27 ms]
  Passed ChapanakitCare.Domain.Tests.CoordinatorIntegrityTests.Role_history_cannot_be_edited_or_deleted(delete: True) [337 ms]
  Passed ChapanakitCare.Domain.Tests.AccountingDocumentTests.Pdf_contains_book_period_status_document_number_and_hand_derived_values [31 ms]
  Passed ChapanakitCare.Domain.Tests.AccountingDocumentTests.Csv_keeps_audit_status_token_and_thai_meaning(status: "CANCELLED", thaiMeaning: "ยกเลิก") [1 ms]
  Passed ChapanakitCare.Domain.Tests.AccountingDocumentTests.Csv_keeps_audit_status_token_and_thai_meaning(status: "REVERSED", thaiMeaning: "กลับรายการ") [< 1 ms]
  Passed ChapanakitCare.Domain.Tests.AccountingDocumentTests.Csv_keeps_audit_status_token_and_thai_meaning(status: "ORIGINAL", thaiMeaning: "ฉบับจริง") [< 1 ms]
  Passed ChapanakitCare.Domain.Tests.AccountingDocumentTests.Renderer_rejects_a_row_that_does_not_match_the_column_count [1 ms]
  Passed ChapanakitCare.Domain.Tests.AccountingDocumentTests.Renderer_requires_an_explicit_book_name_for_every_document [1 ms]
  Passed ChapanakitCare.Domain.Tests.AccountingDocumentTests.Csv_uses_utf8_bom_quotes_text_and_preserves_negative_numeric_amounts [10 ms]
  Passed ChapanakitCare.Domain.Tests.CoordinatorWorkflowTests.Explicit_action_incumbent_version_and_reason_protect_existing_selection(action: "replace", version: 1, correctIncumbent: False, reason: "wrong incumbent") [341 ms]
  Passed ChapanakitCare.Domain.Tests.MemberDateSubmissionTests.Recipient_photo_survives_confirmation_and_download_with_gregorian_death_dates [1 s]
  Passed ChapanakitCare.Domain.Tests.CoordinatorIntegrityTests.Role_history_cannot_be_edited_or_deleted(delete: False) [339 ms]
  Passed ChapanakitCare.Domain.Tests.AccountingCoreTests.Reversal_rejects_opening_and_linked_accrual_journals_that_need_their_own_corrective_workflow [534 ms]
  Passed ChapanakitCare.Domain.Tests.AccountingResignationTests.Refund_form_records_actual_payment_and_refund_reversal_preserves_resigned_status [694 ms]
  Passed ChapanakitCare.Domain.Tests.AccountingPageTests.Fee_remittance_form_posts_both_books_without_new_income [688 ms]
  Passed ChapanakitCare.Domain.Tests.AccountingManagementPageTests.Management_form_closes_and_reopens_selected_period_with_evidence [876 ms]
  Passed ChapanakitCare.Domain.Tests.ReportFormSubmissionTests.Submitting_the_rendered_report_form_downloads_the_selected_pdf(title: "รายงานสมาชิกประจำเดือน", filePrefix: "monthly-members") [240 ms]
  Passed ChapanakitCare.Domain.Tests.CoordinatorWorkflowTests.Explicit_action_incumbent_version_and_reason_protect_existing_selection(action: "replace", version: 1, correctIncumbent: True, reason: null) [347 ms]
  Passed ChapanakitCare.Domain.Tests.CoordinatorIntegrityTests.Database_unique_index_rejects_second_role_even_through_direct_sql [379 ms]
  Passed ChapanakitCare.Domain.Tests.AccountingCoreTests.Idempotency_tokens_are_scoped_to_their_separate_accounting_books [467 ms]
  Passed ChapanakitCare.Domain.Tests.CoordinatorWorkflowTests.Explicit_action_incumbent_version_and_reason_protect_existing_selection(action: "end", version: 1, correctIncumbent: True, reason: " ") [302 ms]
  Passed ChapanakitCare.Domain.Tests.AccountingResignationTests.Resignation_uses_exact_money_and_keeps_it_payable_until_actual_refund [535 ms]
  Passed ChapanakitCare.Domain.Tests.AccountingHttpFormTests.Receipt_browser_form_accepts_only_its_visible_fields_and_posts_once [1 s]
  Passed ChapanakitCare.Domain.Tests.CoordinatorIntegrityTests.Tracked_member_mutations_cannot_leave_an_ineligible_current_leader(change: "group") [317 ms]
  Passed ChapanakitCare.Domain.Tests.AccountingManagementPageTests.Management_form_adds_book_specific_bank_and_association_expense_without_extra_income [505 ms]
  Passed ChapanakitCare.Domain.Tests.AccountingCollectionHttpFormTests.Collection_browser_form_accepts_only_its_visible_create_fields [727 ms]
  Passed ChapanakitCare.Domain.Tests.CoordinatorWorkflowTests.Wrong_group_or_unknown_position_cannot_be_forged(position: "treasurer") [265 ms]
  Passed ChapanakitCare.Domain.Tests.AccountingCoreTests.Account_setup_creates_book_specific_banks_and_an_association_expense_category_without_another_income_account [377 ms]
  Passed ChapanakitCare.Domain.Tests.CoordinatorIntegrityTests.Tracked_member_mutations_cannot_leave_an_ineligible_current_leader(change: "archive") [249 ms]
  Passed ChapanakitCare.Domain.Tests.CoordinatorWorkflowTests.Wrong_group_or_unknown_position_cannot_be_forged(position: "group:missing") [237 ms]
  Passed ChapanakitCare.Domain.Tests.CoordinatorIntegrityTests.Tracked_member_mutations_cannot_leave_an_ineligible_current_leader(change: "status") [223 ms]
  Passed ChapanakitCare.Domain.Tests.AccountingDeathIntegrationTests.Unfunded_contributors_create_shortfall_and_cannot_be_paid_as_if_cash_was_received [1 s]
  Passed ChapanakitCare.Domain.Tests.AccountingCoreTests.Closing_a_book_period_blocks_posting_until_a_documented_reopen [311 ms]
  Passed ChapanakitCare.Domain.Tests.CoordinatorWorkflowTests.Wrong_group_or_unknown_position_cannot_be_forged(position: "group:B") [206 ms]
  Passed ChapanakitCare.Domain.Tests.AccountingHttpFormTests.Trial_report_browser_request_shows_no_errors_for_irrelevant_filters(path: "/Accounting/Reports?Report=trialbalance&Book=welfa"···) [204 ms]
  Passed ChapanakitCare.Domain.Tests.CoordinatorIntegrityTests.Member_edit_allows_group_change_after_role_is_ended [258 ms]
  Passed ChapanakitCare.Domain.Tests.AccountingCoreTests.Linked_fee_accrual_posts_one_balanced_journal_per_book_as_one_atomic_operation [344 ms]
  Passed ChapanakitCare.Domain.Tests.CoordinatorWorkflowTests.Candidate_search_enforces_group_and_excludes_members_already_holding_roles [262 ms]
  Passed ChapanakitCare.Domain.Tests.CoordinatorIntegrityTests.Demo_reset_clears_coordinator_data_before_members [254 ms]
  Passed ChapanakitCare.Domain.Tests.CoordinatorWorkflowTests.Vacancy_version_survives_end_and_prevents_old_form_reuse [266 ms]
  Passed ChapanakitCare.Domain.Tests.AccountingHttpFormTests.Trial_report_browser_request_shows_no_errors_for_irrelevant_filters(path: "/Accounting/Reports") [88 ms]
  Passed ChapanakitCare.Domain.Tests.AccountingCoreTests.Failed_linked_posting_does_not_leave_the_first_book_persisted_when_the_caller_commits_its_ambient_transaction [363 ms]
  Passed ChapanakitCare.Domain.Tests.CoordinatorWorkflowTests.Ineligible_members_cannot_be_assigned(status: Deceased, archived: False) [184 ms]
  Passed ChapanakitCare.Domain.Tests.AccountingDeathIntegrationTests.Active_death_uses_actual_prepaid_and_accrues_fee_in_separate_book_without_paying_cash [873 ms]
[xUnit.net 00:00:23.02]   Finished:    ChapanakitCare.Domain.Tests
  Passed ChapanakitCare.Domain.Tests.AccountingCoreTests.Failed_linked_posting_restores_the_callers_pending_changes_and_accounting_tracker_before_the_ambient_transaction_continues [272 ms]
  Passed ChapanakitCare.Domain.Tests.CoordinatorWorkflowTests.Ineligible_members_cannot_be_assigned(status: Resigned, archived: False) [213 ms]
  Passed ChapanakitCare.Domain.Tests.AccountingCoreTests.Posting_rejects_a_negative_amount_even_when_the_other_side_is_positive [204 ms]
  Passed ChapanakitCare.Domain.Tests.CoordinatorWorkflowTests.Ineligible_members_cannot_be_assigned(status: Normal, archived: True) [191 ms]
  Passed ChapanakitCare.Domain.Tests.AccountingHttpFormTests.Bank_browser_form_does_not_require_fields_from_other_management_forms [287 ms]
  Passed ChapanakitCare.Domain.Tests.CoordinatorWorkflowTests.Vacancies_include_chair_and_existing_groups_without_writing_on_read [149 ms]
  Passed ChapanakitCare.Domain.Tests.AccountingDeathIntegrationTests.Closed_association_period_rolls_back_death_snapshot_and_both_books [534 ms]
  Passed ChapanakitCare.Domain.Tests.CoordinatorWorkflowTests.Failed_history_write_does_not_replace_the_current_holder [127 ms]
  Passed ChapanakitCare.Domain.Tests.CoordinatorWorkflowTests.Appoint_replace_and_end_persist_history_snapshots_and_current_projection [183 ms]

Test Run Failed.
Total tests: 309
     Passed: 307
     Failed: 2
 Total time: 24.2284 Seconds
