  ChapanakitCare.Domain -> D:\Programing\Personal Projects\Chapanakit-Care\src\ChapanakitCare.Domain\bin\Debug\net10.0\ChapanakitCare.Domain.dll
  ChapanakitCare.Infrastructure -> D:\Programing\Personal Projects\Chapanakit-Care\src\ChapanakitCare.Infrastructure\bin\Debug\net10.0\ChapanakitCare.Infrastructure.dll
  ChapanakitCare.Web -> D:\Programing\Personal Projects\Chapanakit-Care\src\ChapanakitCare.Web\bin\Debug\net10.0\ChapanakitCare.dll
  ChapanakitCare.Domain.Tests -> D:\Programing\Personal Projects\Chapanakit-Care\tests\ChapanakitCare.Domain.Tests\bin\Debug\net10.0\ChapanakitCare.Domain.Tests.dll
Test run for D:\Programing\Personal Projects\Chapanakit-Care\tests\ChapanakitCare.Domain.Tests\bin\Debug\net10.0\ChapanakitCare.Domain.Tests.dll (.NETCoreApp,Version=v10.0)
A total of 1 test files matched the specified pattern.
[xUnit.net 00:00:00.00] xUnit.net VSTest Adapter v3.1.4+50e68bbb8b (64-bit .NET 10.0.10)
[xUnit.net 00:00:00.19]   Discovering: ChapanakitCare.Domain.Tests
[xUnit.net 00:00:00.29]   Discovered:  ChapanakitCare.Domain.Tests
[xUnit.net 00:00:00.33]   Starting:    ChapanakitCare.Domain.Tests
[xUnit.net 00:00:02.78]     ChapanakitCare.Domain.Tests.AccountingResignationTests.Resigned_member_can_settle_debt_without_reopening_coverage_or_prepaying [FAIL]
[xUnit.net 00:00:02.78]       Assert.Equal() Failure: Values differ
[xUnit.net 00:00:02.78]       Expected: 0
[xUnit.net 00:00:02.78]       Actual:   -2
[xUnit.net 00:00:02.78]       Stack Trace:
[xUnit.net 00:00:02.78]         D:\Programing\Personal Projects\Chapanakit-Care\tests\ChapanakitCare.Domain.Tests\AccountingResignationTests.cs(28,0): at ChapanakitCare.Domain.Tests.AccountingResignationTests.Resigned_member_can_settle_debt_without_reopening_coverage_or_prepaying()
[xUnit.net 00:00:02.78]         D:\Programing\Personal Projects\Chapanakit-Care\tests\ChapanakitCare.Domain.Tests\AccountingResignationTests.cs(28,0): at ChapanakitCare.Domain.Tests.AccountingResignationTests.Resigned_member_can_settle_debt_without_reopening_coverage_or_prepaying()
[xUnit.net 00:00:02.78]         --- End of stack trace from previous location ---
  Failed ChapanakitCare.Domain.Tests.AccountingResignationTests.Resigned_member_can_settle_debt_without_reopening_coverage_or_prepaying [2 s]
  Error Message:
   Assert.Equal() Failure: Values differ
Expected: 0
Actual:   -2
  Stack Trace:
     at ChapanakitCare.Domain.Tests.AccountingResignationTests.Resigned_member_can_settle_debt_without_reopening_coverage_or_prepaying() in D:\Programing\Personal Projects\Chapanakit-Care\tests\ChapanakitCare.Domain.Tests\AccountingResignationTests.cs:line 28
   at ChapanakitCare.Domain.Tests.AccountingResignationTests.Resigned_member_can_settle_debt_without_reopening_coverage_or_prepaying() in D:\Programing\Personal Projects\Chapanakit-Care\tests\ChapanakitCare.Domain.Tests\AccountingResignationTests.cs:line 28
--- End of stack trace from previous location ---
  Passed ChapanakitCare.Domain.Tests.AccountingResignationTests.Actual_refund_reduces_resigned_member_liability_once_and_rejects_overpayment [155 ms]
[xUnit.net 00:00:03.18]     ChapanakitCare.Domain.Tests.AccountingResignationTests.Refund_form_records_actual_payment_and_refund_reversal_preserves_resigned_status [FAIL]
[xUnit.net 00:00:03.18]       ChapanakitCare.Infrastructure.Accounting.AccountingValidationException : รายการนี้ยกเลิกแล้ว หรือเป็นยอดยกมา/การตั้งหนี้ที่ต้องแก้ไขผ่านกระบวนการเฉพาะ
[xUnit.net 00:00:03.18]       Stack Trace:
[xUnit.net 00:00:03.18]         D:\Programing\Personal Projects\Chapanakit-Care\src\ChapanakitCare.Infrastructure\AccountingOperations\FinanceOperationService.Reversals.cs(33,0): at ChapanakitCare.Infrastructure.AccountingOperations.FinanceOperationService.ReverseAsync(ReverseFinanceDocument command, DateTimeOffset now, String actor, CancellationToken ct)
[xUnit.net 00:00:03.18]         D:\Programing\Personal Projects\Chapanakit-Care\src\ChapanakitCare.Infrastructure\AccountingOperations\FinanceOperationService.Reversals.cs(80,0): at ChapanakitCare.Infrastructure.AccountingOperations.FinanceOperationService.ReverseAsync(ReverseFinanceDocument command, DateTimeOffset now, String actor, CancellationToken ct)
[xUnit.net 00:00:03.18]         D:\Programing\Personal Projects\Chapanakit-Care\tests\ChapanakitCare.Domain.Tests\AccountingResignationTests.cs(43,0): at ChapanakitCare.Domain.Tests.AccountingResignationTests.Refund_form_records_actual_payment_and_refund_reversal_preserves_resigned_status()
[xUnit.net 00:00:03.18]         D:\Programing\Personal Projects\Chapanakit-Care\tests\ChapanakitCare.Domain.Tests\AccountingResignationTests.cs(47,0): at ChapanakitCare.Domain.Tests.AccountingResignationTests.Refund_form_records_actual_payment_and_refund_reversal_preserves_resigned_status()
[xUnit.net 00:00:03.18]         --- End of stack trace from previous location ---
[xUnit.net 00:00:03.26]   Finished:    ChapanakitCare.Domain.Tests
  Failed ChapanakitCare.Domain.Tests.AccountingResignationTests.Refund_form_records_actual_payment_and_refund_reversal_preserves_resigned_status [237 ms]
  Error Message:
   ChapanakitCare.Infrastructure.Accounting.AccountingValidationException : รายการนี้ยกเลิกแล้ว หรือเป็นยอดยกมา/การตั้งหนี้ที่ต้องแก้ไขผ่านกระบวนการเฉพาะ
  Stack Trace:
     at ChapanakitCare.Infrastructure.AccountingOperations.FinanceOperationService.ReverseAsync(ReverseFinanceDocument command, DateTimeOffset now, String actor, CancellationToken ct) in D:\Programing\Personal Projects\Chapanakit-Care\src\ChapanakitCare.Infrastructure\AccountingOperations\FinanceOperationService.Reversals.cs:line 33
   at ChapanakitCare.Infrastructure.AccountingOperations.FinanceOperationService.ReverseAsync(ReverseFinanceDocument command, DateTimeOffset now, String actor, CancellationToken ct) in D:\Programing\Personal Projects\Chapanakit-Care\src\ChapanakitCare.Infrastructure\AccountingOperations\FinanceOperationService.Reversals.cs:line 80
   at ChapanakitCare.Domain.Tests.AccountingResignationTests.Refund_form_records_actual_payment_and_refund_reversal_preserves_resigned_status() in D:\Programing\Personal Projects\Chapanakit-Care\tests\ChapanakitCare.Domain.Tests\AccountingResignationTests.cs:line 43
   at ChapanakitCare.Domain.Tests.AccountingResignationTests.Refund_form_records_actual_payment_and_refund_reversal_preserves_resigned_status() in D:\Programing\Personal Projects\Chapanakit-Care\tests\ChapanakitCare.Domain.Tests\AccountingResignationTests.cs:line 47
--- End of stack trace from previous location ---
  Passed ChapanakitCare.Domain.Tests.AccountingResignationTests.Resignation_uses_exact_money_and_keeps_it_payable_until_actual_refund [76 ms]

Test Run Failed.
Total tests: 4
     Passed: 2
     Failed: 2
 Total time: 3.8089 Seconds
