  ChapanakitCare.Domain -> D:\Programing\Personal Projects\Chapanakit-Care\src\ChapanakitCare.Domain\bin\Debug\net10.0\ChapanakitCare.Domain.dll
  ChapanakitCare.Infrastructure -> D:\Programing\Personal Projects\Chapanakit-Care\src\ChapanakitCare.Infrastructure\bin\Debug\net10.0\ChapanakitCare.Infrastructure.dll
  ChapanakitCare.Web -> D:\Programing\Personal Projects\Chapanakit-Care\src\ChapanakitCare.Web\bin\Debug\net10.0\ChapanakitCare.dll
  ChapanakitCare.Domain.Tests -> D:\Programing\Personal Projects\Chapanakit-Care\tests\ChapanakitCare.Domain.Tests\bin\Debug\net10.0\ChapanakitCare.Domain.Tests.dll
Test run for D:\Programing\Personal Projects\Chapanakit-Care\tests\ChapanakitCare.Domain.Tests\bin\Debug\net10.0\ChapanakitCare.Domain.Tests.dll (.NETCoreApp,Version=v10.0)
A total of 1 test files matched the specified pattern.
[xUnit.net 00:00:00.00] xUnit.net VSTest Adapter v3.1.4+50e68bbb8b (64-bit .NET 10.0.10)
[xUnit.net 00:00:00.19]   Discovering: ChapanakitCare.Domain.Tests
[xUnit.net 00:00:00.28]   Discovered:  ChapanakitCare.Domain.Tests
[xUnit.net 00:00:00.32]   Starting:    ChapanakitCare.Domain.Tests
[xUnit.net 00:00:00.37]     ChapanakitCare.Domain.Tests.AccountingReportQueryTests.Report_query_service_exposes_the_read_only_book_separated_report_contract [FAIL]
[xUnit.net 00:00:00.38]       Assert.NotNull() Failure: Value is null
[xUnit.net 00:00:00.38]       Stack Trace:
[xUnit.net 00:00:00.38]         D:\Programing\Personal Projects\Chapanakit-Care\tests\ChapanakitCare.Domain.Tests\AccountingReportQueryTests.cs(15,0): at ChapanakitCare.Domain.Tests.AccountingReportQueryTests.Report_query_service_exposes_the_read_only_book_separated_report_contract()
[xUnit.net 00:00:00.38]            at System.Reflection.MethodBaseInvoker.InterpretedInvoke_Method(Object obj, IntPtr* args)
[xUnit.net 00:00:00.38]            at System.Reflection.MethodBaseInvoker.InvokeWithNoArgs(Object obj, BindingFlags invokeAttr)
[xUnit.net 00:00:00.40]   Finished:    ChapanakitCare.Domain.Tests
  Failed ChapanakitCare.Domain.Tests.AccountingReportQueryTests.Report_query_service_exposes_the_read_only_book_separated_report_contract [4 ms]
  Error Message:
   Assert.NotNull() Failure: Value is null
  Stack Trace:
     at ChapanakitCare.Domain.Tests.AccountingReportQueryTests.Report_query_service_exposes_the_read_only_book_separated_report_contract() in D:\Programing\Personal Projects\Chapanakit-Care\tests\ChapanakitCare.Domain.Tests\AccountingReportQueryTests.cs:line 15
   at System.Reflection.MethodBaseInvoker.InterpretedInvoke_Method(Object obj, IntPtr* args)
   at System.Reflection.MethodBaseInvoker.InvokeWithNoArgs(Object obj, BindingFlags invokeAttr)

Total tests: 1
Test Run Failed.
     Failed: 1
 Total time: 0.9882 Seconds
