  ChapanakitCare.Domain -> D:\Programing\Personal Projects\Chapanakit-Care\src\ChapanakitCare.Domain\bin\Debug\net10.0\ChapanakitCare.Domain.dll
  ChapanakitCare.Infrastructure -> D:\Programing\Personal Projects\Chapanakit-Care\src\ChapanakitCare.Infrastructure\bin\Debug\net10.0\ChapanakitCare.Infrastructure.dll
  ChapanakitCare.Web -> D:\Programing\Personal Projects\Chapanakit-Care\src\ChapanakitCare.Web\bin\Debug\net10.0\ChapanakitCare.dll
  ChapanakitCare.Domain.Tests -> D:\Programing\Personal Projects\Chapanakit-Care\tests\ChapanakitCare.Domain.Tests\bin\Debug\net10.0\ChapanakitCare.Domain.Tests.dll
Test run for D:\Programing\Personal Projects\Chapanakit-Care\tests\ChapanakitCare.Domain.Tests\bin\Debug\net10.0\ChapanakitCare.Domain.Tests.dll (.NETCoreApp,Version=v10.0)
A total of 1 test files matched the specified pattern.
[xUnit.net 00:00:00.00] xUnit.net VSTest Adapter v3.1.4+50e68bbb8b (64-bit .NET 10.0.10)
[xUnit.net 00:00:00.40]   Discovering: ChapanakitCare.Domain.Tests
[xUnit.net 00:00:00.60]   Discovered:  ChapanakitCare.Domain.Tests
[xUnit.net 00:00:00.66]   Starting:    ChapanakitCare.Domain.Tests
[xUnit.net 00:00:05.65]     ChapanakitCare.Domain.Tests.AccountingMigrationTests.SQLite_rejects_updates_and_deletes_of_append_only_accounting_history [FAIL]
[xUnit.net 00:00:05.65]       Assert.Throws() Failure: No exception was thrown
[xUnit.net 00:00:05.65]       Expected: typeof(Microsoft.Data.Sqlite.SqliteException)
[xUnit.net 00:00:05.65]       Stack Trace:
[xUnit.net 00:00:05.66]         D:\Programing\Personal Projects\Chapanakit-Care\tests\ChapanakitCare.Domain.Tests\AccountingMigrationTests.cs(168,0): at ChapanakitCare.Domain.Tests.AccountingMigrationTests.SQLite_rejects_updates_and_deletes_of_append_only_accounting_history()
[xUnit.net 00:00:05.66]         D:\Programing\Personal Projects\Chapanakit-Care\tests\ChapanakitCare.Domain.Tests\AccountingMigrationTests.cs(174,0): at ChapanakitCare.Domain.Tests.AccountingMigrationTests.SQLite_rejects_updates_and_deletes_of_append_only_accounting_history()
[xUnit.net 00:00:05.66]         --- End of stack trace from previous location ---
  Failed ChapanakitCare.Domain.Tests.AccountingMigrationTests.SQLite_rejects_updates_and_deletes_of_append_only_accounting_history [4 s]
  Error Message:
   Assert.Throws() Failure: No exception was thrown
Expected: typeof(Microsoft.Data.Sqlite.SqliteException)
  Stack Trace:
     at ChapanakitCare.Domain.Tests.AccountingMigrationTests.SQLite_rejects_updates_and_deletes_of_append_only_accounting_history() in D:\Programing\Personal Projects\Chapanakit-Care\tests\ChapanakitCare.Domain.Tests\AccountingMigrationTests.cs:line 168
   at ChapanakitCare.Domain.Tests.AccountingMigrationTests.SQLite_rejects_updates_and_deletes_of_append_only_accounting_history() in D:\Programing\Personal Projects\Chapanakit-Care\tests\ChapanakitCare.Domain.Tests\AccountingMigrationTests.cs:line 174
--- End of stack trace from previous location ---
  Passed ChapanakitCare.Domain.Tests.AccountingMigrationTests.Direct_ef_write_rejects_an_unbalanced_posted_journal_before_sqlite_receives_it [1 s]
  Passed ChapanakitCare.Domain.Tests.AccountingMigrationTests.SQLite_rejects_a_reversal_that_targets_a_journal_in_another_book [911 ms]
  Passed ChapanakitCare.Domain.Tests.AccountingMigrationTests.Upgrade_from_pre_accounting_database_preserves_member_snapshot_and_unit_ledger [1 s]
  Passed ChapanakitCare.Domain.Tests.AccountingMigrationTests.SQLite_rejects_a_journal_line_that_uses_an_account_from_another_book [574 ms]
[xUnit.net 00:00:10.57]     ChapanakitCare.Domain.Tests.AccountingMigrationTests.SQLite_rejects_updates_and_deletes_of_accounting_audit_evidence [FAIL]
[xUnit.net 00:00:10.57]       Assert.Throws() Failure: No exception was thrown
[xUnit.net 00:00:10.57]       Expected: typeof(Microsoft.Data.Sqlite.SqliteException)
[xUnit.net 00:00:10.57]       Stack Trace:
[xUnit.net 00:00:10.57]         D:\Programing\Personal Projects\Chapanakit-Care\tests\ChapanakitCare.Domain.Tests\AccountingMigrationTests.cs(199,0): at ChapanakitCare.Domain.Tests.AccountingMigrationTests.SQLite_rejects_updates_and_deletes_of_accounting_audit_evidence()
[xUnit.net 00:00:10.57]         D:\Programing\Personal Projects\Chapanakit-Care\tests\ChapanakitCare.Domain.Tests\AccountingMigrationTests.cs(202,0): at ChapanakitCare.Domain.Tests.AccountingMigrationTests.SQLite_rejects_updates_and_deletes_of_accounting_audit_evidence()
[xUnit.net 00:00:10.57]         --- End of stack trace from previous location ---
[xUnit.net 00:00:11.42]     ChapanakitCare.Domain.Tests.AccountingMigrationTests.Direct_ef_write_rejects_mutating_or_deleting_append_only_accounting_history [FAIL]
[xUnit.net 00:00:11.42]       System.InvalidOperationException : Sequence contains more than one element.
[xUnit.net 00:00:11.42]       Stack Trace:
[xUnit.net 00:00:11.42]            at Microsoft.EntityFrameworkCore.Query.ShapedQueryCompilingExpressionVisitor.SingleAsync[TSource](IAsyncEnumerable`1 asyncEnumerable, CancellationToken cancellationToken)
[xUnit.net 00:00:11.42]            at Microsoft.EntityFrameworkCore.Query.ShapedQueryCompilingExpressionVisitor.SingleAsync[TSource](IAsyncEnumerable`1 asyncEnumerable, CancellationToken cancellationToken)
[xUnit.net 00:00:11.42]         D:\Programing\Personal Projects\Chapanakit-Care\tests\ChapanakitCare.Domain.Tests\AccountingMigrationTests.cs(100,0): at ChapanakitCare.Domain.Tests.AccountingMigrationTests.Direct_ef_write_rejects_mutating_or_deleting_append_only_accounting_history()
[xUnit.net 00:00:11.43]         D:\Programing\Personal Projects\Chapanakit-Care\tests\ChapanakitCare.Domain.Tests\AccountingMigrationTests.cs(109,0): at ChapanakitCare.Domain.Tests.AccountingMigrationTests.Direct_ef_write_rejects_mutating_or_deleting_append_only_accounting_history()
[xUnit.net 00:00:11.43]         --- End of stack trace from previous location ---
[xUnit.net 00:00:11.44]   Finished:    ChapanakitCare.Domain.Tests
  Failed ChapanakitCare.Domain.Tests.AccountingMigrationTests.SQLite_rejects_updates_and_deletes_of_accounting_audit_evidence [669 ms]
  Error Message:
   Assert.Throws() Failure: No exception was thrown
Expected: typeof(Microsoft.Data.Sqlite.SqliteException)
  Stack Trace:
     at ChapanakitCare.Domain.Tests.AccountingMigrationTests.SQLite_rejects_updates_and_deletes_of_accounting_audit_evidence() in D:\Programing\Personal Projects\Chapanakit-Care\tests\ChapanakitCare.Domain.Tests\AccountingMigrationTests.cs:line 199
   at ChapanakitCare.Domain.Tests.AccountingMigrationTests.SQLite_rejects_updates_and_deletes_of_accounting_audit_evidence() in D:\Programing\Personal Projects\Chapanakit-Care\tests\ChapanakitCare.Domain.Tests\AccountingMigrationTests.cs:line 202
--- End of stack trace from previous location ---
  Passed ChapanakitCare.Domain.Tests.AccountingMigrationTests.Current_model_has_no_unmigrated_accounting_changes [160 ms]
  Failed ChapanakitCare.Domain.Tests.AccountingMigrationTests.Direct_ef_write_rejects_mutating_or_deleting_append_only_accounting_history [695 ms]
  Error Message:
   System.InvalidOperationException : Sequence contains more than one element.
  Stack Trace:
     at Microsoft.EntityFrameworkCore.Query.ShapedQueryCompilingExpressionVisitor.SingleAsync[TSource](IAsyncEnumerable`1 asyncEnumerable, CancellationToken cancellationToken)
   at Microsoft.EntityFrameworkCore.Query.ShapedQueryCompilingExpressionVisitor.SingleAsync[TSource](IAsyncEnumerable`1 asyncEnumerable, CancellationToken cancellationToken)
   at ChapanakitCare.Domain.Tests.AccountingMigrationTests.Direct_ef_write_rejects_mutating_or_deleting_append_only_accounting_history() in D:\Programing\Personal Projects\Chapanakit-Care\tests\ChapanakitCare.Domain.Tests\AccountingMigrationTests.cs:line 100
   at ChapanakitCare.Domain.Tests.AccountingMigrationTests.Direct_ef_write_rejects_mutating_or_deleting_append_only_accounting_history() in D:\Programing\Personal Projects\Chapanakit-Care\tests\ChapanakitCare.Domain.Tests\AccountingMigrationTests.cs:line 109
--- End of stack trace from previous location ---

Test Run Failed.
Total tests: 8
     Passed: 5
     Failed: 3
 Total time: 12.5636 Seconds
