Build started 24/9/2569 20:27:43.
Project "D:\Programing\Personal Projects\Chapanakit-Care\src\ChapanakitCare.Infrastructure\ChapanakitCare.Infrastructure.csproj" on node 1 (default targets).
Project "D:\Programing\Personal Projects\Chapanakit-Care\src\ChapanakitCare.Infrastructure\ChapanakitCare.Infrastructure.csproj" (1) is building "D:\Programing\Personal Projects\Chapanakit-Care\src\ChapanakitCare.Domain\ChapanakitCare.Domain.csproj" (2:2) on node 1 (default targets).
GenerateTargetFrameworkMonikerAttribute:
Skipping target "GenerateTargetFrameworkMonikerAttribute" because all output files are up-to-date with respect to the input files.
CoreGenerateAssemblyInfo:
Skipping target "CoreGenerateAssemblyInfo" because all output files are up-to-date with respect to the input files.
_GenerateSourceLinkFile:
  Source Link file 'obj\Debug\net10.0\ChapanakitCare.Domain.sourcelink.json' is up-to-date.
CoreCompile:
Skipping target "CoreCompile" because all output files are up-to-date with respect to the input files.
GenerateBuildDependencyFile:
Skipping target "GenerateBuildDependencyFile" because all output files are up-to-date with respect to the input files.
CopyFilesToOutputDirectory:
  ChapanakitCare.Domain -> D:\Programing\Personal Projects\Chapanakit-Care\src\ChapanakitCare.Domain\bin\Debug\net10.0\ChapanakitCare.Domain.dll
Done Building Project "D:\Programing\Personal Projects\Chapanakit-Care\src\ChapanakitCare.Domain\ChapanakitCare.Domain.csproj" (default targets).
GenerateTargetFrameworkMonikerAttribute:
Skipping target "GenerateTargetFrameworkMonikerAttribute" because all output files are up-to-date with respect to the input files.
CoreGenerateAssemblyInfo:
Skipping target "CoreGenerateAssemblyInfo" because all output files are up-to-date with respect to the input files.
_GenerateSourceLinkFile:
  Source Link file 'obj\Debug\net10.0\ChapanakitCare.Infrastructure.sourcelink.json' is up-to-date.
CoreCompile:
Skipping target "CoreCompile" because all output files are up-to-date with respect to the input files.
_CopyOutOfDateSourceItemsToOutputDirectory:
Skipping target "_CopyOutOfDateSourceItemsToOutputDirectory" because all output files are up-to-date with respect to the input files.
GenerateBuildDependencyFile:
Skipping target "GenerateBuildDependencyFile" because all output files are up-to-date with respect to the input files.
GenerateBuildRuntimeConfigurationFiles:
Skipping target "GenerateBuildRuntimeConfigurationFiles" because all output files are up-to-date with respect to the input files.
CopyFilesToOutputDirectory:
  ChapanakitCare.Infrastructure -> D:\Programing\Personal Projects\Chapanakit-Care\src\ChapanakitCare.Infrastructure\bin\Debug\net10.0\ChapanakitCare.Infrastructure.dll
Done Building Project "D:\Programing\Personal Projects\Chapanakit-Care\src\ChapanakitCare.Infrastructure\ChapanakitCare.Infrastructure.csproj" (default targets).

Build succeeded.
    0 Warning(s)
    0 Error(s)

Time Elapsed 00:00:02.08
