  ChapanakitCare.Domain -> D:\Programing\Personal Projects\Chapanakit-Care\src\ChapanakitCare.Domain\bin\Debug\net10.0\ChapanakitCare.Domain.dll
  ChapanakitCare.Infrastructure -> D:\Programing\Personal Projects\Chapanakit-Care\src\ChapanakitCare.Infrastructure\bin\Debug\net10.0\ChapanakitCare.Infrastructure.dll
  ChapanakitCare.Web -> D:\Programing\Personal Projects\Chapanakit-Care\src\ChapanakitCare.Web\bin\Debug\net10.0\ChapanakitCare.dll
  ChapanakitCare.Domain.Tests -> D:\Programing\Personal Projects\Chapanakit-Care\tests\ChapanakitCare.Domain.Tests\bin\Debug\net10.0\ChapanakitCare.Domain.Tests.dll
Test run for D:\Programing\Personal Projects\Chapanakit-Care\tests\ChapanakitCare.Domain.Tests\bin\Debug\net10.0\ChapanakitCare.Domain.Tests.dll (.NETCoreApp,Version=v10.0)
A total of 1 test files matched the specified pattern.
[xUnit.net 00:00:00.00] xUnit.net VSTest Adapter v3.1.4+50e68bbb8b (64-bit .NET 10.0.10)
[xUnit.net 00:00:00.14]   Discovering: ChapanakitCare.Domain.Tests
[xUnit.net 00:00:00.22]   Discovered:  ChapanakitCare.Domain.Tests
[xUnit.net 00:00:00.25]   Starting:    ChapanakitCare.Domain.Tests
[xUnit.net 00:00:02.10]     ChapanakitCare.Domain.Tests.AccountingWorkflowGuardTests.Registration_after_cutover_starts_unpaid_until_actual_receipt [FAIL]
[xUnit.net 00:00:02.10]       Assert.Equal() Failure: Values differ
[xUnit.net 00:00:02.10]       Expected: 0
[xUnit.net 00:00:02.10]       Actual:   30
[xUnit.net 00:00:02.10]       Stack Trace:
[xUnit.net 00:00:02.11]         D:\Programing\Personal Projects\Chapanakit-Care\tests\ChapanakitCare.Domain.Tests\AccountingWorkflowGuardTests.cs(50,0): at ChapanakitCare.Domain.Tests.AccountingWorkflowGuardTests.Registration_after_cutover_starts_unpaid_until_actual_receipt()
[xUnit.net 00:00:02.11]         D:\Programing\Personal Projects\Chapanakit-Care\tests\ChapanakitCare.Domain.Tests\AccountingWorkflowGuardTests.cs(52,0): at ChapanakitCare.Domain.Tests.AccountingWorkflowGuardTests.Registration_after_cutover_starts_unpaid_until_actual_receipt()
[xUnit.net 00:00:02.11]         --- End of stack trace from previous location ---
[xUnit.net 00:00:02.19]       Assert.Equal() Failure: Values differ
[xUnit.net 00:00:02.19]       Expected: 1
[xUnit.net 00:00:02.19]       Actual:   30
[xUnit.net 00:00:02.19]       Stack Trace:
[xUnit.net 00:00:02.19]     ChapanakitCare.Domain.Tests.FinanceOperationTests.Welfare_opening_projects_verified_member_money_and_does_not_keep_legacy_paid_units [FAIL]
[xUnit.net 00:00:02.19]         D:\Programing\Personal Projects\Chapanakit-Care\tests\ChapanakitCare.Domain.Tests\FinanceOperationTests.cs(18,0): at ChapanakitCare.Domain.Tests.FinanceOperationTests.Welfare_opening_projects_verified_member_money_and_does_not_keep_legacy_paid_units()
[xUnit.net 00:00:02.19]         D:\Programing\Personal Projects\Chapanakit-Care\tests\ChapanakitCare.Domain.Tests\FinanceOperationTests.cs(21,0): at ChapanakitCare.Domain.Tests.FinanceOperationTests.Welfare_opening_projects_verified_member_money_and_does_not_keep_legacy_paid_units()
[xUnit.net 00:00:02.19]         --- End of stack trace from previous location ---
[xUnit.net 00:00:02.39]     ChapanakitCare.Domain.Tests.AccountingWorkflowGuardTests.Active_books_preserve_member_history_and_the_four_percent_policy [FAIL]
[xUnit.net 00:00:02.39]       Assert.Throws() Failure: No exception was thrown
[xUnit.net 00:00:02.39]       Expected: typeof(ChapanakitCare.Infrastructure.Members.MemberValidationException)
[xUnit.net 00:00:02.39]       Stack Trace:
[xUnit.net 00:00:02.39]         D:\Programing\Personal Projects\Chapanakit-Care\tests\ChapanakitCare.Domain.Tests\AccountingWorkflowGuardTests.cs(18,0): at ChapanakitCare.Domain.Tests.AccountingWorkflowGuardTests.Active_books_preserve_member_history_and_the_four_percent_policy()
[xUnit.net 00:00:02.39]         D:\Programing\Personal Projects\Chapanakit-Care\tests\ChapanakitCare.Domain.Tests\AccountingWorkflowGuardTests.cs(24,0): at ChapanakitCare.Domain.Tests.AccountingWorkflowGuardTests.Active_books_preserve_member_history_and_the_four_percent_policy()
[xUnit.net 00:00:02.39]         --- End of stack trace from previous location ---
[xUnit.net 00:00:02.95]       Assert.Equal() Failure: Values differ
[xUnit.net 00:00:02.95]     ChapanakitCare.Domain.Tests.AccountingWorkflowGuardTests.Failed_death_accounting_cannot_persist_deceased_status_on_later_save [FAIL]
[xUnit.net 00:00:02.95]       Expected: Normal
[xUnit.net 00:00:02.95]       Actual:   Deceased
[xUnit.net 00:00:02.95]       Stack Trace:
[xUnit.net 00:00:02.95]         D:\Programing\Personal Projects\Chapanakit-Care\tests\ChapanakitCare.Domain.Tests\AccountingWorkflowGuardTests.cs(67,0): at ChapanakitCare.Domain.Tests.AccountingWorkflowGuardTests.Failed_death_accounting_cannot_persist_deceased_status_on_later_save()
[xUnit.net 00:00:02.95]         D:\Programing\Personal Projects\Chapanakit-Care\tests\ChapanakitCare.Domain.Tests\AccountingWorkflowGuardTests.cs(69,0): at ChapanakitCare.Domain.Tests.AccountingWorkflowGuardTests.Failed_death_accounting_cannot_persist_deceased_status_on_later_save()
[xUnit.net 00:00:02.95]         --- End of stack trace from previous location ---
  Failed ChapanakitCare.Domain.Tests.AccountingWorkflowGuardTests.Registration_after_cutover_starts_unpaid_until_actual_receipt [1 s]
  Error Message:
   Assert.Equal() Failure: Values differ
Expected: 0
Actual:   30
  Stack Trace:
     at ChapanakitCare.Domain.Tests.AccountingWorkflowGuardTests.Registration_after_cutover_starts_unpaid_until_actual_receipt() in D:\Programing\Personal Projects\Chapanakit-Care\tests\ChapanakitCare.Domain.Tests\AccountingWorkflowGuardTests.cs:line 50
   at ChapanakitCare.Domain.Tests.AccountingWorkflowGuardTests.Registration_after_cutover_starts_unpaid_until_actual_receipt() in D:\Programing\Personal Projects\Chapanakit-Care\tests\ChapanakitCare.Domain.Tests\AccountingWorkflowGuardTests.cs:line 52
--- End of stack trace from previous location ---
  Failed ChapanakitCare.Domain.Tests.FinanceOperationTests.Welfare_opening_projects_verified_member_money_and_does_not_keep_legacy_paid_units [1 s]
  Error Message:
   Assert.Equal() Failure: Values differ
Expected: 1
Actual:   30
  Stack Trace:
     at ChapanakitCare.Domain.Tests.FinanceOperationTests.Welfare_opening_projects_verified_member_money_and_does_not_keep_legacy_paid_units() in D:\Programing\Personal Projects\Chapanakit-Care\tests\ChapanakitCare.Domain.Tests\FinanceOperationTests.cs:line 18
   at ChapanakitCare.Domain.Tests.FinanceOperationTests.Welfare_opening_projects_verified_member_money_and_does_not_keep_legacy_paid_units() in D:\Programing\Personal Projects\Chapanakit-Care\tests\ChapanakitCare.Domain.Tests\FinanceOperationTests.cs:line 21
--- End of stack trace from previous location ---
  Failed ChapanakitCare.Domain.Tests.AccountingWorkflowGuardTests.Active_books_preserve_member_history_and_the_four_percent_policy [288 ms]
  Error Message:
   Assert.Throws() Failure: No exception was thrown
Expected: typeof(ChapanakitCare.Infrastructure.Members.MemberValidationException)
  Stack Trace:
     at ChapanakitCare.Domain.Tests.AccountingWorkflowGuardTests.Active_books_preserve_member_history_and_the_four_percent_policy() in D:\Programing\Personal Projects\Chapanakit-Care\tests\ChapanakitCare.Domain.Tests\AccountingWorkflowGuardTests.cs:line 18
   at ChapanakitCare.Domain.Tests.AccountingWorkflowGuardTests.Active_books_preserve_member_history_and_the_four_percent_policy() in D:\Programing\Personal Projects\Chapanakit-Care\tests\ChapanakitCare.Domain.Tests\AccountingWorkflowGuardTests.cs:line 24
--- End of stack trace from previous location ---
[xUnit.net 00:00:03.21]     ChapanakitCare.Domain.Tests.AccountingWorkflowGuardTests.Active_accounting_rejects_unit_reset_without_creating_paid_balances [FAIL]
[xUnit.net 00:00:03.21]       Assert.Throws() Failure: No exception was thrown
[xUnit.net 00:00:03.21]       Expected: typeof(ChapanakitCare.Infrastructure.Members.MemberValidationException)
[xUnit.net 00:00:03.21]       Stack Trace:
[xUnit.net 00:00:03.21]         D:\Programing\Personal Projects\Chapanakit-Care\tests\ChapanakitCare.Domain.Tests\AccountingWorkflowGuardTests.cs(35,0): at ChapanakitCare.Domain.Tests.AccountingWorkflowGuardTests.Active_accounting_rejects_unit_reset_without_creating_paid_balances()
[xUnit.net 00:00:03.21]         D:\Programing\Personal Projects\Chapanakit-Care\tests\ChapanakitCare.Domain.Tests\AccountingWorkflowGuardTests.cs(38,0): at ChapanakitCare.Domain.Tests.AccountingWorkflowGuardTests.Active_accounting_rejects_unit_reset_without_creating_paid_balances()
[xUnit.net 00:00:03.21]         --- End of stack trace from previous location ---
[xUnit.net 00:00:03.21]   Finished:    ChapanakitCare.Domain.Tests
  Failed ChapanakitCare.Domain.Tests.AccountingWorkflowGuardTests.Failed_death_accounting_cannot_persist_deceased_status_on_later_save [561 ms]
  Error Message:
   Assert.Equal() Failure: Values differ
Expected: Normal
Actual:   Deceased
  Stack Trace:
     at ChapanakitCare.Domain.Tests.AccountingWorkflowGuardTests.Failed_death_accounting_cannot_persist_deceased_status_on_later_save() in D:\Programing\Personal Projects\Chapanakit-Care\tests\ChapanakitCare.Domain.Tests\AccountingWorkflowGuardTests.cs:line 67
   at ChapanakitCare.Domain.Tests.AccountingWorkflowGuardTests.Failed_death_accounting_cannot_persist_deceased_status_on_later_save() in D:\Programing\Personal Projects\Chapanakit-Care\tests\ChapanakitCare.Domain.Tests\AccountingWorkflowGuardTests.cs:line 69
--- End of stack trace from previous location ---
  Failed ChapanakitCare.Domain.Tests.AccountingWorkflowGuardTests.Active_accounting_rejects_unit_reset_without_creating_paid_balances [254 ms]
  Error Message:
   Assert.Throws() Failure: No exception was thrown
Expected: typeof(ChapanakitCare.Infrastructure.Members.MemberValidationException)
  Stack Trace:
     at ChapanakitCare.Domain.Tests.AccountingWorkflowGuardTests.Active_accounting_rejects_unit_reset_without_creating_paid_balances() in D:\Programing\Personal Projects\Chapanakit-Care\tests\ChapanakitCare.Domain.Tests\AccountingWorkflowGuardTests.cs:line 35
   at ChapanakitCare.Domain.Tests.AccountingWorkflowGuardTests.Active_accounting_rejects_unit_reset_without_creating_paid_balances() in D:\Programing\Personal Projects\Chapanakit-Care\tests\ChapanakitCare.Domain.Tests\AccountingWorkflowGuardTests.cs:line 38
--- End of stack trace from previous location ---

Test Run Failed.
Total tests: 5
     Failed: 5
 Total time: 3.7804 Seconds
